******************************************************************************
                  TI ARM Linker PC v16.9.1                     
******************************************************************************
>> Linked Fri Mar 10 17:46:53 2017

OUTPUT FILE NAME:   <Display_Parameters.out>
ENTRY POINT SYMBOL: "_c_int00"  address: 00005abd


MEMORY CONFIGURATION

         name            origin    length      used     unused   attr    fill
----------------------  --------  ---------  --------  --------  ----  --------
  FLASH                 00000000   00040000  00007ebe  00038142  R  X
  SRAM                  20000000   00008000  00001b54  000064ac  RW X


SEGMENT ALLOCATION MAP

run origin  load origin   length   init length attrs members
----------  ----------- ---------- ----------- ----- -------
00000000    00000000    00007ec0   00007ec0    r-x
  00000000    00000000    0000026c   0000026c    r-- .intvecs
  0000026c    0000026c    000061aa   000061aa    r-x .text
  00006418    00006418    00001870   00001870    r-- .const
  00007c88    00007c88    00000238   00000238    r-- .cinit
20000000    20000000    00000ee8   00000000    rw-
  20000000    20000000    00000ee8   00000000    rw- .data
20001000    20001000    00000c6c   00000000    rw-
  20001000    20001000    0000086c   00000000    rw- .bss
  2000186c    2000186c    00000400   00000000    rw- .stack


SECTION ALLOCATION MAP

 output                                  attributes/
section   page    origin      length       input sections
--------  ----  ----------  ----------   ----------------
.intvecs   0    00000000    0000026c     
                  00000000    0000026c     tm4c123gh6pm_startup_ccs.obj (.intvecs)

.text      0    0000026c    000061aa     
                  0000026c    00001118     ZC706_SPI_Display.obj (.text:main)
                  00001384    00000438     ustdlib.obj (.text:uvsnprintf)
                  000017bc    00000374     grlib.lib : image.obj (.text:Internai32ImageDraw)
                  00001b30    00000358     ZC706_SPI_Display.obj (.text:OnLEDStatusPaint)
                  00001e88    0000030c     uartstdio.obj (.text:UARTvprintf)
                  00002194    000002f4     Kentec320x240x16_ssd2119_8bit.obj (.text:Kentec320x240x16_SSD2119Init)
                  00002488    000002ba     grlib.lib : image.obj (.text:PixelTransparentDraw)
                  00002742    00000002     tm4c123gh6pm_startup_ccs.obj (.text:FaultISR)
                  00002744    0000028c     ZC706_SPI_Display.obj (.text:UpdateScope)
                  000029d0    00000266     grlib.lib : string.obj (.text:GrFontGlyphRender)
                  00002c36    00000002     tm4c123gh6pm_startup_ccs.obj (.text:IntDefaultHandler)
                  00002c38    00000224     ZC706_SPI_Display.obj (.text:OnBlockDiagramPaint)
                  00002e5c    00000218     touch.obj (.text:TouchScreenDebouncer)
                  00003074    00000208     Kentec320x240x16_ssd2119_8bit.obj (.text:Kentec320x240x16_SSD2119PixelDrawMultiple)
                  0000327c    000001b6     rtsv7M4_T_le_v4SPD16_eabi.lib : fd_add_t2.obj (.text)
                  00003432    00000188     grlib.lib : canvas.obj (.text:CanvasPaint)
                  000035ba    0000016e               : pushbutton.obj (.text:RectangularButtonPaint)
                  00003728    0000016c     ZC706_SPI_Display.obj (.text:SSI1IntHandler)
                  00003894    00000160     Kentec320x240x16_ssd2119_8bit.obj (.text:Kentec320x240x16_SSD2119RectFill)
                  000039f4    0000014c     touch.obj (.text:TouchScreenIntHandler)
                  00003b40    00000146     grlib.lib : circle.obj (.text:GrCircleFill)
                  00003c86    00000002     tm4c123gh6pm_startup_ccs.obj (.text:NmiSR)
                  00003c88    00000144     ZC706_SPI_Display.obj (.text:OnPrevious)
                  00003dcc    0000013c     ZC706_SPI_Display.obj (.text:OnDataPaint)
                  00003f08    00000136     rtsv7M4_T_le_v4SPD16_eabi.lib : fd_div_t2.obj (.text)
                  0000403e    00000002                                   : i_div0.obj (.text)
                  00004040    00000128     ZC706_SPI_Display.obj (.text:OnNext)
                  00004168    00000110     ZC706_SPI_Display.obj (.text:OnPLLButtonPress)
                  00004278    00000110     ZC706_SPI_Display.obj (.text:OnRXMSGButtonPress)
                  00004388    00000110     ZC706_SPI_Display.obj (.text:OnRxButtonPress)
                  00004498    00000110     ZC706_SPI_Display.obj (.text:OnSYNCButtonPress)
                  000045a8    00000100     grlib.lib : line.obj (.text:GrLineDraw)
                  000046a8    000000f8     touch.obj (.text:TouchScreenInit)
                  000047a0    000000f0     grlib.lib : widget.obj (.text:WidgetMessageQueueAdd)
                  00004890    000000ec               : pushbutton.obj (.text:RectangularButtonClick)
                  0000497c    000000ca               : string.obj (.text:GrDefaultStringRenderer)
                  00004a46    000000bc               : line.obj (.text:GrLineClip)
                  00004b02    000000b8     driverlib.lib : gpio.obj (.text:GPIOPadConfigSet)
                  00004bba    00000002     rtsv7M4_T_le_v4SPD16_eabi.lib : mpu_init.obj (.text)
                  00004bbc    000000b4     driverlib.lib : sysctl.obj (.text:SysCtlClockGet)
                  00004c70    000000b0     grlib.lib : widget.obj (.text:WidgetMessageSendPostOrder)
                  00004d20    0000009c     rtsv7M4_T_le_v4SPD16_eabi.lib : memcpy_t2.obj (.text)
                  00004dbc    00000098     Kentec320x240x16_ssd2119_8bit.obj (.text:InitGPIOLCDInterface)
                  00004e54    00000090     Kentec320x240x16_ssd2119_8bit.obj (.text:Kentec320x240x16_SSD2119LineDrawH)
                  00004ee4    00000090     Kentec320x240x16_ssd2119_8bit.obj (.text:Kentec320x240x16_SSD2119LineDrawV)
                  00004f74    00000086     grlib.lib : rectangle.obj (.text:GrRectFill)
                  00004ffa    00000002     rtsv7M4_T_le_v4SPD16_eabi.lib : startup.obj (.text)
                  00004ffc    0000007c     Kentec320x240x16_ssd2119_8bit.obj (.text:WriteCommandGPIO)
                  00005078    0000007a     rtsv7M4_T_le_v4SPD16_eabi.lib : memset_t2.obj (.text)
                  000050f2    00000002     --HOLE-- [fill = 0]
                  000050f4    00000078     ZC706_SPI_Display.obj (.text:OnButtonPress2)
                  0000516c    00000074     ZC706_SPI_Display.obj (.text:ConfigureUART)
                  000051e0    00000074     ZC706_SPI_Display.obj (.text:InitSPI1)
                  00005254    00000074     uartstdio.obj (.text:UARTStdioConfig)
                  000052c8    00000074     Kentec320x240x16_ssd2119_8bit.obj (.text:WriteDataGPIO)
                  0000533c    00000070     driverlib.lib : adc.obj (.text:ADCSequenceStepConfigure)
                  000053ac    00000070     ZC706_SPI_Display.obj (.text:OnSYNCStatusPaint)
                  0000541c    00000070     rtsv7M4_T_le_v4SPD16_eabi.lib : autoinit.obj (.text)
                  0000548c    0000006e                                   : fd_tos_t2.obj (.text)
                  000054fa    00000002     --HOLE-- [fill = 0]
                  000054fc    0000006c     ZC706_SPI_Display.obj (.text:OnPLLStatusPaint)
                  00005568    0000006a     grlib.lib : string.obj (.text:GrStringWidthGet)
                  000055d2    00000068     rtsv7M4_T_le_v4SPD16_eabi.lib : copy_decompress_lzss.obj (.text:decompress:lzss)
                  0000563a    00000066     grlib.lib : rectangle.obj (.text:GrRectDraw)
                  000056a0    00000064               : context.obj (.text:GrContextInit)
                  00005704    00000064     Kentec320x240x16_ssd2119_8bit.obj (.text:Kentec320x240x16_SSD2119PixelDraw)
                  00005768    00000064     grlib.lib : widget.obj (.text:WidgetMessageQueueProcess)
                  000057cc    00000064     ZC706_SPI_Display.obj (.text:float_to_int_and_fract)
                  00005830    00000062     grlib.lib : context.obj (.text:GrContextClipRegionSet)
                  00005892    00000002     --HOLE-- [fill = 0]
                  00005894    00000060     driverlib.lib : interrupt.obj (.text:IntDisable)
                  000058f4    00000060                   : interrupt.obj (.text:IntEnable)
                  00005954    0000005c     grlib.lib : string.obj (.text:FontWideGlyphDataGet)
                  000059b0    0000005c     uartstdio.obj (.text:UARTwrite)
                  00005a0c    00000058     ustdlib.obj (.text:ustrncpy)
                  00005a64    00000056     grlib.lib : widget.obj (.text:WidgetMessageSendPreOrder)
                  00005aba    00000002     --HOLE-- [fill = 0]
                  00005abc    00000054     rtsv7M4_T_le_v4SPD16_eabi.lib : boot.obj (.text)
                  00005b10    00000054                                   : exit.obj (.text)
                  00005b64    00000050     ZC706_SPI_Display.obj (.text:OnRXMSGStatusPaint)
                  00005bb4    00000050     ZC706_SPI_Display.obj (.text:OnRxStatusPaint)
                  00005c04    0000004c     grlib.lib : widget.obj (.text:WidgetRemove)
                  00005c50    0000004c     rtsv7M4_T_le_v4SPD16_eabi.lib : cpy_tbl.obj (.text)
                  00005c9c    0000004a     grlib.lib : string.obj (.text:UpdateContextCharMapping)
                  00005ce6    00000002     --HOLE-- [fill = 0]
                  00005ce8    00000048     driverlib.lib : gpio.obj (.text:GPIOPinConfigure)
                  00005d30    00000046     grlib.lib : line.obj (.text:GrLineDrawH)
                  00005d76    00000046               : line.obj (.text:GrLineDrawV)
                  00005dbc    00000042     driverlib.lib : ssi.obj (.text:SSIConfigSetExpClk)
                  00005dfe    00000002     --HOLE-- [fill = 0]
                  00005e00    00000040     ZC706_SPI_Display.obj (.text:SysTickIntHandler)
                  00005e40    00000040     rtsv7M4_T_le_v4SPD16_eabi.lib : u_divt2.obj (.text)
                  00005e80    0000003a     grlib.lib : string.obj (.text:FontGlyphDataGet)
                  00005eba    00000038     rtsv7M4_T_le_v4SPD16_eabi.lib : fs_tod_t2.obj (.text)
                  00005ef2    00000036     grlib.lib : line.obj (.text:GrClipCodeGet)
                  00005f28    00000036     ZC706_SPI_Display.obj (.text:GrStringDrawRight)
                  00005f5e    00000002     --HOLE-- [fill = 0]
                  00005f60    00000034     driverlib.lib : sysctl.obj (.text:SysCtlPeripheralEnable)
                  00005f94    00000032     ustdlib.obj (.text:usprintf)
                  00005fc6    0000002e     rtsv7M4_T_le_v4SPD16_eabi.lib : i_tofd_t2.obj (.text)
                  00005ff4    0000002c     driverlib.lib : adc.obj (.text:ADCSequenceConfigure)
                  00006020    0000002a                   : gpio.obj (.text:GPIODirModeSet)
                  0000604a    0000002a     grlib.lib : string.obj (.text:GrFontBaselineGet)
                  00006074    0000002a               : string.obj (.text:GrFontHeightGet)
                  0000609e    0000002a               : string.obj (.text:GrStringNextCharGet)
                  000060c8    0000002a               : widget.obj (.text:WidgetIsInTree)
                  000060f2    00000028     Kentec320x240x16_ssd2119_8bit.obj (.text:Kentec320x240x16_SSD2119ColorTranslate)
                  0000611a    00000002     --HOLE-- [fill = 0]
                  0000611c    00000028     driverlib.lib : timer.obj (.text:TimerConfigure)
                  00006144    00000026     grlib.lib : string.obj (.text:GrFontInfoGet)
                  0000616a    00000024     uartstdio.obj (.text:UARTprintf)
                  0000618e    00000024     grlib.lib : widget.obj (.text:WidgetAdd)
                  000061b2    00000022               : string.obj (.text:GrFontGlyphDataGet)
                  000061d4    00000022               : pushbutton.obj (.text:RectangularButtonMsgProc)
                  000061f6    0000001e               : string.obj (.text:GrFontCodepageGet)
                  00006214    0000001c               : widget.obj (.text:WidgetPointerMessage)
                  00006230    00000018     driverlib.lib : timer.obj (.text:TimerControlTrigger)
                  00006248    00000018     rtsv7M4_T_le_v4SPD16_eabi.lib : args_main.obj (.text)
                  00006260    00000014     grlib.lib : canvas.obj (.text:CanvasMsgProc)
                  00006274    00000014     touch.obj (.text:TouchScreenCallbackSet)
                  00006288    00000014     grlib.lib : widget.obj (.text:WidgetMutexGet)
                  0000629c    00000014     rtsv7M4_T_le_v4SPD16_eabi.lib : _lock.obj (.text)
                  000062b0    00000012     driverlib.lib : adc.obj (.text:ADCHardwareOversampleConfigure)
                  000062c2    00000012                   : gpio.obj (.text:GPIOPinTypeGPIOOutput)
                  000062d4    00000012                   : gpio.obj (.text:GPIOPinTypeSSI)
                  000062e6    00000012     grlib.lib : string.obj (.text:GrStringDraw)
                  000062f8    00000012     driverlib.lib : timer.obj (.text:TimerLoadSet)
                  0000630a    00000010                   : adc.obj (.text:ADCIntEnable)
                  0000631a    00000002     --HOLE-- [fill = 0]
                  0000631c    00000010                   : fpu.obj (.text:FPUEnable)
                  0000632c    00000010                   : fpu.obj (.text:FPULazyStackingEnable)
                  0000633c    00000010                   : mpu.obj (.text:MPUEnable)
                  0000634c    00000010                   : udma.obj (.text:uDMAEnable)
                  0000635c    0000000e                   : adc.obj (.text:ADCSequenceEnable)
                  0000636a    0000000e     grlib.lib : image.obj (.text:GrImageDraw)
                  00006378    0000000e     driverlib.lib : timer.obj (.text:TimerEnable)
                  00006386    0000000e     rtsv7M4_T_le_v4SPD16_eabi.lib : copy_decompress_none.obj (.text:decompress:none)
                  00006394    0000000c     driverlib.lib : ssi.obj (.text:SSIDataGet)
                  000063a0    0000000c     rtsv7M4_T_le_v4SPD16_eabi.lib : copy_zero_init.obj (.text:decompress:ZI)
                  000063ac    0000000c     driverlib.lib : udma.obj (.text:uDMAControlBaseSet)
                  000063b8    0000000a     Kentec320x240x16_ssd2119_8bit.obj (.text:Kentec320x240x16_SSD2119Flush)
                  000063c2    0000000a     driverlib.lib : ssi.obj (.text:SSIEnable)
                  000063cc    0000000a                   : ssi.obj (.text:SSIIntStatus)
                  000063d6    00000008     grlib.lib : charmap.obj (.text:GrMapISO8859_1_Unicode)
                  000063de    00000008     driverlib.lib : ssi.obj (.text:SSIIntEnable)
                  000063e6    00000006                   : gpio.obj (.text:GPIOPinWrite)
                  000063ec    00000006     grlib.lib : string.obj (.text:GrContextFontSet)
                  000063f2    00000006     tm4c123gh6pm_startup_ccs.obj (.text:ResetISR)
                  000063f8    00000006     driverlib.lib : sysctl.obj (.text:SysCtlDelay)
                  000063fe    00000006                   : uart.obj (.text:UARTClockSourceSet)
                  00006404    00000006     grlib.lib : widget.obj (.text:WidgetMutexPut)
                  0000640a    00000004     driverlib.lib : ssi.obj (.text:SSIIntClear)
                  0000640e    00000004     grlib.lib : widget.obj (.text:WidgetDefaultMsgProc)
                  00006412    00000004     rtsv7M4_T_le_v4SPD16_eabi.lib : pre_init.obj (.text)

.const     0    00006418    00001870     
                  00006418    0000095e     grlib.lib : fontcm20.obj (.const:.string:g_pui8Cm20Data)
                  00006d76    00000002     --HOLE-- [fill = 0]
                  00006d78    0000065a               : fontcm14.obj (.const:.string:g_pui8Cm14Data)
                  000073d2    00000210     images.obj (.const:.string:g_pucBlue50x50)
                  000075e2    0000020e     images.obj (.const:.string:g_pucBlue50x50Press)
                  000077f0    000000fa     ZC706_SPI_Display.obj (.const:.string)
                  000078ea    00000002     --HOLE-- [fill = 0]
                  000078ec    000000c8     grlib.lib : fontcm14.obj (.const:g_sFontCm14)
                  000079b4    000000c8               : fontcm20.obj (.const:g_sFontCm20)
                  00007a7c    00000078     driverlib.lib : gpio.obj (.const:g_pui32GPIOBaseAddrs)
                  00007af4    00000070                   : interrupt.obj (.const)
                  00007b64    0000006c                   : sysctl.obj (.const:g_pui32Xtals)
                  00007bd0    00000038     touch.obj (.const:g_lTouchParameters)
                  00007c08    00000028     Kentec320x240x16_ssd2119_8bit.obj (.const:g_sKentec320x240x16_SSD2119)
                  00007c30    00000012     uartstdio.obj (.const:.string)
                  00007c42    00000002     --HOLE-- [fill = 0]
                  00007c44    00000012     ustdlib.obj (.const:.string)
                  00007c56    00000002     --HOLE-- [fill = 0]
                  00007c58    00000010     grlib.lib : context.obj (.const)
                  00007c68    0000000c     uartstdio.obj (.const:g_ui32UARTBase)
                  00007c74    0000000c     uartstdio.obj (.const:g_ui32UARTPeriph)
                  00007c80    00000004     uartstdio.obj (.const)
                  00007c84    00000004     ustdlib.obj (.const)

.cinit     0    00007c88    00000238     
                  00007c88    00000210     (.cinit..data.load) [load image, compression = lzss]
                  00007e98    0000000c     (__TI_handler_table)
                  00007ea4    00000004     --HOLE-- [fill = 0]
                  00007ea8    00000008     (.cinit..bss.load) [load image, compression = zero_init]
                  00007eb0    00000010     (__TI_cinit_table)

.init_array 
*          0    00000000    00000000     UNINITIALIZED

.data      0    20000000    00000ee8     UNINITIALIZED
                  20000000    00000280     ZC706_SPI_Display.obj (.data:g_psPanels)
                  20000280    00000280     ZC706_SPI_Display.obj (.data:g_psPushButtons2)
                  20000500    00000140     ZC706_SPI_Display.obj (.data:iAGC_Curve)
                  20000640    00000140     ZC706_SPI_Display.obj (.data:iCRC_Curve)
                  20000780    00000140     ZC706_SPI_Display.obj (.data:iFrame_Curve)
                  200008c0    00000140     ZC706_SPI_Display.obj (.data:iHold_Curve)
                  20000a00    00000140     ZC706_SPI_Display.obj (.data:iLock_Curve)
                  20000b40    00000080     ZC706_SPI_Display.obj (.data:g_psButtonCanvas)
                  20000bc0    00000050     ZC706_SPI_Display.obj (.data:g_sNext)
                  20000c10    00000050     ZC706_SPI_Display.obj (.data:g_sPrevious)
                  20000c60    00000048     ZC706_SPI_Display.obj (.data)
                  20000ca8    00000040     ZC706_SPI_Display.obj (.data:g_sLED_Display)
                  20000ce8    00000040     ZC706_SPI_Display.obj (.data:g_sPLLStatus)
                  20000d28    00000040     ZC706_SPI_Display.obj (.data:g_sRXMSGStatus)
                  20000d68    00000040     ZC706_SPI_Display.obj (.data:g_sRxStatus)
                  20000da8    00000040     ZC706_SPI_Display.obj (.data:g_sSYNCStatus)
                  20000de8    00000040     ZC706_SPI_Display.obj (.data:g_sStatusData)
                  20000e28    00000040     ZC706_SPI_Display.obj (.data:g_sTitle)
                  20000e68    0000002d     grlib.lib : widget.obj (.data)
                  20000e95    00000003     --HOLE--
                  20000e98    00000024     ZC706_SPI_Display.obj (.data:g_pcPanelNames)
                  20000ebc    0000000c     rtsv7M4_T_le_v4SPD16_eabi.lib : exit.obj (.data:$O1$$)
                  20000ec8    00000008                                   : _lock.obj (.data:$O1$$)
                  20000ed0    00000008     Kentec320x240x16_ssd2119_8bit.obj (.data)
                  20000ed8    00000005     uartstdio.obj (.data)
                  20000edd    00000003     --HOLE--
                  20000ee0    00000004     rtsv7M4_T_le_v4SPD16_eabi.lib : stkdepth_vars.obj (.data)
                  20000ee4    00000004     touch.obj (.data)

.bss       0    20001000    0000086c     UNINITIALIZED
                  20001000    00000400     (.common:sDMAControlTable)
                  20001400    00000200     (.common:g_ulDataRx2)
                  20001600    00000140     grlib.lib : widget.obj (.bss:g_psMQ)
                  20001740    00000020               : image.obj (.bss)
                  20001760    00000014     ZC706_SPI_Display.obj (.bss:val10_string)
                  20001774    00000014     ZC706_SPI_Display.obj (.bss:val8_string)
                  20001788    00000014     ZC706_SPI_Display.obj (.bss:val9_string)
                  2000179c    00000014     ZC706_SPI_Display.obj (.bss:val_AGC_Str)
                  200017b0    00000014     ZC706_SPI_Display.obj (.bss:val_BER_Str)
                  200017c4    00000014     ZC706_SPI_Display.obj (.bss:val_CRC_Str)
                  200017d8    00000014     ZC706_SPI_Display.obj (.bss:val_EVM_Str)
                  200017ec    00000014     ZC706_SPI_Display.obj (.bss:val_FRAME_Str)
                  20001800    00000014     ZC706_SPI_Display.obj (.bss:val_HOLD_Str)
                  20001814    00000014     ZC706_SPI_Display.obj (.bss:val_LOCK_Str)
                  20001828    00000010     touch.obj (.bss:g_psSamples)
                  20001838    0000000c     (.common:g_pui32Colors)
                  20001844    00000008     touch.obj (.bss)
                  2000184c    00000004     grlib.lib : context.obj (.bss)
                  20001850    00000004     (.common:g_plParmSet)
                  20001854    00000004     (.common:g_ulButtonState)
                  20001858    00000004     (.common:g_ulButtonState2)
                  2000185c    00000004     (.common:g_ulPanel)
                  20001860    00000004     (.common:g_ulPreviousPanel)
                  20001864    00000004     (.common:my_noise)
                  20001868    00000002     (.common:g_sTouchX)
                  2000186a    00000002     (.common:g_sTouchY)

.stack     0    2000186c    00000400     UNINITIALIZED
                  2000186c    00000400     --HOLE--

MODULE SUMMARY

       Module                              code    ro data   rw data
       ------                              ----    -------   -------
    .\
       ZC706_SPI_Display.obj               9770    250       5492   
       Kentec320x240x16_ssd2119_8bit.obj   2458    40        8      
       ustdlib.obj                         1218    22        0      
       touch.obj                           1136    56        36     
       images.obj                          0       1054      0      
       tm4c123gh6pm_startup_ccs.obj        12      620       0      
    +--+-----------------------------------+-------+---------+---------+
       Total:                              14594   2042      5536   
                                                                    
    .\utils\
       uartstdio.obj                       1024    46        5      
    +--+-----------------------------------+-------+---------+---------+
       Total:                              1024    46        5      
                                                                    
    C:/ti/TivaWare_C_Series-1.0/driverlib/ccs/Debug/driverlib.lib
       gpio.obj                            340     120       0      
       sysctl.obj                          238     108       0      
       interrupt.obj                       192     112       0      
       adc.obj                             204     0         0      
       ssi.obj                             110     0         0      
       timer.obj                           96      0         0      
       fpu.obj                             32      0         0      
       udma.obj                            28      0         0      
       mpu.obj                             16      0         0      
       uart.obj                            6       0         0      
    +--+-----------------------------------+-------+---------+---------+
       Total:                              1262    340       0      
                                                                    
    C:/ti/TivaWare_C_Series-1.0/grlib/ccs/Debug/grlib.lib
       fontcm20.obj                        0       2598      0      
       fontcm14.obj                        0       1826      0      
       image.obj                           1596    0         32     
       string.obj                          1398    0         0      
       widget.obj                          814     0         365    
       line.obj                            638     0         0      
       pushbutton.obj                      636     0         0      
       canvas.obj                          412     0         0      
       circle.obj                          326     0         0      
       rectangle.obj                       236     0         0      
       context.obj                         198     16        4      
       charmap.obj                         8       0         0      
    +--+-----------------------------------+-------+---------+---------+
       Total:                              6262    4440      401    
                                                                    
    D:\ti\ccsv7\tools\compiler\ti-cgt-arm_16.9.1.LTS\lib\rtsv7M4_T_le_v4SPD16_eabi.lib
       fd_add_t2.obj                       438     0         0      
       fd_div_t2.obj                       310     0         0      
       memcpy_t2.obj                       156     0         0      
       memset_t2.obj                       122     0         0      
       autoinit.obj                        112     0         0      
       fd_tos_t2.obj                       110     0         0      
       copy_decompress_lzss.obj            104     0         0      
       exit.obj                            84      0         12     
       boot.obj                            84      0         0      
       cpy_tbl.obj                         76      0         0      
       u_divt2.obj                         64      0         0      
       fs_tod_t2.obj                       56      0         0      
       i_tofd_t2.obj                       46      0         0      
       _lock.obj                           20      0         8      
       args_main.obj                       24      0         0      
       copy_decompress_none.obj            14      0         0      
       copy_zero_init.obj                  12      0         0      
       pre_init.obj                        4       0         0      
       stkdepth_vars.obj                   0       0         4      
       i_div0.obj                          2       0         0      
       mpu_init.obj                        2       0         0      
       startup.obj                         2       0         0      
    +--+-----------------------------------+-------+---------+---------+
       Total:                              1842    0         24     
                                                                    
       Stack:                              0       0         1024   
       Linker Generated:                   0       564       0      
    +--+-----------------------------------+-------+---------+---------+
       Grand Total:                        24984   7432      6990   


LINKER GENERATED COPY TABLES

__TI_cinit_table @ 00007eb0 records: 2, size/record: 8, table size: 16
	.data: load addr=00007c88, load size=00000210 bytes, run addr=20000000, run size=00000ee8 bytes, compression=lzss
	.bss: load addr=00007ea8, load size=00000008 bytes, run addr=20001000, run size=0000086c bytes, compression=zero_init


LINKER GENERATED HANDLER TABLE

__TI_handler_table @ 00007e98 records: 3, size/record: 4, table size: 12
	index: 0, handler: __TI_decompress_lzss
	index: 1, handler: __TI_decompress_none
	index: 2, handler: __TI_zero_init


GLOBAL SYMBOLS: SORTED ALPHABETICALLY BY Name 

address   name                           
-------   ----                           
000062b1  ADCHardwareOversampleConfigure 
0000630b  ADCIntEnable                   
00005ff5  ADCSequenceConfigure           
0000635d  ADCSequenceEnable              
0000533d  ADCSequenceStepConfigure       
00005b11  C$$EXIT                        
00006261  CanvasMsgProc                  
0000516d  ConfigureUART                  
0000631d  FPUEnable                      
0000632d  FPULazyStackingEnable          
00006021  GPIODirModeSet                 
00004b03  GPIOPadConfigSet               
00005ce9  GPIOPinConfigure               
000062c3  GPIOPinTypeGPIOOutput          
000062d5  GPIOPinTypeSSI                 
000063e7  GPIOPinWrite                   
00003b41  GrCircleFill                   
00005831  GrContextClipRegionSet         
000063ed  GrContextFontSet               
000056a1  GrContextInit                  
0000497d  GrDefaultStringRenderer        
0000604b  GrFontBaselineGet              
000061f7  GrFontCodepageGet              
000061b3  GrFontGlyphDataGet             
000029d1  GrFontGlyphRender              
00006075  GrFontHeightGet                
00006145  GrFontInfoGet                  
0000636b  GrImageDraw                    
000045a9  GrLineDraw                     
00005d31  GrLineDrawH                    
00005d77  GrLineDrawV                    
000063d7  GrMapISO8859_1_Unicode         
0000563b  GrRectDraw                     
00004f75  GrRectFill                     
000062e7  GrStringDraw                   
00005f29  GrStringDrawRight              
0000609f  GrStringNextCharGet            
00005569  GrStringWidthGet               
000051e1  InitSPI1                       
00005895  IntDisable                     
000058f5  IntEnable                      
00002195  Kentec320x240x16_SSD2119Init   
0000633d  MPUEnable                      
00002c39  OnBlockDiagramPaint            
000050f5  OnButtonPress2                 
00003dcd  OnDataPaint                    
00001b31  OnLEDStatusPaint               
00004041  OnNext                         
00004169  OnPLLButtonPress               
000054fd  OnPLLStatusPaint               
00003c89  OnPrevious                     
00004279  OnRXMSGButtonPress             
00005b65  OnRXMSGStatusPaint             
00004389  OnRxButtonPress                
00005bb5  OnRxStatusPaint                
00004499  OnSYNCButtonPress              
000053ad  OnSYNCStatusPaint              
000061d5  RectangularButtonMsgProc       
000063f3  ResetISR                       
UNDEFED   SHT$$INIT_ARRAY$$Base          
UNDEFED   SHT$$INIT_ARRAY$$Limit         
00003729  SSI1IntHandler                 
00005dbd  SSIConfigSetExpClk             
00006395  SSIDataGet                     
000063c3  SSIEnable                      
0000640b  SSIIntClear                    
000063df  SSIIntEnable                   
000063cd  SSIIntStatus                   
00004bbd  SysCtlClockGet                 
000063f9  SysCtlDelay                    
00005f61  SysCtlPeripheralEnable         
00005e01  SysTickIntHandler              
20000ca0  SysTick_Semafore               
0000611d  TimerConfigure                 
00006231  TimerControlTrigger            
00006379  TimerEnable                    
000062f9  TimerLoadSet                   
00006275  TouchScreenCallbackSet         
000046a9  TouchScreenInit                
000039f5  TouchScreenIntHandler          
000063ff  UARTClockSourceSet             
00005255  UARTStdioConfig                
0000616b  UARTprintf                     
00001e89  UARTvprintf                    
000059b1  UARTwrite                      
00002745  UpdateScope                    
0000618f  WidgetAdd                      
0000640f  WidgetDefaultMsgProc           
000047a1  WidgetMessageQueueAdd          
00005769  WidgetMessageQueueProcess      
00004c71  WidgetMessageSendPostOrder     
00005a65  WidgetMessageSendPreOrder      
00006289  WidgetMutexGet                 
00006405  WidgetMutexPut                 
00006215  WidgetPointerMessage           
00005c05  WidgetRemove                   
20000ed4  WriteCommand                   
20000ed0  WriteData                      
20001c6c  __STACK_END                    
00000400  __STACK_SIZE                   
20001a6c  __STACK_TOP                    
00007eb0  __TI_CINIT_Base                
00007ec0  __TI_CINIT_Limit               
00007e98  __TI_Handler_Table_Base        
00007ea4  __TI_Handler_Table_Limit       
0000541d  __TI_auto_init                 
20000ebc  __TI_cleanup_ptr               
000055d3  __TI_decompress_lzss           
00006387  __TI_decompress_none           
20000ec0  __TI_dtors_ptr                 
20000ec4  __TI_enable_exit_profile_output
ffffffff  __TI_pprof_out_hndl            
ffffffff  __TI_prof_data_size            
ffffffff  __TI_prof_data_start           
00000000  __TI_static_base__             
000063a1  __TI_zero_init                 
0000548d  __aeabi_d2f                    
00003287  __aeabi_dadd                   
00003f09  __aeabi_ddiv                   
0000327d  __aeabi_dsub                   
00005ebb  __aeabi_f2d                    
00005fc7  __aeabi_i2d                    
0000403f  __aeabi_idiv0                  
00005079  __aeabi_memclr                 
00005079  __aeabi_memclr4                
00005079  __aeabi_memclr8                
00004d21  __aeabi_memcpy                 
00004d21  __aeabi_memcpy4                
00004d21  __aeabi_memcpy8                
0000507b  __aeabi_memset                 
0000507b  __aeabi_memset4                
0000507b  __aeabi_memset8                
00005e41  __aeabi_uidiv                  
00005e41  __aeabi_uidivmod               
ffffffff  __binit__                      
ffffffff  __c_args__                     
00004bbb  __mpu_init                     
2000186c  __stack                        
00006249  _args_main                     
00005abd  _c_int00                       
20000ec8  _lock                          
000062ab  _nop                           
000062a3  _register_lock                 
0000629d  _register_unlock               
00004ffb  _system_post_cinit             
00006413  _system_pre_init               
20000ecc  _unlock                        
00005b15  abort                          
ffffffff  binit                          
00005c51  copy_in                        
00005b1d  exit                           
20000c84  fADC_Val                       
20000c6c  fAGC                           
20000c60  fBER                           
20000c80  fCRC                           
20000c78  fEVM                           
20000c7c  fFrame                         
20000c74  fHold                          
20000c70  fLock                          
20000c88  fRsense                        
20000c64  fTemp2                         
20000c68  fTempInt                       
20000c8c  fVref0                         
20000c90  fVref1                         
20000c94  fVref2                         
20000c98  fVref3                         
000057cd  float_to_int_and_fract         
00007bd0  g_lTouchParameters             
20000e98  g_pcPanelNames                 
00000000  g_pfnVectors                   
20001850  g_plParmSet                    
20000b40  g_psButtonCanvas               
00007c58  g_psDefaultCodePointMapTable   
20000000  g_psPanels                     
20000280  g_psPushButtons2               
000073d2  g_pucBlue50x50                 
000075e2  g_pucBlue50x50Press            
20001838  g_pui32Colors                  
000078ec  g_sFontCm14                    
000079b4  g_sFontCm20                    
00007c08  g_sKentec320x240x16_SSD2119    
20000ca8  g_sLED_Display                 
20000bc0  g_sNext                        
20000ce8  g_sPLLStatus                   
20000c10  g_sPrevious                    
20000d28  g_sRXMSGStatus                 
20000e68  g_sRoot                        
20000d68  g_sRxStatus                    
20000da8  g_sSYNCStatus                  
20000de8  g_sStatusData                  
20000e28  g_sTitle                       
20000ee4  g_sTouchMin                    
20001868  g_sTouchX                      
2000186a  g_sTouchY                      
20001854  g_ulButtonState                
20001858  g_ulButtonState2               
20001400  g_ulDataRx2                    
2000185c  g_ulPanel                      
20001860  g_ulPreviousPanel              
20000ca4  g_ulSSI1RXFF                   
20000c9e  i16average                     
20000500  iAGC_Curve                     
20000640  iCRC_Curve                     
20000780  iFrame_Curve                   
200008c0  iHold_Curve                    
20000a00  iLock_Curve                    
20000c9c  i_counter                      
0000026d  main                           
20000ee0  main_func_sp                   
00004d21  memcpy                         
00005081  memset                         
20001864  my_noise                       
20001000  sDMAControlTable               
000063ad  uDMAControlBaseSet             
0000634d  uDMAEnable                     
00005f95  usprintf                       
00005a0d  ustrncpy                       
00001385  uvsnprintf                     


GLOBAL SYMBOLS: SORTED BY Symbol Address 

address   name                           
-------   ----                           
00000000  __TI_static_base__             
00000000  g_pfnVectors                   
0000026d  main                           
00000400  __STACK_SIZE                   
00001385  uvsnprintf                     
00001b31  OnLEDStatusPaint               
00001e89  UARTvprintf                    
00002195  Kentec320x240x16_SSD2119Init   
00002745  UpdateScope                    
000029d1  GrFontGlyphRender              
00002c39  OnBlockDiagramPaint            
0000327d  __aeabi_dsub                   
00003287  __aeabi_dadd                   
00003729  SSI1IntHandler                 
000039f5  TouchScreenIntHandler          
00003b41  GrCircleFill                   
00003c89  OnPrevious                     
00003dcd  OnDataPaint                    
00003f09  __aeabi_ddiv                   
0000403f  __aeabi_idiv0                  
00004041  OnNext                         
00004169  OnPLLButtonPress               
00004279  OnRXMSGButtonPress             
00004389  OnRxButtonPress                
00004499  OnSYNCButtonPress              
000045a9  GrLineDraw                     
000046a9  TouchScreenInit                
000047a1  WidgetMessageQueueAdd          
0000497d  GrDefaultStringRenderer        
00004b03  GPIOPadConfigSet               
00004bbb  __mpu_init                     
00004bbd  SysCtlClockGet                 
00004c71  WidgetMessageSendPostOrder     
00004d21  __aeabi_memcpy                 
00004d21  __aeabi_memcpy4                
00004d21  __aeabi_memcpy8                
00004d21  memcpy                         
00004f75  GrRectFill                     
00004ffb  _system_post_cinit             
00005079  __aeabi_memclr                 
00005079  __aeabi_memclr4                
00005079  __aeabi_memclr8                
0000507b  __aeabi_memset                 
0000507b  __aeabi_memset4                
0000507b  __aeabi_memset8                
00005081  memset                         
000050f5  OnButtonPress2                 
0000516d  ConfigureUART                  
000051e1  InitSPI1                       
00005255  UARTStdioConfig                
0000533d  ADCSequenceStepConfigure       
000053ad  OnSYNCStatusPaint              
0000541d  __TI_auto_init                 
0000548d  __aeabi_d2f                    
000054fd  OnPLLStatusPaint               
00005569  GrStringWidthGet               
000055d3  __TI_decompress_lzss           
0000563b  GrRectDraw                     
000056a1  GrContextInit                  
00005769  WidgetMessageQueueProcess      
000057cd  float_to_int_and_fract         
00005831  GrContextClipRegionSet         
00005895  IntDisable                     
000058f5  IntEnable                      
000059b1  UARTwrite                      
00005a0d  ustrncpy                       
00005a65  WidgetMessageSendPreOrder      
00005abd  _c_int00                       
00005b11  C$$EXIT                        
00005b15  abort                          
00005b1d  exit                           
00005b65  OnRXMSGStatusPaint             
00005bb5  OnRxStatusPaint                
00005c05  WidgetRemove                   
00005c51  copy_in                        
00005ce9  GPIOPinConfigure               
00005d31  GrLineDrawH                    
00005d77  GrLineDrawV                    
00005dbd  SSIConfigSetExpClk             
00005e01  SysTickIntHandler              
00005e41  __aeabi_uidiv                  
00005e41  __aeabi_uidivmod               
00005ebb  __aeabi_f2d                    
00005f29  GrStringDrawRight              
00005f61  SysCtlPeripheralEnable         
00005f95  usprintf                       
00005fc7  __aeabi_i2d                    
00005ff5  ADCSequenceConfigure           
00006021  GPIODirModeSet                 
0000604b  GrFontBaselineGet              
00006075  GrFontHeightGet                
0000609f  GrStringNextCharGet            
0000611d  TimerConfigure                 
00006145  GrFontInfoGet                  
0000616b  UARTprintf                     
0000618f  WidgetAdd                      
000061b3  GrFontGlyphDataGet             
000061d5  RectangularButtonMsgProc       
000061f7  GrFontCodepageGet              
00006215  WidgetPointerMessage           
00006231  TimerControlTrigger            
00006249  _args_main                     
00006261  CanvasMsgProc                  
00006275  TouchScreenCallbackSet         
00006289  WidgetMutexGet                 
0000629d  _register_unlock               
000062a3  _register_lock                 
000062ab  _nop                           
000062b1  ADCHardwareOversampleConfigure 
000062c3  GPIOPinTypeGPIOOutput          
000062d5  GPIOPinTypeSSI                 
000062e7  GrStringDraw                   
000062f9  TimerLoadSet                   
0000630b  ADCIntEnable                   
0000631d  FPUEnable                      
0000632d  FPULazyStackingEnable          
0000633d  MPUEnable                      
0000634d  uDMAEnable                     
0000635d  ADCSequenceEnable              
0000636b  GrImageDraw                    
00006379  TimerEnable                    
00006387  __TI_decompress_none           
00006395  SSIDataGet                     
000063a1  __TI_zero_init                 
000063ad  uDMAControlBaseSet             
000063c3  SSIEnable                      
000063cd  SSIIntStatus                   
000063d7  GrMapISO8859_1_Unicode         
000063df  SSIIntEnable                   
000063e7  GPIOPinWrite                   
000063ed  GrContextFontSet               
000063f3  ResetISR                       
000063f9  SysCtlDelay                    
000063ff  UARTClockSourceSet             
00006405  WidgetMutexPut                 
0000640b  SSIIntClear                    
0000640f  WidgetDefaultMsgProc           
00006413  _system_pre_init               
000073d2  g_pucBlue50x50                 
000075e2  g_pucBlue50x50Press            
000078ec  g_sFontCm14                    
000079b4  g_sFontCm20                    
00007bd0  g_lTouchParameters             
00007c08  g_sKentec320x240x16_SSD2119    
00007c58  g_psDefaultCodePointMapTable   
00007e98  __TI_Handler_Table_Base        
00007ea4  __TI_Handler_Table_Limit       
00007eb0  __TI_CINIT_Base                
00007ec0  __TI_CINIT_Limit               
20000000  g_psPanels                     
20000280  g_psPushButtons2               
20000500  iAGC_Curve                     
20000640  iCRC_Curve                     
20000780  iFrame_Curve                   
200008c0  iHold_Curve                    
20000a00  iLock_Curve                    
20000b40  g_psButtonCanvas               
20000bc0  g_sNext                        
20000c10  g_sPrevious                    
20000c60  fBER                           
20000c64  fTemp2                         
20000c68  fTempInt                       
20000c6c  fAGC                           
20000c70  fLock                          
20000c74  fHold                          
20000c78  fEVM                           
20000c7c  fFrame                         
20000c80  fCRC                           
20000c84  fADC_Val                       
20000c88  fRsense                        
20000c8c  fVref0                         
20000c90  fVref1                         
20000c94  fVref2                         
20000c98  fVref3                         
20000c9c  i_counter                      
20000c9e  i16average                     
20000ca0  SysTick_Semafore               
20000ca4  g_ulSSI1RXFF                   
20000ca8  g_sLED_Display                 
20000ce8  g_sPLLStatus                   
20000d28  g_sRXMSGStatus                 
20000d68  g_sRxStatus                    
20000da8  g_sSYNCStatus                  
20000de8  g_sStatusData                  
20000e28  g_sTitle                       
20000e68  g_sRoot                        
20000e98  g_pcPanelNames                 
20000ebc  __TI_cleanup_ptr               
20000ec0  __TI_dtors_ptr                 
20000ec4  __TI_enable_exit_profile_output
20000ec8  _lock                          
20000ecc  _unlock                        
20000ed0  WriteData                      
20000ed4  WriteCommand                   
20000ee0  main_func_sp                   
20000ee4  g_sTouchMin                    
20001000  sDMAControlTable               
20001400  g_ulDataRx2                    
20001838  g_pui32Colors                  
20001850  g_plParmSet                    
20001854  g_ulButtonState                
20001858  g_ulButtonState2               
2000185c  g_ulPanel                      
20001860  g_ulPreviousPanel              
20001864  my_noise                       
20001868  g_sTouchX                      
2000186a  g_sTouchY                      
2000186c  __stack                        
20001a6c  __STACK_TOP                    
20001c6c  __STACK_END                    
ffffffff  __TI_pprof_out_hndl            
ffffffff  __TI_prof_data_size            
ffffffff  __TI_prof_data_start           
ffffffff  __binit__                      
ffffffff  __c_args__                     
ffffffff  binit                          
UNDEFED   SHT$$INIT_ARRAY$$Base          
UNDEFED   SHT$$INIT_ARRAY$$Limit         

[218 symbols]
