******************************************************************************
                  TI ARM Linker PC v16.9.1                     
******************************************************************************
>> Linked Thu Apr 06 16:50:05 2017

OUTPUT FILE NAME:   <Display_Parameters.out>
ENTRY POINT SYMBOL: "_c_int00"  address: 0002fe91


MEMORY CONFIGURATION

         name            origin    length      used     unused   attr    fill
----------------------  --------  ---------  --------  --------  ----  --------
  FLASH                 00000000   00040000  00030aa2  0000f55e  R  X
  SRAM                  20000000   00008000  00001c2c  000063d4  RW X


SEGMENT ALLOCATION MAP

run origin  load origin   length   init length attrs members
----------  ----------- ---------- ----------- ----- -------
00000000    00000000    00030aa8   00030aa8    r-x
  00000000    00000000    0000026c   0000026c    r-- .intvecs
  00000270    00000270    000284f4   000284f4    r-- .const
  00028764    00028764    000080b2   000080b2    r-x .text
  00030818    00030818    00000290   00000290    r-- .cinit
20000000    20000000    00000fc8   00000000    rw-
  20000000    20000000    00000fbc   00000000    rw- .data
  20000fc0    20000fc0    00000008   00000000    rw- .sysmem
20001000    20001000    00000c68   00000000    rw-
  20001000    20001000    00000868   00000000    rw- .bss
  20001868    20001868    00000400   00000000    rw- .stack


SECTION ALLOCATION MAP

 output                                  attributes/
section   page    origin      length       input sections
--------  ----  ----------  ----------   ----------------
.intvecs   0    00000000    0000026c     
                  00000000    0000026c     tm4c123gh6pm_startup_ccs.obj (.intvecs)

.const     0    00000270    000284f4     
                  00000270    00012f03     flower320x240.obj (.const:.string:g_pui_Flower_Image)
                  00013173    00012edc     lightning320x240.obj (.const:.string:g_pui_Lightning_Image)
                  0002604f    00000001     --HOLE-- [fill = 0]
                  00026050    0000095e     grlib.lib : fontcm20.obj (.const:.string:g_pui8Cm20Data)
                  000269ae    00000002     --HOLE-- [fill = 0]
                  000269b0    00000759               : fontcm16.obj (.const:.string:g_pui8Cm16Data)
                  00027109    00000003     --HOLE-- [fill = 0]
                  0002710c    0000065a               : fontcm14.obj (.const:.string:g_pui8Cm14Data)
                  00027766    00000002     --HOLE-- [fill = 0]
                  00027768    0000055f               : fontcm12.obj (.const:.string:g_pui8Cm12Data)
                  00027cc7    00000210     images.obj (.const:.string:g_pucBlue50x50)
                  00027ed7    0000020e     images.obj (.const:.string:g_pucBlue50x50Press)
                  000280e5    00000003     --HOLE-- [fill = 0]
                  000280e8    0000011e     ZC706_SPI_Display.obj (.const:.string)
                  00028206    00000002     --HOLE-- [fill = 0]
                  00028208    000000c8     grlib.lib : fontcm12.obj (.const:g_sFontCm12)
                  000282d0    000000c8               : fontcm14.obj (.const:g_sFontCm14)
                  00028398    000000c8               : fontcm16.obj (.const:g_sFontCm16)
                  00028460    000000c8               : fontcm20.obj (.const:g_sFontCm20)
                  00028528    00000078     driverlib.lib : gpio.obj (.const:g_pui32GPIOBaseAddrs)
                  000285a0    00000070                   : interrupt.obj (.const)
                  00028610    0000006c                   : sysctl.obj (.const:g_pui32Xtals)
                  0002867c    00000038     touch.obj (.const:g_lTouchParameters)
                  000286b4    00000004     uartstdio.obj (.const)
                  000286b8    00000030     rtsv7M4_T_le_v4SPD16_eabi.lib : e_pow.obj (.const:$O1$$)
                  000286e8    00000028     Kentec320x240x16_ssd2119_8bit.obj (.const:g_sKentec320x240x16_SSD2119)
                  00028710    00000012     uartstdio.obj (.const:.string)
                  00028722    00000002     --HOLE-- [fill = 0]
                  00028724    00000012     ustdlib.obj (.const:.string)
                  00028736    00000002     --HOLE-- [fill = 0]
                  00028738    00000010     grlib.lib : context.obj (.const)
                  00028748    0000000c     uartstdio.obj (.const:g_ui32UARTBase)
                  00028754    0000000c     uartstdio.obj (.const:g_ui32UARTPeriph)
                  00028760    00000004     ustdlib.obj (.const)

.text      0    00028764    000080b2     
                  00028764    000016fc     ZC706_SPI_Display.obj (.text:main)
                  00029e60    000009ac     rtsv7M4_T_le_v4SPD16_eabi.lib : e_pow.obj (.text)
                  0002a80c    00000438     ustdlib.obj (.text:uvsnprintf)
                  0002ac44    000003d0     rtsv7M4_T_le_v4SPD16_eabi.lib : memory.obj (.text)
                  0002b014    00000390     ZC706_SPI_Display.obj (.text:UpdateScope)
                  0002b3a4    00000374     grlib.lib : image.obj (.text:Internai32ImageDraw)
                  0002b718    00000358     ZC706_SPI_Display.obj (.text:OnLEDStatusPaint)
                  0002ba70    0000030c     uartstdio.obj (.text:UARTvprintf)
                  0002bd7c    000002f8     rtsv7M4_T_le_v4SPD16_eabi.lib : e_log10.obj (.text)
                  0002c074    000002f4     Kentec320x240x16_ssd2119_8bit.obj (.text:Kentec320x240x16_SSD2119Init)
                  0002c368    000002ba     grlib.lib : image.obj (.text:PixelTransparentDraw)
                  0002c622    00000266               : string.obj (.text:GrFontGlyphRender)
                  0002c888    00000224     ZC706_SPI_Display.obj (.text:OnBlockDiagramPaint)
                  0002caac    00000218     touch.obj (.text:TouchScreenDebouncer)
                  0002ccc4    00000208     Kentec320x240x16_ssd2119_8bit.obj (.text:Kentec320x240x16_SSD2119PixelDrawMultiple)
                  0002cecc    000001b6     rtsv7M4_T_le_v4SPD16_eabi.lib : fd_add_t2.obj (.text)
                  0002d082    00000188     grlib.lib : canvas.obj (.text:CanvasPaint)
                  0002d20a    00000002     tm4c123gh6pm_startup_ccs.obj (.text:FaultISR)
                  0002d20c    00000170     rtsv7M4_T_le_v4SPD16_eabi.lib : e_sqrt.obj (.text)
                  0002d37c    0000016e     grlib.lib : pushbutton.obj (.text:RectangularButtonPaint)
                  0002d4ea    00000002     tm4c123gh6pm_startup_ccs.obj (.text:IntDefaultHandler)
                  0002d4ec    0000016c     ZC706_SPI_Display.obj (.text:SSI1IntHandler)
                  0002d658    00000160     Kentec320x240x16_ssd2119_8bit.obj (.text:Kentec320x240x16_SSD2119RectFill)
                  0002d7b8    0000014c     ZC706_SPI_Display.obj (.text:OnDataPaint)
                  0002d904    0000014c     touch.obj (.text:TouchScreenIntHandler)
                  0002da50    00000148     ZC706_SPI_Display.obj (.text:OnPrevious)
                  0002db98    00000146     grlib.lib : circle.obj (.text:GrCircleFill)
                  0002dcde    00000136     rtsv7M4_T_le_v4SPD16_eabi.lib : fd_div_t2.obj (.text)
                  0002de14    00000128     ZC706_SPI_Display.obj (.text:OnNext)
                  0002df3c    00000120     ZC706_SPI_Display.obj (.text:OnFirst)
                  0002e05c    00000110     ZC706_SPI_Display.obj (.text:OnPLLButtonPress)
                  0002e16c    00000110     ZC706_SPI_Display.obj (.text:OnRXMSGButtonPress)
                  0002e27c    00000110     ZC706_SPI_Display.obj (.text:OnRxButtonPress)
                  0002e38c    00000110     ZC706_SPI_Display.obj (.text:OnSYNCButtonPress)
                  0002e49c    00000100     grlib.lib : line.obj (.text:GrLineDraw)
                  0002e59c    000000fc     rtsv7M4_T_le_v4SPD16_eabi.lib : fd_mul_t2.obj (.text)
                  0002e698    000000fc                                   : s_scalbn.obj (.text)
                  0002e794    000000f8     touch.obj (.text:TouchScreenInit)
                  0002e88c    000000f0     grlib.lib : widget.obj (.text:WidgetMessageQueueAdd)
                  0002e97c    000000ec               : pushbutton.obj (.text:RectangularButtonClick)
                  0002ea68    000000ca               : string.obj (.text:GrDefaultStringRenderer)
                  0002eb32    000000bc               : line.obj (.text:GrLineClip)
                  0002ebee    000000b8     driverlib.lib : gpio.obj (.text:GPIOPadConfigSet)
                  0002eca6    00000002     tm4c123gh6pm_startup_ccs.obj (.text:NmiSR)
                  0002eca8    000000b4     driverlib.lib : sysctl.obj (.text:SysCtlClockGet)
                  0002ed5c    000000b0     grlib.lib : widget.obj (.text:WidgetMessageSendPostOrder)
                  0002ee0c    000000b0     ZC706_SPI_Display.obj (.text:float_to_int_and_fract)
                  0002eebc    000000ac     ZC706_SPI_Display.obj (.text:OnSYNCStatusPaint)
                  0002ef68    000000a8     ZC706_SPI_Display.obj (.text:OnPLLStatusPaint)
                  0002f010    0000009c     rtsv7M4_T_le_v4SPD16_eabi.lib : memcpy_t2.obj (.text)
                  0002f0ac    00000098     Kentec320x240x16_ssd2119_8bit.obj (.text:InitGPIOLCDInterface)
                  0002f144    00000090     Kentec320x240x16_ssd2119_8bit.obj (.text:Kentec320x240x16_SSD2119LineDrawH)
                  0002f1d4    00000090     Kentec320x240x16_ssd2119_8bit.obj (.text:Kentec320x240x16_SSD2119LineDrawV)
                  0002f264    0000008c     ZC706_SPI_Display.obj (.text:OnRXMSGStatusPaint)
                  0002f2f0    0000008c     ZC706_SPI_Display.obj (.text:OnRxStatusPaint)
                  0002f37c    00000086     grlib.lib : rectangle.obj (.text:GrRectFill)
                  0002f402    00000086     rtsv7M4_T_le_v4SPD16_eabi.lib : fd_cmp_t2.obj (.text:__aeabi_cdcmple)
                  0002f488    00000086                                   : fd_cmp_t2.obj (.text:__aeabi_cdrcmple)
                  0002f50e    00000002                                   : i_div0.obj (.text)
                  0002f510    0000007c     Kentec320x240x16_ssd2119_8bit.obj (.text:WriteCommandGPIO)
                  0002f58c    0000007a     rtsv7M4_T_le_v4SPD16_eabi.lib : memset_t2.obj (.text)
                  0002f606    00000002                                   : mpu_init.obj (.text)
                  0002f608    00000078     ZC706_SPI_Display.obj (.text:OnButtonPress2)
                  0002f680    00000074     ZC706_SPI_Display.obj (.text:ConfigureUART)
                  0002f6f4    00000074     ZC706_SPI_Display.obj (.text:InitSPI1)
                  0002f768    00000074     uartstdio.obj (.text:UARTStdioConfig)
                  0002f7dc    00000074     Kentec320x240x16_ssd2119_8bit.obj (.text:WriteDataGPIO)
                  0002f850    00000070     driverlib.lib : adc.obj (.text:ADCSequenceStepConfigure)
                  0002f8c0    00000070     rtsv7M4_T_le_v4SPD16_eabi.lib : autoinit.obj (.text)
                  0002f930    0000006e                                   : fd_tos_t2.obj (.text)
                  0002f99e    0000006a     grlib.lib : string.obj (.text:GrStringWidthGet)
                  0002fa08    00000068     rtsv7M4_T_le_v4SPD16_eabi.lib : copy_decompress_lzss.obj (.text:decompress:lzss)
                  0002fa70    00000066     grlib.lib : rectangle.obj (.text:GrRectDraw)
                  0002fad6    00000002     rtsv7M4_T_le_v4SPD16_eabi.lib : startup.obj (.text)
                  0002fad8    00000064     grlib.lib : context.obj (.text:GrContextInit)
                  0002fb3c    00000064     Kentec320x240x16_ssd2119_8bit.obj (.text:Kentec320x240x16_SSD2119PixelDraw)
                  0002fba0    00000064     grlib.lib : widget.obj (.text:WidgetMessageQueueProcess)
                  0002fc04    00000062               : context.obj (.text:GrContextClipRegionSet)
                  0002fc66    00000002     --HOLE-- [fill = 0]
                  0002fc68    00000060     driverlib.lib : interrupt.obj (.text:IntDisable)
                  0002fcc8    00000060                   : interrupt.obj (.text:IntEnable)
                  0002fd28    0000005c     grlib.lib : string.obj (.text:FontWideGlyphDataGet)
                  0002fd84    0000005c     uartstdio.obj (.text:UARTwrite)
                  0002fde0    00000058     ustdlib.obj (.text:ustrncpy)
                  0002fe38    00000056     grlib.lib : widget.obj (.text:WidgetMessageSendPreOrder)
                  0002fe8e    00000002     --HOLE-- [fill = 0]
                  0002fe90    00000054     rtsv7M4_T_le_v4SPD16_eabi.lib : boot.obj (.text)
                  0002fee4    00000054                                   : exit.obj (.text)
                  0002ff38    00000050     ZC706_SPI_Display.obj (.text:DrawFirstImage)
                  0002ff88    0000004c     grlib.lib : widget.obj (.text:WidgetRemove)
                  0002ffd4    0000004c     rtsv7M4_T_le_v4SPD16_eabi.lib : cpy_tbl.obj (.text)
                  00030020    0000004a     grlib.lib : string.obj (.text:UpdateContextCharMapping)
                  0003006a    00000002     --HOLE-- [fill = 0]
                  0003006c    00000048     driverlib.lib : gpio.obj (.text:GPIOPinConfigure)
                  000300b4    00000048     rtsv7M4_T_le_v4SPD16_eabi.lib : fd_toi_t2.obj (.text)
                  000300fc    00000046     grlib.lib : line.obj (.text:GrLineDrawH)
                  00030142    00000046               : line.obj (.text:GrLineDrawV)
                  00030188    00000042     driverlib.lib : ssi.obj (.text:SSIConfigSetExpClk)
                  000301ca    00000002     --HOLE-- [fill = 0]
                  000301cc    00000040     ZC706_SPI_Display.obj (.text:SysTickIntHandler)
                  0003020c    00000040     rtsv7M4_T_le_v4SPD16_eabi.lib : u_divt2.obj (.text)
                  0003024c    0000003a     grlib.lib : string.obj (.text:FontGlyphDataGet)
                  00030286    00000038     rtsv7M4_T_le_v4SPD16_eabi.lib : fs_tod_t2.obj (.text)
                  000302be    00000036     grlib.lib : line.obj (.text:GrClipCodeGet)
                  000302f4    00000036     ZC706_SPI_Display.obj (.text:GrStringDrawRight)
                  0003032a    00000002     --HOLE-- [fill = 0]
                  0003032c    00000034     driverlib.lib : sysctl.obj (.text:SysCtlPeripheralEnable)
                  00030360    00000032     ustdlib.obj (.text:usprintf)
                  00030392    0000002e     rtsv7M4_T_le_v4SPD16_eabi.lib : i_tofd_t2.obj (.text)
                  000303c0    0000002c     driverlib.lib : adc.obj (.text:ADCSequenceConfigure)
                  000303ec    0000002a                   : gpio.obj (.text:GPIODirModeSet)
                  00030416    0000002a     grlib.lib : string.obj (.text:GrFontBaselineGet)
                  00030440    0000002a               : string.obj (.text:GrFontHeightGet)
                  0003046a    0000002a               : string.obj (.text:GrStringNextCharGet)
                  00030494    0000002a               : widget.obj (.text:WidgetIsInTree)
                  000304be    00000028     Kentec320x240x16_ssd2119_8bit.obj (.text:Kentec320x240x16_SSD2119ColorTranslate)
                  000304e6    00000002     --HOLE-- [fill = 0]
                  000304e8    00000028     driverlib.lib : timer.obj (.text:TimerConfigure)
                  00030510    00000026     grlib.lib : string.obj (.text:GrFontInfoGet)
                  00030536    00000024     uartstdio.obj (.text:UARTprintf)
                  0003055a    00000024     grlib.lib : widget.obj (.text:WidgetAdd)
                  0003057e    00000022               : string.obj (.text:GrFontGlyphDataGet)
                  000305a0    00000022               : pushbutton.obj (.text:RectangularButtonMsgProc)
                  000305c2    0000001e               : string.obj (.text:GrFontCodepageGet)
                  000305e0    0000001e     rtsv7M4_T_le_v4SPD16_eabi.lib : strcat.obj (.text)
                  000305fe    00000002     --HOLE-- [fill = 0]
                  00030600    0000001c     grlib.lib : widget.obj (.text:WidgetPointerMessage)
                  0003061c    00000018     driverlib.lib : timer.obj (.text:TimerControlTrigger)
                  00030634    00000018     rtsv7M4_T_le_v4SPD16_eabi.lib : args_main.obj (.text)
                  0003064c    00000014     grlib.lib : canvas.obj (.text:CanvasMsgProc)
                  00030660    00000014     touch.obj (.text:TouchScreenCallbackSet)
                  00030674    00000014     grlib.lib : widget.obj (.text:WidgetMutexGet)
                  00030688    00000014     rtsv7M4_T_le_v4SPD16_eabi.lib : _lock.obj (.text)
                  0003069c    00000014                                   : s_copysign.obj (.text)
                  000306b0    00000012     driverlib.lib : adc.obj (.text:ADCHardwareOversampleConfigure)
                  000306c2    00000012                   : gpio.obj (.text:GPIOPinTypeGPIOOutput)
                  000306d4    00000012                   : gpio.obj (.text:GPIOPinTypeSSI)
                  000306e6    00000012     grlib.lib : string.obj (.text:GrStringDraw)
                  000306f8    00000012     driverlib.lib : timer.obj (.text:TimerLoadSet)
                  0003070a    00000010                   : adc.obj (.text:ADCIntEnable)
                  0003071a    00000002     --HOLE-- [fill = 0]
                  0003071c    00000010                   : fpu.obj (.text:FPUEnable)
                  0003072c    00000010                   : fpu.obj (.text:FPULazyStackingEnable)
                  0003073c    00000010                   : mpu.obj (.text:MPUEnable)
                  0003074c    00000010                   : udma.obj (.text:uDMAEnable)
                  0003075c    0000000e                   : adc.obj (.text:ADCSequenceEnable)
                  0003076a    0000000e     grlib.lib : image.obj (.text:GrImageDraw)
                  00030778    0000000e     driverlib.lib : timer.obj (.text:TimerEnable)
                  00030786    0000000e     rtsv7M4_T_le_v4SPD16_eabi.lib : copy_decompress_none.obj (.text:decompress:none)
                  00030794    0000000c     driverlib.lib : ssi.obj (.text:SSIDataGet)
                  000307a0    0000000c     rtsv7M4_T_le_v4SPD16_eabi.lib : copy_zero_init.obj (.text:decompress:ZI)
                  000307ac    0000000c     driverlib.lib : udma.obj (.text:uDMAControlBaseSet)
                  000307b8    0000000a     Kentec320x240x16_ssd2119_8bit.obj (.text:Kentec320x240x16_SSD2119Flush)
                  000307c2    0000000a     driverlib.lib : ssi.obj (.text:SSIEnable)
                  000307cc    0000000a                   : ssi.obj (.text:SSIIntStatus)
                  000307d6    00000008     grlib.lib : charmap.obj (.text:GrMapISO8859_1_Unicode)
                  000307de    00000008     driverlib.lib : ssi.obj (.text:SSIIntEnable)
                  000307e6    00000006                   : gpio.obj (.text:GPIOPinWrite)
                  000307ec    00000006     grlib.lib : string.obj (.text:GrContextFontSet)
                  000307f2    00000006     tm4c123gh6pm_startup_ccs.obj (.text:ResetISR)
                  000307f8    00000006     driverlib.lib : sysctl.obj (.text:SysCtlDelay)
                  000307fe    00000006                   : uart.obj (.text:UARTClockSourceSet)
                  00030804    00000006     grlib.lib : widget.obj (.text:WidgetMutexPut)
                  0003080a    00000004     driverlib.lib : ssi.obj (.text:SSIIntClear)
                  0003080e    00000004     grlib.lib : widget.obj (.text:WidgetDefaultMsgProc)
                  00030812    00000004     rtsv7M4_T_le_v4SPD16_eabi.lib : pre_init.obj (.text)

.cinit     0    00030818    00000290     
                  00030818    00000267     (.cinit..data.load) [load image, compression = lzss]
                  00030a7f    00000001     --HOLE-- [fill = 0]
                  00030a80    0000000c     (__TI_handler_table)
                  00030a8c    00000004     --HOLE-- [fill = 0]
                  00030a90    00000008     (.cinit..bss.load) [load image, compression = zero_init]
                  00030a98    00000010     (__TI_cinit_table)

.init_array 
*          0    00000000    00000000     UNINITIALIZED

.data      0    20000000    00000fbc     UNINITIALIZED
                  20000000    00000280     ZC706_SPI_Display.obj (.data:g_psPanels)
                  20000280    00000280     ZC706_SPI_Display.obj (.data:g_psPushButtons2)
                  20000500    00000140     ZC706_SPI_Display.obj (.data:iAGC_Curve)
                  20000640    00000140     ZC706_SPI_Display.obj (.data:iCRC_Curve)
                  20000780    00000140     ZC706_SPI_Display.obj (.data:iFrame_Curve)
                  200008c0    00000140     ZC706_SPI_Display.obj (.data:iHold_Curve)
                  20000a00    00000140     ZC706_SPI_Display.obj (.data:iLock_Curve)
                  20000b40    00000080     ZC706_SPI_Display.obj (.data:g_psButtonCanvas)
                  20000bc0    00000051     ZC706_SPI_Display.obj (.data)
                  20000c11    00000003     --HOLE--
                  20000c14    00000050     ZC706_SPI_Display.obj (.data:g_psFirst)
                  20000c64    00000050     ZC706_SPI_Display.obj (.data:g_sNext)
                  20000cb4    00000050     ZC706_SPI_Display.obj (.data:g_sPrevious)
                  20000d04    00000040     ZC706_SPI_Display.obj (.data:g_psFirstCanvas)
                  20000d44    00000040     ZC706_SPI_Display.obj (.data:g_sLED_Display)
                  20000d84    00000040     ZC706_SPI_Display.obj (.data:g_sPLLStatus)
                  20000dc4    00000040     ZC706_SPI_Display.obj (.data:g_sRXMSGStatus)
                  20000e04    00000040     ZC706_SPI_Display.obj (.data:g_sRxStatus)
                  20000e44    00000040     ZC706_SPI_Display.obj (.data:g_sSYNCStatus)
                  20000e84    00000040     ZC706_SPI_Display.obj (.data:g_sStatusData)
                  20000ec4    00000040     ZC706_SPI_Display.obj (.data:g_sTitle)
                  20000f04    0000002d     grlib.lib : widget.obj (.data)
                  20000f31    00000003     --HOLE--
                  20000f34    00000028     ZC706_SPI_Display.obj (.data:g_pcPanelNames)
                  20000f5c    00000019     ZC706_SPI_Display.obj (.data:title_str_sub)
                  20000f75    00000003     --HOLE--
                  20000f78    0000000c     rtsv7M4_T_le_v4SPD16_eabi.lib : exit.obj (.data:$O1$$)
                  20000f84    0000000c                                   : memory.obj (.data:$O1$$)
                  20000f90    00000008                                   : _lock.obj (.data:$O1$$)
                  20000f98    00000008     Kentec320x240x16_ssd2119_8bit.obj (.data)
                  20000fa0    00000006     ZC706_SPI_Display.obj (.data:ver)
                  20000fa6    00000002     --HOLE--
                  20000fa8    00000005     uartstdio.obj (.data)
                  20000fad    00000003     --HOLE--
                  20000fb0    00000004     rtsv7M4_T_le_v4SPD16_eabi.lib : errno.obj (.data)
                  20000fb4    00000004                                   : stkdepth_vars.obj (.data)
                  20000fb8    00000004     touch.obj (.data)

.sysmem    0    20000fc0    00000008     UNINITIALIZED
                  20000fc0    00000008     rtsv7M4_T_le_v4SPD16_eabi.lib : memory.obj (.sysmem)

.bss       0    20001000    00000868     UNINITIALIZED
                  20001000    00000400     (.common:sDMAControlTable)
                  20001400    00000200     (.common:g_ulDataRx2)
                  20001600    00000140     grlib.lib : widget.obj (.bss:g_psMQ)
                  20001740    00000020               : image.obj (.bss)
                  20001760    00000014     ZC706_SPI_Display.obj (.bss:val10_string)
                  20001774    00000014     ZC706_SPI_Display.obj (.bss:val8_string)
                  20001788    00000014     ZC706_SPI_Display.obj (.bss:val9_string)
                  2000179c    00000014     ZC706_SPI_Display.obj (.bss:val_AGC_Str)
                  200017b0    00000014     ZC706_SPI_Display.obj (.bss:val_BER_Str)
                  200017c4    00000014     ZC706_SPI_Display.obj (.bss:val_CRC_Str)
                  200017d8    00000014     ZC706_SPI_Display.obj (.bss:val_EVM_Str)
                  200017ec    00000014     ZC706_SPI_Display.obj (.bss:val_Frame_Str)
                  20001800    00000014     ZC706_SPI_Display.obj (.bss:val_HOLD_Str)
                  20001814    00000014     ZC706_SPI_Display.obj (.bss:val_Lock_Str)
                  20001828    00000010     touch.obj (.bss:g_psSamples)
                  20001838    00000008     touch.obj (.bss)
                  20001840    00000004     grlib.lib : context.obj (.bss)
                  20001844    00000004     (.common:g_plParmSet)
                  20001848    00000004     (.common:g_ulButtonState)
                  2000184c    00000004     (.common:g_ulButtonState2)
                  20001850    00000004     (.common:g_ulPanel)
                  20001854    00000004     (.common:g_ulPreviousPanel)
                  20001858    00000004     (.common:i32FractionPart)
                  2000185c    00000004     (.common:i32IntegerPart)
                  20001860    00000004     (.common:my_noise)
                  20001864    00000002     (.common:g_sTouchX)
                  20001866    00000002     (.common:g_sTouchY)

.stack     0    20001868    00000400     UNINITIALIZED
                  20001868    00000400     --HOLE--

MODULE SUMMARY

       Module                              code    ro data   rw data
       ------                              ----    -------   -------
    .\
       flower320x240.obj                   0       77571     0      
       lightning320x240.obj                0       77532     0      
       ZC706_SPI_Display.obj               12242   286       5676   
       Kentec320x240x16_ssd2119_8bit.obj   2458    40        8      
       ustdlib.obj                         1218    22        0      
       touch.obj                           1136    56        36     
       images.obj                          0       1054      0      
       tm4c123gh6pm_startup_ccs.obj        12      620       0      
    +--+-----------------------------------+-------+---------+---------+
       Total:                              17066   157181    5720   
                                                                    
    .\utils\
       uartstdio.obj                       1024    46        5      
    +--+-----------------------------------+-------+---------+---------+
       Total:                              1024    46        5      
                                                                    
    C:/ti/TivaWare_C_Series-1.0/driverlib/ccs/Debug/driverlib.lib
       gpio.obj                            340     120       0      
       sysctl.obj                          238     108       0      
       interrupt.obj                       192     112       0      
       adc.obj                             204     0         0      
       ssi.obj                             110     0         0      
       timer.obj                           96      0         0      
       fpu.obj                             32      0         0      
       udma.obj                            28      0         0      
       mpu.obj                             16      0         0      
       uart.obj                            6       0         0      
    +--+-----------------------------------+-------+---------+---------+
       Total:                              1262    340       0      
                                                                    
    C:/ti/TivaWare_C_Series-1.0/grlib/ccs/Debug/grlib.lib
       fontcm20.obj                        0       2598      0      
       fontcm16.obj                        0       2081      0      
       fontcm14.obj                        0       1826      0      
       image.obj                           1596    0         32     
       fontcm12.obj                        0       1575      0      
       string.obj                          1398    0         0      
       widget.obj                          814     0         365    
       line.obj                            638     0         0      
       pushbutton.obj                      636     0         0      
       canvas.obj                          412     0         0      
       circle.obj                          326     0         0      
       rectangle.obj                       236     0         0      
       context.obj                         198     16        4      
       charmap.obj                         8       0         0      
    +--+-----------------------------------+-------+---------+---------+
       Total:                              6262    8096      401    
                                                                    
    D:\ti\ccsv7\tools\compiler\ti-cgt-arm_16.9.1.LTS\lib\rtsv7M4_T_le_v4SPD16_eabi.lib
       e_pow.obj                           2476    48        0      
       memory.obj                          976     0         12     
       e_log10.obj                         760     0         0      
       fd_add_t2.obj                       438     0         0      
       e_sqrt.obj                          368     0         0      
       fd_div_t2.obj                       310     0         0      
       fd_cmp_t2.obj                       268     0         0      
       fd_mul_t2.obj                       252     0         0      
       s_scalbn.obj                        252     0         0      
       memcpy_t2.obj                       156     0         0      
       memset_t2.obj                       122     0         0      
       autoinit.obj                        112     0         0      
       fd_tos_t2.obj                       110     0         0      
       copy_decompress_lzss.obj            104     0         0      
       exit.obj                            84      0         12     
       boot.obj                            84      0         0      
       cpy_tbl.obj                         76      0         0      
       fd_toi_t2.obj                       72      0         0      
       u_divt2.obj                         64      0         0      
       fs_tod_t2.obj                       56      0         0      
       i_tofd_t2.obj                       46      0         0      
       strcat.obj                          30      0         0      
       _lock.obj                           20      0         8      
       args_main.obj                       24      0         0      
       s_copysign.obj                      20      0         0      
       copy_decompress_none.obj            14      0         0      
       copy_zero_init.obj                  12      0         0      
       errno.obj                           0       0         4      
       pre_init.obj                        4       0         0      
       stkdepth_vars.obj                   0       0         4      
       i_div0.obj                          2       0         0      
       mpu_init.obj                        2       0         0      
       startup.obj                         2       0         0      
    +--+-----------------------------------+-------+---------+---------+
       Total:                              7316    48        40     
                                                                    
       Heap:                               0       0         8      
       Stack:                              0       0         1024   
       Linker Generated:                   0       651       0      
    +--+-----------------------------------+-------+---------+---------+
       Grand Total:                        32930   166362    7198   


LINKER GENERATED COPY TABLES

__TI_cinit_table @ 00030a98 records: 2, size/record: 8, table size: 16
	.data: load addr=00030818, load size=00000267 bytes, run addr=20000000, run size=00000fbc bytes, compression=lzss
	.bss: load addr=00030a90, load size=00000008 bytes, run addr=20001000, run size=00000868 bytes, compression=zero_init


LINKER GENERATED HANDLER TABLE

__TI_handler_table @ 00030a80 records: 3, size/record: 4, table size: 12
	index: 0, handler: __TI_decompress_lzss
	index: 1, handler: __TI_decompress_none
	index: 2, handler: __TI_zero_init


GLOBAL SYMBOLS: SORTED ALPHABETICALLY BY Name 

address   name                           
-------   ----                           
000306b1  ADCHardwareOversampleConfigure 
0003070b  ADCIntEnable                   
000303c1  ADCSequenceConfigure           
0003075d  ADCSequenceEnable              
0002f851  ADCSequenceStepConfigure       
0002fee5  C$$EXIT                        
0003064d  CanvasMsgProc                  
0002f681  ConfigureUART                  
0002ff39  DrawFirstImage                 
0003071d  FPUEnable                      
0003072d  FPULazyStackingEnable          
000303ed  GPIODirModeSet                 
0002ebef  GPIOPadConfigSet               
0003006d  GPIOPinConfigure               
000306c3  GPIOPinTypeGPIOOutput          
000306d5  GPIOPinTypeSSI                 
000307e7  GPIOPinWrite                   
0002db99  GrCircleFill                   
0002fc05  GrContextClipRegionSet         
000307ed  GrContextFontSet               
0002fad9  GrContextInit                  
0002ea69  GrDefaultStringRenderer        
00030417  GrFontBaselineGet              
000305c3  GrFontCodepageGet              
0003057f  GrFontGlyphDataGet             
0002c623  GrFontGlyphRender              
00030441  GrFontHeightGet                
00030511  GrFontInfoGet                  
0003076b  GrImageDraw                    
0002e49d  GrLineDraw                     
000300fd  GrLineDrawH                    
00030143  GrLineDrawV                    
000307d7  GrMapISO8859_1_Unicode         
0002fa71  GrRectDraw                     
0002f37d  GrRectFill                     
000306e7  GrStringDraw                   
000302f5  GrStringDrawRight              
0003046b  GrStringNextCharGet            
0002f99f  GrStringWidthGet               
0002f6f5  InitSPI1                       
0002fc69  IntDisable                     
0002fcc9  IntEnable                      
0002c075  Kentec320x240x16_SSD2119Init   
0003073d  MPUEnable                      
0002c889  OnBlockDiagramPaint            
0002f609  OnButtonPress2                 
0002d7b9  OnDataPaint                    
0002df3d  OnFirst                        
0002b719  OnLEDStatusPaint               
0002de15  OnNext                         
0002e05d  OnPLLButtonPress               
0002ef69  OnPLLStatusPaint               
0002da51  OnPrevious                     
0002e16d  OnRXMSGButtonPress             
0002f265  OnRXMSGStatusPaint             
0002e27d  OnRxButtonPress                
0002f2f1  OnRxStatusPaint                
0002e38d  OnSYNCButtonPress              
0002eebd  OnSYNCStatusPaint              
000305a1  RectangularButtonMsgProc       
000307f3  ResetISR                       
UNDEFED   SHT$$INIT_ARRAY$$Base          
UNDEFED   SHT$$INIT_ARRAY$$Limit         
0002d4ed  SSI1IntHandler                 
00030189  SSIConfigSetExpClk             
00030795  SSIDataGet                     
000307c3  SSIEnable                      
0003080b  SSIIntClear                    
000307df  SSIIntEnable                   
000307cd  SSIIntStatus                   
0002eca9  SysCtlClockGet                 
000307f9  SysCtlDelay                    
0003032d  SysCtlPeripheralEnable         
000301cd  SysTickIntHandler              
20000c00  SysTick_Semafore               
000304e9  TimerConfigure                 
0003061d  TimerControlTrigger            
00030779  TimerEnable                    
000306f9  TimerLoadSet                   
00030661  TouchScreenCallbackSet         
0002e795  TouchScreenInit                
0002d905  TouchScreenIntHandler          
000307ff  UARTClockSourceSet             
0002f769  UARTStdioConfig                
00030537  UARTprintf                     
0002ba71  UARTvprintf                    
0002fd85  UARTwrite                      
0002b015  UpdateScope                    
0003055b  WidgetAdd                      
0003080f  WidgetDefaultMsgProc           
0002e88d  WidgetMessageQueueAdd          
0002fba1  WidgetMessageQueueProcess      
0002ed5d  WidgetMessageSendPostOrder     
0002fe39  WidgetMessageSendPreOrder      
00030675  WidgetMutexGet                 
00030805  WidgetMutexPut                 
00030601  WidgetPointerMessage           
0002ff89  WidgetRemove                   
20000f9c  WriteCommand                   
20000f98  WriteData                      
20001c68  __STACK_END                    
00000400  __STACK_SIZE                   
20001a68  __STACK_TOP                    
00000008  __SYSMEM_SIZE                  
00030a98  __TI_CINIT_Base                
00030aa8  __TI_CINIT_Limit               
00030a80  __TI_Handler_Table_Base        
00030a8c  __TI_Handler_Table_Limit       
0002f8c1  __TI_auto_init                 
20000f78  __TI_cleanup_ptr               
0002fa09  __TI_decompress_lzss           
00030787  __TI_decompress_none           
20000f7c  __TI_dtors_ptr                 
20000f80  __TI_enable_exit_profile_output
ffffffff  __TI_pprof_out_hndl            
ffffffff  __TI_prof_data_size            
ffffffff  __TI_prof_data_start           
00000000  __TI_static_base__             
000307a1  __TI_zero_init                 
0002f403  __aeabi_cdcmpeq                
0002f403  __aeabi_cdcmple                
0002f489  __aeabi_cdrcmple               
0002f931  __aeabi_d2f                    
000300b5  __aeabi_d2iz                   
0002ced7  __aeabi_dadd                   
0002dcdf  __aeabi_ddiv                   
0002e59d  __aeabi_dmul                   
0002cecd  __aeabi_dsub                   
00030287  __aeabi_f2d                    
00030393  __aeabi_i2d                    
0002f50f  __aeabi_idiv0                  
0002f58d  __aeabi_memclr                 
0002f58d  __aeabi_memclr4                
0002f58d  __aeabi_memclr8                
0002f011  __aeabi_memcpy                 
0002f011  __aeabi_memcpy4                
0002f011  __aeabi_memcpy8                
0002f58f  __aeabi_memset                 
0002f58f  __aeabi_memset4                
0002f58f  __aeabi_memset8                
0003020d  __aeabi_uidiv                  
0003020d  __aeabi_uidivmod               
ffffffff  __binit__                      
ffffffff  __c_args__                     
0002f607  __mpu_init                     
20001868  __stack                        
00030635  _args_main                     
0002fe91  _c_int00                       
20000f90  _lock                          
00030697  _nop                           
0003068f  _register_lock                 
00030689  _register_unlock               
20000fc0  _sys_memory                    
0002fad7  _system_post_cinit             
00030813  _system_pre_init               
20000f94  _unlock                        
0002fee9  abort                          
ffffffff  binit                          
0002afe5  calloc                         
0002ffd5  copy_in                        
0003069d  copysign                       
0003069d  copysignl                      
20000fb0  errno                          
0002fef1  exit                           
20000be4  fADC_Val                       
20000bcc  fAGC                           
20000bc0  fBER                           
20000be0  fCRC                           
20000bd8  fEVM                           
20000bdc  fFrame                         
20000bd4  fHold                          
20000bd0  fLock                          
20000be8  fRsense                        
20000bc4  fTemp2                         
20000bc8  fTempInt                       
20000bec  fVref0                         
20000bf0  fVref1                         
20000bf4  fVref2                         
20000bf8  fVref3                         
0002ee0d  float_to_int_and_fract         
0002ad2f  free                           
0002867c  g_lTouchParameters             
20000f34  g_pcPanelNames                 
00000000  g_pfnVectors                   
20001844  g_plParmSet                    
20000b40  g_psButtonCanvas               
00028738  g_psDefaultCodePointMapTable   
20000c14  g_psFirst                      
20000d04  g_psFirstCanvas                
20000000  g_psPanels                     
20000280  g_psPushButtons2               
00027cc7  g_pucBlue50x50                 
00027ed7  g_pucBlue50x50Press            
00000270  g_pui_Flower_Image             
00013173  g_pui_Lightning_Image          
00028208  g_sFontCm12                    
000282d0  g_sFontCm14                    
00028398  g_sFontCm16                    
00028460  g_sFontCm20                    
000286e8  g_sKentec320x240x16_SSD2119    
20000d44  g_sLED_Display                 
20000c64  g_sNext                        
20000d84  g_sPLLStatus                   
20000cb4  g_sPrevious                    
20000dc4  g_sRXMSGStatus                 
20000f04  g_sRoot                        
20000e04  g_sRxStatus                    
20000e44  g_sSYNCStatus                  
20000e84  g_sStatusData                  
20000ec4  g_sTitle                       
20000fb8  g_sTouchMin                    
20001864  g_sTouchX                      
20001866  g_sTouchY                      
20001848  g_ulButtonState                
2000184c  g_ulButtonState2               
20001400  g_ulDataRx2                    
20001850  g_ulPanel                      
20001854  g_ulPreviousPanel              
20000c04  g_ulSSI1RXFF                   
20000bfe  i16average                     
20001858  i32FractionPart                
2000185c  i32IntegerPart                 
20000500  iAGC_Curve                     
20000640  iCRC_Curve                     
20000780  iFrame_Curve                   
20000c08  iHealth                        
20000c09  iHealth_old                    
200008c0  iHold_Curve                    
20000c0a  iLight_AGC                     
20000c10  iLight_BER                     
20000c0f  iLight_CRC                     
20000c0d  iLight_EVM                     
20000c0e  iLight_Frame                   
20000c0c  iLight_Hold                    
20000c0b  iLight_Lock                    
20000a00  iLock_Curve                    
20000bfc  i_counter                      
0002e699  ldexp                          
0002e699  ldexpl                         
0002bd7d  log10                          
0002bd7d  log10l                         
00028765  main                           
20000fb4  main_func_sp                   
0002acc5  malloc                         
0002aef9  memalign                       
0002f011  memcpy                         
0002f595  memset                         
0002ac45  minit                          
20001860  my_noise                       
00029e61  pow                            
00029e61  powl                           
0002adf1  realloc                        
20001000  sDMAControlTable               
0002e699  scalbn                         
0002e699  scalbnl                        
0002d20d  sqrt                           
0002d20d  sqrtl                          
000305e1  strcat                         
000307ad  uDMAControlBaseSet             
0003074d  uDMAEnable                     
00030361  usprintf                       
0002fde1  ustrncpy                       
0002a80d  uvsnprintf                     


GLOBAL SYMBOLS: SORTED BY Symbol Address 

address   name                           
-------   ----                           
00000000  __TI_static_base__             
00000000  g_pfnVectors                   
00000008  __SYSMEM_SIZE                  
00000270  g_pui_Flower_Image             
00000400  __STACK_SIZE                   
00013173  g_pui_Lightning_Image          
00027cc7  g_pucBlue50x50                 
00027ed7  g_pucBlue50x50Press            
00028208  g_sFontCm12                    
000282d0  g_sFontCm14                    
00028398  g_sFontCm16                    
00028460  g_sFontCm20                    
0002867c  g_lTouchParameters             
000286e8  g_sKentec320x240x16_SSD2119    
00028738  g_psDefaultCodePointMapTable   
00028765  main                           
00029e61  pow                            
00029e61  powl                           
0002a80d  uvsnprintf                     
0002ac45  minit                          
0002acc5  malloc                         
0002ad2f  free                           
0002adf1  realloc                        
0002aef9  memalign                       
0002afe5  calloc                         
0002b015  UpdateScope                    
0002b719  OnLEDStatusPaint               
0002ba71  UARTvprintf                    
0002bd7d  log10                          
0002bd7d  log10l                         
0002c075  Kentec320x240x16_SSD2119Init   
0002c623  GrFontGlyphRender              
0002c889  OnBlockDiagramPaint            
0002cecd  __aeabi_dsub                   
0002ced7  __aeabi_dadd                   
0002d20d  sqrt                           
0002d20d  sqrtl                          
0002d4ed  SSI1IntHandler                 
0002d7b9  OnDataPaint                    
0002d905  TouchScreenIntHandler          
0002da51  OnPrevious                     
0002db99  GrCircleFill                   
0002dcdf  __aeabi_ddiv                   
0002de15  OnNext                         
0002df3d  OnFirst                        
0002e05d  OnPLLButtonPress               
0002e16d  OnRXMSGButtonPress             
0002e27d  OnRxButtonPress                
0002e38d  OnSYNCButtonPress              
0002e49d  GrLineDraw                     
0002e59d  __aeabi_dmul                   
0002e699  ldexp                          
0002e699  ldexpl                         
0002e699  scalbn                         
0002e699  scalbnl                        
0002e795  TouchScreenInit                
0002e88d  WidgetMessageQueueAdd          
0002ea69  GrDefaultStringRenderer        
0002ebef  GPIOPadConfigSet               
0002eca9  SysCtlClockGet                 
0002ed5d  WidgetMessageSendPostOrder     
0002ee0d  float_to_int_and_fract         
0002eebd  OnSYNCStatusPaint              
0002ef69  OnPLLStatusPaint               
0002f011  __aeabi_memcpy                 
0002f011  __aeabi_memcpy4                
0002f011  __aeabi_memcpy8                
0002f011  memcpy                         
0002f265  OnRXMSGStatusPaint             
0002f2f1  OnRxStatusPaint                
0002f37d  GrRectFill                     
0002f403  __aeabi_cdcmpeq                
0002f403  __aeabi_cdcmple                
0002f489  __aeabi_cdrcmple               
0002f50f  __aeabi_idiv0                  
0002f58d  __aeabi_memclr                 
0002f58d  __aeabi_memclr4                
0002f58d  __aeabi_memclr8                
0002f58f  __aeabi_memset                 
0002f58f  __aeabi_memset4                
0002f58f  __aeabi_memset8                
0002f595  memset                         
0002f607  __mpu_init                     
0002f609  OnButtonPress2                 
0002f681  ConfigureUART                  
0002f6f5  InitSPI1                       
0002f769  UARTStdioConfig                
0002f851  ADCSequenceStepConfigure       
0002f8c1  __TI_auto_init                 
0002f931  __aeabi_d2f                    
0002f99f  GrStringWidthGet               
0002fa09  __TI_decompress_lzss           
0002fa71  GrRectDraw                     
0002fad7  _system_post_cinit             
0002fad9  GrContextInit                  
0002fba1  WidgetMessageQueueProcess      
0002fc05  GrContextClipRegionSet         
0002fc69  IntDisable                     
0002fcc9  IntEnable                      
0002fd85  UARTwrite                      
0002fde1  ustrncpy                       
0002fe39  WidgetMessageSendPreOrder      
0002fe91  _c_int00                       
0002fee5  C$$EXIT                        
0002fee9  abort                          
0002fef1  exit                           
0002ff39  DrawFirstImage                 
0002ff89  WidgetRemove                   
0002ffd5  copy_in                        
0003006d  GPIOPinConfigure               
000300b5  __aeabi_d2iz                   
000300fd  GrLineDrawH                    
00030143  GrLineDrawV                    
00030189  SSIConfigSetExpClk             
000301cd  SysTickIntHandler              
0003020d  __aeabi_uidiv                  
0003020d  __aeabi_uidivmod               
00030287  __aeabi_f2d                    
000302f5  GrStringDrawRight              
0003032d  SysCtlPeripheralEnable         
00030361  usprintf                       
00030393  __aeabi_i2d                    
000303c1  ADCSequenceConfigure           
000303ed  GPIODirModeSet                 
00030417  GrFontBaselineGet              
00030441  GrFontHeightGet                
0003046b  GrStringNextCharGet            
000304e9  TimerConfigure                 
00030511  GrFontInfoGet                  
00030537  UARTprintf                     
0003055b  WidgetAdd                      
0003057f  GrFontGlyphDataGet             
000305a1  RectangularButtonMsgProc       
000305c3  GrFontCodepageGet              
000305e1  strcat                         
00030601  WidgetPointerMessage           
0003061d  TimerControlTrigger            
00030635  _args_main                     
0003064d  CanvasMsgProc                  
00030661  TouchScreenCallbackSet         
00030675  WidgetMutexGet                 
00030689  _register_unlock               
0003068f  _register_lock                 
00030697  _nop                           
0003069d  copysign                       
0003069d  copysignl                      
000306b1  ADCHardwareOversampleConfigure 
000306c3  GPIOPinTypeGPIOOutput          
000306d5  GPIOPinTypeSSI                 
000306e7  GrStringDraw                   
000306f9  TimerLoadSet                   
0003070b  ADCIntEnable                   
0003071d  FPUEnable                      
0003072d  FPULazyStackingEnable          
0003073d  MPUEnable                      
0003074d  uDMAEnable                     
0003075d  ADCSequenceEnable              
0003076b  GrImageDraw                    
00030779  TimerEnable                    
00030787  __TI_decompress_none           
00030795  SSIDataGet                     
000307a1  __TI_zero_init                 
000307ad  uDMAControlBaseSet             
000307c3  SSIEnable                      
000307cd  SSIIntStatus                   
000307d7  GrMapISO8859_1_Unicode         
000307df  SSIIntEnable                   
000307e7  GPIOPinWrite                   
000307ed  GrContextFontSet               
000307f3  ResetISR                       
000307f9  SysCtlDelay                    
000307ff  UARTClockSourceSet             
00030805  WidgetMutexPut                 
0003080b  SSIIntClear                    
0003080f  WidgetDefaultMsgProc           
00030813  _system_pre_init               
00030a80  __TI_Handler_Table_Base        
00030a8c  __TI_Handler_Table_Limit       
00030a98  __TI_CINIT_Base                
00030aa8  __TI_CINIT_Limit               
20000000  g_psPanels                     
20000280  g_psPushButtons2               
20000500  iAGC_Curve                     
20000640  iCRC_Curve                     
20000780  iFrame_Curve                   
200008c0  iHold_Curve                    
20000a00  iLock_Curve                    
20000b40  g_psButtonCanvas               
20000bc0  fBER                           
20000bc4  fTemp2                         
20000bc8  fTempInt                       
20000bcc  fAGC                           
20000bd0  fLock                          
20000bd4  fHold                          
20000bd8  fEVM                           
20000bdc  fFrame                         
20000be0  fCRC                           
20000be4  fADC_Val                       
20000be8  fRsense                        
20000bec  fVref0                         
20000bf0  fVref1                         
20000bf4  fVref2                         
20000bf8  fVref3                         
20000bfc  i_counter                      
20000bfe  i16average                     
20000c00  SysTick_Semafore               
20000c04  g_ulSSI1RXFF                   
20000c08  iHealth                        
20000c09  iHealth_old                    
20000c0a  iLight_AGC                     
20000c0b  iLight_Lock                    
20000c0c  iLight_Hold                    
20000c0d  iLight_EVM                     
20000c0e  iLight_Frame                   
20000c0f  iLight_CRC                     
20000c10  iLight_BER                     
20000c14  g_psFirst                      
20000c64  g_sNext                        
20000cb4  g_sPrevious                    
20000d04  g_psFirstCanvas                
20000d44  g_sLED_Display                 
20000d84  g_sPLLStatus                   
20000dc4  g_sRXMSGStatus                 
20000e04  g_sRxStatus                    
20000e44  g_sSYNCStatus                  
20000e84  g_sStatusData                  
20000ec4  g_sTitle                       
20000f04  g_sRoot                        
20000f34  g_pcPanelNames                 
20000f78  __TI_cleanup_ptr               
20000f7c  __TI_dtors_ptr                 
20000f80  __TI_enable_exit_profile_output
20000f90  _lock                          
20000f94  _unlock                        
20000f98  WriteData                      
20000f9c  WriteCommand                   
20000fb0  errno                          
20000fb4  main_func_sp                   
20000fb8  g_sTouchMin                    
20000fc0  _sys_memory                    
20001000  sDMAControlTable               
20001400  g_ulDataRx2                    
20001844  g_plParmSet                    
20001848  g_ulButtonState                
2000184c  g_ulButtonState2               
20001850  g_ulPanel                      
20001854  g_ulPreviousPanel              
20001858  i32FractionPart                
2000185c  i32IntegerPart                 
20001860  my_noise                       
20001864  g_sTouchX                      
20001866  g_sTouchY                      
20001868  __stack                        
20001a68  __STACK_TOP                    
20001c68  __STACK_END                    
ffffffff  __TI_pprof_out_hndl            
ffffffff  __TI_prof_data_size            
ffffffff  __TI_prof_data_start           
ffffffff  __binit__                      
ffffffff  __c_args__                     
ffffffff  binit                          
UNDEFED   SHT$$INIT_ARRAY$$Base          
UNDEFED   SHT$$INIT_ARRAY$$Limit         

[263 symbols]
