******************************************************************************
                  TI ARM Linker PC v16.9.1                     
******************************************************************************
>> Linked Wed Mar 15 16:02:37 2017

OUTPUT FILE NAME:   <Display_Parameters.out>
ENTRY POINT SYMBOL: "_c_int00"  address: 0000fe6d


MEMORY CONFIGURATION

         name            origin    length      used     unused   attr    fill
----------------------  --------  ---------  --------  --------  ----  --------
  FLASH                 00000000   00040000  000109ea  0002f616  R  X
  SRAM                  20000000   00008000  00001b9c  00006464  RW X


SEGMENT ALLOCATION MAP

run origin  load origin   length   init length attrs members
----------  ----------- ---------- ----------- ----- -------
00000000    00000000    000109f0   000109f0    r-x
  00000000    00000000    0000026c   0000026c    r-- .intvecs
  0000026c    0000026c    0000993c   0000993c    r-- .const
  00009ba8    00009ba8    00006bfa   00006bfa    r-x .text
  000107a8    000107a8    00000248   00000248    r-- .cinit
20000000    20000000    00000f30   00000000    rw-
  20000000    20000000    00000f30   00000000    rw- .data
20001000    20001000    00000c6c   00000000    rw-
  20001000    20001000    0000086c   00000000    rw- .bss
  2000186c    2000186c    00000400   00000000    rw- .stack


SECTION ALLOCATION MAP

 output                                  attributes/
section   page    origin      length       input sections
--------  ----  ----------  ----------   ----------------
.intvecs   0    00000000    0000026c     
                  00000000    0000026c     tm4c123gh6pm_startup_ccs.obj (.intvecs)

.const     0    0000026c    0000993c     
                  0000026c    00007a7f     TubeImage.obj (.const:.string:g_pui9Image)
                  00007ceb    00000001     --HOLE-- [fill = 0]
                  00007cec    0000095e     grlib.lib : fontcm20.obj (.const:.string:g_pui8Cm20Data)
                  0000864a    00000002     --HOLE-- [fill = 0]
                  0000864c    0000065a               : fontcm14.obj (.const:.string:g_pui8Cm14Data)
                  00008ca6    00000002     --HOLE-- [fill = 0]
                  00008ca8    0000055f               : fontcm12.obj (.const:.string:g_pui8Cm12Data)
                  00009207    00000210     images.obj (.const:.string:g_pucBlue50x50)
                  00009417    0000020e     images.obj (.const:.string:g_pucBlue50x50Press)
                  00009625    00000003     --HOLE-- [fill = 0]
                  00009628    0000011a     ZC706_SPI_Display.obj (.const:.string)
                  00009742    00000002     --HOLE-- [fill = 0]
                  00009744    000000c8     grlib.lib : fontcm12.obj (.const:g_sFontCm12)
                  0000980c    000000c8               : fontcm14.obj (.const:g_sFontCm14)
                  000098d4    000000c8               : fontcm20.obj (.const:g_sFontCm20)
                  0000999c    00000078     driverlib.lib : gpio.obj (.const:g_pui32GPIOBaseAddrs)
                  00009a14    00000070                   : interrupt.obj (.const)
                  00009a84    0000006c                   : sysctl.obj (.const:g_pui32Xtals)
                  00009af0    00000038     touch.obj (.const:g_lTouchParameters)
                  00009b28    00000028     Kentec320x240x16_ssd2119_8bit.obj (.const:g_sKentec320x240x16_SSD2119)
                  00009b50    00000012     uartstdio.obj (.const:.string)
                  00009b62    00000002     --HOLE-- [fill = 0]
                  00009b64    00000012     ustdlib.obj (.const:.string)
                  00009b76    00000002     --HOLE-- [fill = 0]
                  00009b78    00000010     grlib.lib : context.obj (.const)
                  00009b88    0000000c     uartstdio.obj (.const:g_ui32UARTBase)
                  00009b94    0000000c     uartstdio.obj (.const:g_ui32UARTPeriph)
                  00009ba0    00000004     uartstdio.obj (.const)
                  00009ba4    00000004     ustdlib.obj (.const)

.text      0    00009ba8    00006bfa     
                  00009ba8    00001484     ZC706_SPI_Display.obj (.text:main)
                  0000b02c    00000438     ustdlib.obj (.text:uvsnprintf)
                  0000b464    00000390     ZC706_SPI_Display.obj (.text:UpdateScope)
                  0000b7f4    00000374     grlib.lib : image.obj (.text:Internai32ImageDraw)
                  0000bb68    00000358     ZC706_SPI_Display.obj (.text:OnLEDStatusPaint)
                  0000bec0    0000030c     uartstdio.obj (.text:UARTvprintf)
                  0000c1cc    000002f8     rtsv7M4_T_le_v4SPD16_eabi.lib : e_log10.obj (.text)
                  0000c4c4    000002f4     Kentec320x240x16_ssd2119_8bit.obj (.text:Kentec320x240x16_SSD2119Init)
                  0000c7b8    000002ba     grlib.lib : image.obj (.text:PixelTransparentDraw)
                  0000ca72    00000266               : string.obj (.text:GrFontGlyphRender)
                  0000ccd8    00000224     ZC706_SPI_Display.obj (.text:OnBlockDiagramPaint)
                  0000cefc    00000218     touch.obj (.text:TouchScreenDebouncer)
                  0000d114    00000208     Kentec320x240x16_ssd2119_8bit.obj (.text:Kentec320x240x16_SSD2119PixelDrawMultiple)
                  0000d31c    000001b6     rtsv7M4_T_le_v4SPD16_eabi.lib : fd_add_t2.obj (.text)
                  0000d4d2    00000188     grlib.lib : canvas.obj (.text:CanvasPaint)
                  0000d65a    0000016e               : pushbutton.obj (.text:RectangularButtonPaint)
                  0000d7c8    0000016c     ZC706_SPI_Display.obj (.text:SSI1IntHandler)
                  0000d934    00000160     Kentec320x240x16_ssd2119_8bit.obj (.text:Kentec320x240x16_SSD2119RectFill)
                  0000da94    0000014c     touch.obj (.text:TouchScreenIntHandler)
                  0000dbe0    00000146     grlib.lib : circle.obj (.text:GrCircleFill)
                  0000dd26    00000002     tm4c123gh6pm_startup_ccs.obj (.text:FaultISR)
                  0000dd28    00000144     ZC706_SPI_Display.obj (.text:OnPrevious)
                  0000de6c    0000013c     ZC706_SPI_Display.obj (.text:OnDataPaint)
                  0000dfa8    00000136     rtsv7M4_T_le_v4SPD16_eabi.lib : fd_div_t2.obj (.text)
                  0000e0de    00000002     tm4c123gh6pm_startup_ccs.obj (.text:IntDefaultHandler)
                  0000e0e0    00000128     ZC706_SPI_Display.obj (.text:OnNext)
                  0000e208    00000110     ZC706_SPI_Display.obj (.text:OnPLLButtonPress)
                  0000e318    00000110     ZC706_SPI_Display.obj (.text:OnRXMSGButtonPress)
                  0000e428    00000110     ZC706_SPI_Display.obj (.text:OnRxButtonPress)
                  0000e538    00000110     ZC706_SPI_Display.obj (.text:OnSYNCButtonPress)
                  0000e648    00000100     grlib.lib : line.obj (.text:GrLineDraw)
                  0000e748    000000fc     rtsv7M4_T_le_v4SPD16_eabi.lib : fd_mul_t2.obj (.text)
                  0000e844    000000f8     touch.obj (.text:TouchScreenInit)
                  0000e93c    000000f0     grlib.lib : widget.obj (.text:WidgetMessageQueueAdd)
                  0000ea2c    000000ec               : pushbutton.obj (.text:RectangularButtonClick)
                  0000eb18    000000ca               : string.obj (.text:GrDefaultStringRenderer)
                  0000ebe2    000000bc               : line.obj (.text:GrLineClip)
                  0000ec9e    000000b8     driverlib.lib : gpio.obj (.text:GPIOPadConfigSet)
                  0000ed56    00000002     tm4c123gh6pm_startup_ccs.obj (.text:NmiSR)
                  0000ed58    000000b4     driverlib.lib : sysctl.obj (.text:SysCtlClockGet)
                  0000ee0c    000000b0     grlib.lib : widget.obj (.text:WidgetMessageSendPostOrder)
                  0000eebc    000000ac     ZC706_SPI_Display.obj (.text:OnSYNCStatusPaint)
                  0000ef68    000000a8     ZC706_SPI_Display.obj (.text:OnPLLStatusPaint)
                  0000f010    0000009c     rtsv7M4_T_le_v4SPD16_eabi.lib : memcpy_t2.obj (.text)
                  0000f0ac    00000098     Kentec320x240x16_ssd2119_8bit.obj (.text:InitGPIOLCDInterface)
                  0000f144    00000090     Kentec320x240x16_ssd2119_8bit.obj (.text:Kentec320x240x16_SSD2119LineDrawH)
                  0000f1d4    00000090     Kentec320x240x16_ssd2119_8bit.obj (.text:Kentec320x240x16_SSD2119LineDrawV)
                  0000f264    0000008c     ZC706_SPI_Display.obj (.text:OnRXMSGStatusPaint)
                  0000f2f0    0000008c     ZC706_SPI_Display.obj (.text:OnRxStatusPaint)
                  0000f37c    00000086     grlib.lib : rectangle.obj (.text:GrRectFill)
                  0000f402    00000086     rtsv7M4_T_le_v4SPD16_eabi.lib : fd_cmp_t2.obj (.text:__aeabi_cdrcmple)
                  0000f488    0000007c     Kentec320x240x16_ssd2119_8bit.obj (.text:WriteCommandGPIO)
                  0000f504    0000007a     rtsv7M4_T_le_v4SPD16_eabi.lib : memset_t2.obj (.text)
                  0000f57e    00000002                                   : i_div0.obj (.text)
                  0000f580    00000078     ZC706_SPI_Display.obj (.text:OnButtonPress2)
                  0000f5f8    00000074     ZC706_SPI_Display.obj (.text:ConfigureUART)
                  0000f66c    00000074     ZC706_SPI_Display.obj (.text:InitSPI1)
                  0000f6e0    00000074     uartstdio.obj (.text:UARTStdioConfig)
                  0000f754    00000074     Kentec320x240x16_ssd2119_8bit.obj (.text:WriteDataGPIO)
                  0000f7c8    00000070     driverlib.lib : adc.obj (.text:ADCSequenceStepConfigure)
                  0000f838    00000070     rtsv7M4_T_le_v4SPD16_eabi.lib : autoinit.obj (.text)
                  0000f8a8    0000006e                                   : fd_tos_t2.obj (.text)
                  0000f916    0000006a     grlib.lib : string.obj (.text:GrStringWidthGet)
                  0000f980    00000068     rtsv7M4_T_le_v4SPD16_eabi.lib : copy_decompress_lzss.obj (.text:decompress:lzss)
                  0000f9e8    00000066     grlib.lib : rectangle.obj (.text:GrRectDraw)
                  0000fa4e    00000002     rtsv7M4_T_le_v4SPD16_eabi.lib : mpu_init.obj (.text)
                  0000fa50    00000064     grlib.lib : context.obj (.text:GrContextInit)
                  0000fab4    00000064     Kentec320x240x16_ssd2119_8bit.obj (.text:Kentec320x240x16_SSD2119PixelDraw)
                  0000fb18    00000064     grlib.lib : widget.obj (.text:WidgetMessageQueueProcess)
                  0000fb7c    00000064     ZC706_SPI_Display.obj (.text:float_to_int_and_fract)
                  0000fbe0    00000062     grlib.lib : context.obj (.text:GrContextClipRegionSet)
                  0000fc42    00000002     rtsv7M4_T_le_v4SPD16_eabi.lib : startup.obj (.text)
                  0000fc44    00000060     driverlib.lib : interrupt.obj (.text:IntDisable)
                  0000fca4    00000060                   : interrupt.obj (.text:IntEnable)
                  0000fd04    0000005c     grlib.lib : string.obj (.text:FontWideGlyphDataGet)
                  0000fd60    0000005c     uartstdio.obj (.text:UARTwrite)
                  0000fdbc    00000058     ustdlib.obj (.text:ustrncpy)
                  0000fe14    00000056     grlib.lib : widget.obj (.text:WidgetMessageSendPreOrder)
                  0000fe6a    00000002     --HOLE-- [fill = 0]
                  0000fe6c    00000054     rtsv7M4_T_le_v4SPD16_eabi.lib : boot.obj (.text)
                  0000fec0    00000054                                   : exit.obj (.text)
                  0000ff14    0000004c     grlib.lib : widget.obj (.text:WidgetRemove)
                  0000ff60    0000004c     rtsv7M4_T_le_v4SPD16_eabi.lib : cpy_tbl.obj (.text)
                  0000ffac    0000004a     grlib.lib : string.obj (.text:UpdateContextCharMapping)
                  0000fff6    00000002     --HOLE-- [fill = 0]
                  0000fff8    00000048     driverlib.lib : gpio.obj (.text:GPIOPinConfigure)
                  00010040    00000048     rtsv7M4_T_le_v4SPD16_eabi.lib : fd_toi_t2.obj (.text)
                  00010088    00000046     grlib.lib : line.obj (.text:GrLineDrawH)
                  000100ce    00000046               : line.obj (.text:GrLineDrawV)
                  00010114    00000042     driverlib.lib : ssi.obj (.text:SSIConfigSetExpClk)
                  00010156    00000002     --HOLE-- [fill = 0]
                  00010158    00000040     ZC706_SPI_Display.obj (.text:SysTickIntHandler)
                  00010198    00000040     rtsv7M4_T_le_v4SPD16_eabi.lib : u_divt2.obj (.text)
                  000101d8    0000003a     grlib.lib : string.obj (.text:FontGlyphDataGet)
                  00010212    00000038     rtsv7M4_T_le_v4SPD16_eabi.lib : fs_tod_t2.obj (.text)
                  0001024a    00000036     grlib.lib : line.obj (.text:GrClipCodeGet)
                  00010280    00000036     ZC706_SPI_Display.obj (.text:GrStringDrawRight)
                  000102b6    00000002     --HOLE-- [fill = 0]
                  000102b8    00000034     ZC706_SPI_Display.obj (.text:DrawTubeImage)
                  000102ec    00000034     driverlib.lib : sysctl.obj (.text:SysCtlPeripheralEnable)
                  00010320    00000032     ustdlib.obj (.text:usprintf)
                  00010352    0000002e     rtsv7M4_T_le_v4SPD16_eabi.lib : i_tofd_t2.obj (.text)
                  00010380    0000002c     driverlib.lib : adc.obj (.text:ADCSequenceConfigure)
                  000103ac    0000002a                   : gpio.obj (.text:GPIODirModeSet)
                  000103d6    0000002a     grlib.lib : string.obj (.text:GrFontBaselineGet)
                  00010400    0000002a               : string.obj (.text:GrFontHeightGet)
                  0001042a    0000002a               : string.obj (.text:GrStringNextCharGet)
                  00010454    0000002a               : widget.obj (.text:WidgetIsInTree)
                  0001047e    00000028     Kentec320x240x16_ssd2119_8bit.obj (.text:Kentec320x240x16_SSD2119ColorTranslate)
                  000104a6    00000002     --HOLE-- [fill = 0]
                  000104a8    00000028     driverlib.lib : timer.obj (.text:TimerConfigure)
                  000104d0    00000026     grlib.lib : string.obj (.text:GrFontInfoGet)
                  000104f6    00000024     uartstdio.obj (.text:UARTprintf)
                  0001051a    00000024     grlib.lib : widget.obj (.text:WidgetAdd)
                  0001053e    00000022               : string.obj (.text:GrFontGlyphDataGet)
                  00010560    00000022               : pushbutton.obj (.text:RectangularButtonMsgProc)
                  00010582    0000001e               : string.obj (.text:GrFontCodepageGet)
                  000105a0    0000001c               : widget.obj (.text:WidgetPointerMessage)
                  000105bc    00000018     driverlib.lib : timer.obj (.text:TimerControlTrigger)
                  000105d4    00000018     rtsv7M4_T_le_v4SPD16_eabi.lib : args_main.obj (.text)
                  000105ec    00000014     grlib.lib : canvas.obj (.text:CanvasMsgProc)
                  00010600    00000014     touch.obj (.text:TouchScreenCallbackSet)
                  00010614    00000014     grlib.lib : widget.obj (.text:WidgetMutexGet)
                  00010628    00000014     rtsv7M4_T_le_v4SPD16_eabi.lib : _lock.obj (.text)
                  0001063c    00000012     driverlib.lib : adc.obj (.text:ADCHardwareOversampleConfigure)
                  0001064e    00000012                   : gpio.obj (.text:GPIOPinTypeGPIOOutput)
                  00010660    00000012                   : gpio.obj (.text:GPIOPinTypeSSI)
                  00010672    00000012     grlib.lib : string.obj (.text:GrStringDraw)
                  00010684    00000012     driverlib.lib : timer.obj (.text:TimerLoadSet)
                  00010696    00000010                   : adc.obj (.text:ADCIntEnable)
                  000106a6    00000002     --HOLE-- [fill = 0]
                  000106a8    00000010                   : fpu.obj (.text:FPUEnable)
                  000106b8    00000010                   : fpu.obj (.text:FPULazyStackingEnable)
                  000106c8    00000010                   : mpu.obj (.text:MPUEnable)
                  000106d8    00000010                   : udma.obj (.text:uDMAEnable)
                  000106e8    0000000e                   : adc.obj (.text:ADCSequenceEnable)
                  000106f6    0000000e     grlib.lib : image.obj (.text:GrImageDraw)
                  00010704    0000000e     driverlib.lib : timer.obj (.text:TimerEnable)
                  00010712    0000000e     rtsv7M4_T_le_v4SPD16_eabi.lib : copy_decompress_none.obj (.text:decompress:none)
                  00010720    0000000c     driverlib.lib : ssi.obj (.text:SSIDataGet)
                  0001072c    0000000c     rtsv7M4_T_le_v4SPD16_eabi.lib : copy_zero_init.obj (.text:decompress:ZI)
                  00010738    0000000c     driverlib.lib : udma.obj (.text:uDMAControlBaseSet)
                  00010744    0000000a     Kentec320x240x16_ssd2119_8bit.obj (.text:Kentec320x240x16_SSD2119Flush)
                  0001074e    0000000a     driverlib.lib : ssi.obj (.text:SSIEnable)
                  00010758    0000000a                   : ssi.obj (.text:SSIIntStatus)
                  00010762    00000008     grlib.lib : charmap.obj (.text:GrMapISO8859_1_Unicode)
                  0001076a    00000008     driverlib.lib : ssi.obj (.text:SSIIntEnable)
                  00010772    00000006                   : gpio.obj (.text:GPIOPinWrite)
                  00010778    00000006     grlib.lib : string.obj (.text:GrContextFontSet)
                  0001077e    00000006     tm4c123gh6pm_startup_ccs.obj (.text:ResetISR)
                  00010784    00000006     driverlib.lib : sysctl.obj (.text:SysCtlDelay)
                  0001078a    00000006                   : uart.obj (.text:UARTClockSourceSet)
                  00010790    00000006     grlib.lib : widget.obj (.text:WidgetMutexPut)
                  00010796    00000004     driverlib.lib : ssi.obj (.text:SSIIntClear)
                  0001079a    00000004     grlib.lib : widget.obj (.text:WidgetDefaultMsgProc)
                  0001079e    00000004     rtsv7M4_T_le_v4SPD16_eabi.lib : pre_init.obj (.text)

.cinit     0    000107a8    00000248     
                  000107a8    0000021e     (.cinit..data.load) [load image, compression = lzss]
                  000109c6    00000002     --HOLE-- [fill = 0]
                  000109c8    0000000c     (__TI_handler_table)
                  000109d4    00000004     --HOLE-- [fill = 0]
                  000109d8    00000008     (.cinit..bss.load) [load image, compression = zero_init]
                  000109e0    00000010     (__TI_cinit_table)

.init_array 
*          0    00000000    00000000     UNINITIALIZED

.data      0    20000000    00000f30     UNINITIALIZED
                  20000000    00000280     ZC706_SPI_Display.obj (.data:g_psPanels)
                  20000280    00000280     ZC706_SPI_Display.obj (.data:g_psPushButtons2)
                  20000500    00000140     ZC706_SPI_Display.obj (.data:iAGC_Curve)
                  20000640    00000140     ZC706_SPI_Display.obj (.data:iCRC_Curve)
                  20000780    00000140     ZC706_SPI_Display.obj (.data:iFrame_Curve)
                  200008c0    00000140     ZC706_SPI_Display.obj (.data:iHold_Curve)
                  20000a00    00000140     ZC706_SPI_Display.obj (.data:iLock_Curve)
                  20000b40    00000080     ZC706_SPI_Display.obj (.data:g_psButtonCanvas)
                  20000bc0    00000050     ZC706_SPI_Display.obj (.data:g_sNext)
                  20000c10    00000050     ZC706_SPI_Display.obj (.data:g_sPrevious)
                  20000c60    00000048     ZC706_SPI_Display.obj (.data)
                  20000ca8    00000040     ZC706_SPI_Display.obj (.data:g_sDrawImage)
                  20000ce8    00000040     ZC706_SPI_Display.obj (.data:g_sLED_Display)
                  20000d28    00000040     ZC706_SPI_Display.obj (.data:g_sPLLStatus)
                  20000d68    00000040     ZC706_SPI_Display.obj (.data:g_sRXMSGStatus)
                  20000da8    00000040     ZC706_SPI_Display.obj (.data:g_sRxStatus)
                  20000de8    00000040     ZC706_SPI_Display.obj (.data:g_sSYNCStatus)
                  20000e28    00000040     ZC706_SPI_Display.obj (.data:g_sStatusData)
                  20000e68    00000040     ZC706_SPI_Display.obj (.data:g_sTitle)
                  20000ea8    0000002d     grlib.lib : widget.obj (.data)
                  20000ed5    00000003     --HOLE--
                  20000ed8    00000028     ZC706_SPI_Display.obj (.data:g_pcPanelNames)
                  20000f00    0000000c     rtsv7M4_T_le_v4SPD16_eabi.lib : exit.obj (.data:$O1$$)
                  20000f0c    00000008                                   : _lock.obj (.data:$O1$$)
                  20000f14    00000008     Kentec320x240x16_ssd2119_8bit.obj (.data)
                  20000f1c    00000005     uartstdio.obj (.data)
                  20000f21    00000003     --HOLE--
                  20000f24    00000004     rtsv7M4_T_le_v4SPD16_eabi.lib : errno.obj (.data)
                  20000f28    00000004                                   : stkdepth_vars.obj (.data)
                  20000f2c    00000004     touch.obj (.data)

.bss       0    20001000    0000086c     UNINITIALIZED
                  20001000    00000400     (.common:sDMAControlTable)
                  20001400    00000200     (.common:g_ulDataRx2)
                  20001600    00000140     grlib.lib : widget.obj (.bss:g_psMQ)
                  20001740    00000020               : image.obj (.bss)
                  20001760    00000014     ZC706_SPI_Display.obj (.bss:val10_string)
                  20001774    00000014     ZC706_SPI_Display.obj (.bss:val8_string)
                  20001788    00000014     ZC706_SPI_Display.obj (.bss:val9_string)
                  2000179c    00000014     ZC706_SPI_Display.obj (.bss:val_AGC_Str)
                  200017b0    00000014     ZC706_SPI_Display.obj (.bss:val_BER_Str)
                  200017c4    00000014     ZC706_SPI_Display.obj (.bss:val_CRC_Str)
                  200017d8    00000014     ZC706_SPI_Display.obj (.bss:val_EVM_Str)
                  200017ec    00000014     ZC706_SPI_Display.obj (.bss:val_Frame_Str)
                  20001800    00000014     ZC706_SPI_Display.obj (.bss:val_HOLD_Str)
                  20001814    00000014     ZC706_SPI_Display.obj (.bss:val_Lock_Str)
                  20001828    00000010     touch.obj (.bss:g_psSamples)
                  20001838    0000000c     (.common:g_pui32Colors)
                  20001844    00000008     touch.obj (.bss)
                  2000184c    00000004     grlib.lib : context.obj (.bss)
                  20001850    00000004     (.common:g_plParmSet)
                  20001854    00000004     (.common:g_ulButtonState)
                  20001858    00000004     (.common:g_ulButtonState2)
                  2000185c    00000004     (.common:g_ulPanel)
                  20001860    00000004     (.common:g_ulPreviousPanel)
                  20001864    00000004     (.common:my_noise)
                  20001868    00000002     (.common:g_sTouchX)
                  2000186a    00000002     (.common:g_sTouchY)

.stack     0    2000186c    00000400     UNINITIALIZED
                  2000186c    00000400     --HOLE--

MODULE SUMMARY

       Module                              code    ro data   rw data
       ------                              ----    -------   -------
    .\
       TubeImage.obj                       0       31359     0      
       ZC706_SPI_Display.obj               11198   282       5560   
       Kentec320x240x16_ssd2119_8bit.obj   2458    40        8      
       ustdlib.obj                         1218    22        0      
       touch.obj                           1136    56        36     
       images.obj                          0       1054      0      
       tm4c123gh6pm_startup_ccs.obj        12      620       0      
    +--+-----------------------------------+-------+---------+---------+
       Total:                              16022   33433     5604   
                                                                    
    .\utils\
       uartstdio.obj                       1024    46        5      
    +--+-----------------------------------+-------+---------+---------+
       Total:                              1024    46        5      
                                                                    
    C:/ti/TivaWare_C_Series-1.0/driverlib/ccs/Debug/driverlib.lib
       gpio.obj                            340     120       0      
       sysctl.obj                          238     108       0      
       interrupt.obj                       192     112       0      
       adc.obj                             204     0         0      
       ssi.obj                             110     0         0      
       timer.obj                           96      0         0      
       fpu.obj                             32      0         0      
       udma.obj                            28      0         0      
       mpu.obj                             16      0         0      
       uart.obj                            6       0         0      
    +--+-----------------------------------+-------+---------+---------+
       Total:                              1262    340       0      
                                                                    
    C:/ti/TivaWare_C_Series-1.0/grlib/ccs/Debug/grlib.lib
       fontcm20.obj                        0       2598      0      
       fontcm14.obj                        0       1826      0      
       image.obj                           1596    0         32     
       fontcm12.obj                        0       1575      0      
       string.obj                          1398    0         0      
       widget.obj                          814     0         365    
       line.obj                            638     0         0      
       pushbutton.obj                      636     0         0      
       canvas.obj                          412     0         0      
       circle.obj                          326     0         0      
       rectangle.obj                       236     0         0      
       context.obj                         198     16        4      
       charmap.obj                         8       0         0      
    +--+-----------------------------------+-------+---------+---------+
       Total:                              6262    6015      401    
                                                                    
    D:\ti\ccsv7\tools\compiler\ti-cgt-arm_16.9.1.LTS\lib\rtsv7M4_T_le_v4SPD16_eabi.lib
       e_log10.obj                         760     0         0      
       fd_add_t2.obj                       438     0         0      
       fd_div_t2.obj                       310     0         0      
       fd_mul_t2.obj                       252     0         0      
       memcpy_t2.obj                       156     0         0      
       fd_cmp_t2.obj                       134     0         0      
       memset_t2.obj                       122     0         0      
       autoinit.obj                        112     0         0      
       fd_tos_t2.obj                       110     0         0      
       copy_decompress_lzss.obj            104     0         0      
       exit.obj                            84      0         12     
       boot.obj                            84      0         0      
       cpy_tbl.obj                         76      0         0      
       fd_toi_t2.obj                       72      0         0      
       u_divt2.obj                         64      0         0      
       fs_tod_t2.obj                       56      0         0      
       i_tofd_t2.obj                       46      0         0      
       _lock.obj                           20      0         8      
       args_main.obj                       24      0         0      
       copy_decompress_none.obj            14      0         0      
       copy_zero_init.obj                  12      0         0      
       errno.obj                           0       0         4      
       pre_init.obj                        4       0         0      
       stkdepth_vars.obj                   0       0         4      
       i_div0.obj                          2       0         0      
       mpu_init.obj                        2       0         0      
       startup.obj                         2       0         0      
    +--+-----------------------------------+-------+---------+---------+
       Total:                              3060    0         28     
                                                                    
       Stack:                              0       0         1024   
       Linker Generated:                   0       578       0      
    +--+-----------------------------------+-------+---------+---------+
       Grand Total:                        27630   40412     7062   


LINKER GENERATED COPY TABLES

__TI_cinit_table @ 000109e0 records: 2, size/record: 8, table size: 16
	.data: load addr=000107a8, load size=0000021e bytes, run addr=20000000, run size=00000f30 bytes, compression=lzss
	.bss: load addr=000109d8, load size=00000008 bytes, run addr=20001000, run size=0000086c bytes, compression=zero_init


LINKER GENERATED HANDLER TABLE

__TI_handler_table @ 000109c8 records: 3, size/record: 4, table size: 12
	index: 0, handler: __TI_decompress_lzss
	index: 1, handler: __TI_decompress_none
	index: 2, handler: __TI_zero_init


GLOBAL SYMBOLS: SORTED ALPHABETICALLY BY Name 

address   name                           
-------   ----                           
0001063d  ADCHardwareOversampleConfigure 
00010697  ADCIntEnable                   
00010381  ADCSequenceConfigure           
000106e9  ADCSequenceEnable              
0000f7c9  ADCSequenceStepConfigure       
0000fec1  C$$EXIT                        
000105ed  CanvasMsgProc                  
0000f5f9  ConfigureUART                  
000102b9  DrawTubeImage                  
000106a9  FPUEnable                      
000106b9  FPULazyStackingEnable          
000103ad  GPIODirModeSet                 
0000ec9f  GPIOPadConfigSet               
0000fff9  GPIOPinConfigure               
0001064f  GPIOPinTypeGPIOOutput          
00010661  GPIOPinTypeSSI                 
00010773  GPIOPinWrite                   
0000dbe1  GrCircleFill                   
0000fbe1  GrContextClipRegionSet         
00010779  GrContextFontSet               
0000fa51  GrContextInit                  
0000eb19  GrDefaultStringRenderer        
000103d7  GrFontBaselineGet              
00010583  GrFontCodepageGet              
0001053f  GrFontGlyphDataGet             
0000ca73  GrFontGlyphRender              
00010401  GrFontHeightGet                
000104d1  GrFontInfoGet                  
000106f7  GrImageDraw                    
0000e649  GrLineDraw                     
00010089  GrLineDrawH                    
000100cf  GrLineDrawV                    
00010763  GrMapISO8859_1_Unicode         
0000f9e9  GrRectDraw                     
0000f37d  GrRectFill                     
00010673  GrStringDraw                   
00010281  GrStringDrawRight              
0001042b  GrStringNextCharGet            
0000f917  GrStringWidthGet               
0000f66d  InitSPI1                       
0000fc45  IntDisable                     
0000fca5  IntEnable                      
0000c4c5  Kentec320x240x16_SSD2119Init   
000106c9  MPUEnable                      
0000ccd9  OnBlockDiagramPaint            
0000f581  OnButtonPress2                 
0000de6d  OnDataPaint                    
0000bb69  OnLEDStatusPaint               
0000e0e1  OnNext                         
0000e209  OnPLLButtonPress               
0000ef69  OnPLLStatusPaint               
0000dd29  OnPrevious                     
0000e319  OnRXMSGButtonPress             
0000f265  OnRXMSGStatusPaint             
0000e429  OnRxButtonPress                
0000f2f1  OnRxStatusPaint                
0000e539  OnSYNCButtonPress              
0000eebd  OnSYNCStatusPaint              
00010561  RectangularButtonMsgProc       
0001077f  ResetISR                       
UNDEFED   SHT$$INIT_ARRAY$$Base          
UNDEFED   SHT$$INIT_ARRAY$$Limit         
0000d7c9  SSI1IntHandler                 
00010115  SSIConfigSetExpClk             
00010721  SSIDataGet                     
0001074f  SSIEnable                      
00010797  SSIIntClear                    
0001076b  SSIIntEnable                   
00010759  SSIIntStatus                   
0000ed59  SysCtlClockGet                 
00010785  SysCtlDelay                    
000102ed  SysCtlPeripheralEnable         
00010159  SysTickIntHandler              
20000ca0  SysTick_Semafore               
000104a9  TimerConfigure                 
000105bd  TimerControlTrigger            
00010705  TimerEnable                    
00010685  TimerLoadSet                   
00010601  TouchScreenCallbackSet         
0000e845  TouchScreenInit                
0000da95  TouchScreenIntHandler          
0001078b  UARTClockSourceSet             
0000f6e1  UARTStdioConfig                
000104f7  UARTprintf                     
0000bec1  UARTvprintf                    
0000fd61  UARTwrite                      
0000b465  UpdateScope                    
0001051b  WidgetAdd                      
0001079b  WidgetDefaultMsgProc           
0000e93d  WidgetMessageQueueAdd          
0000fb19  WidgetMessageQueueProcess      
0000ee0d  WidgetMessageSendPostOrder     
0000fe15  WidgetMessageSendPreOrder      
00010615  WidgetMutexGet                 
00010791  WidgetMutexPut                 
000105a1  WidgetPointerMessage           
0000ff15  WidgetRemove                   
20000f18  WriteCommand                   
20000f14  WriteData                      
20001c6c  __STACK_END                    
00000400  __STACK_SIZE                   
20001a6c  __STACK_TOP                    
000109e0  __TI_CINIT_Base                
000109f0  __TI_CINIT_Limit               
000109c8  __TI_Handler_Table_Base        
000109d4  __TI_Handler_Table_Limit       
0000f839  __TI_auto_init                 
20000f00  __TI_cleanup_ptr               
0000f981  __TI_decompress_lzss           
00010713  __TI_decompress_none           
20000f04  __TI_dtors_ptr                 
20000f08  __TI_enable_exit_profile_output
ffffffff  __TI_pprof_out_hndl            
ffffffff  __TI_prof_data_size            
ffffffff  __TI_prof_data_start           
00000000  __TI_static_base__             
0001072d  __TI_zero_init                 
0000f403  __aeabi_cdrcmple               
0000f8a9  __aeabi_d2f                    
00010041  __aeabi_d2iz                   
0000d327  __aeabi_dadd                   
0000dfa9  __aeabi_ddiv                   
0000e749  __aeabi_dmul                   
0000d31d  __aeabi_dsub                   
00010213  __aeabi_f2d                    
00010353  __aeabi_i2d                    
0000f57f  __aeabi_idiv0                  
0000f505  __aeabi_memclr                 
0000f505  __aeabi_memclr4                
0000f505  __aeabi_memclr8                
0000f011  __aeabi_memcpy                 
0000f011  __aeabi_memcpy4                
0000f011  __aeabi_memcpy8                
0000f507  __aeabi_memset                 
0000f507  __aeabi_memset4                
0000f507  __aeabi_memset8                
00010199  __aeabi_uidiv                  
00010199  __aeabi_uidivmod               
ffffffff  __binit__                      
ffffffff  __c_args__                     
0000fa4f  __mpu_init                     
2000186c  __stack                        
000105d5  _args_main                     
0000fe6d  _c_int00                       
20000f0c  _lock                          
00010637  _nop                           
0001062f  _register_lock                 
00010629  _register_unlock               
0000fc43  _system_post_cinit             
0001079f  _system_pre_init               
20000f10  _unlock                        
0000fec5  abort                          
ffffffff  binit                          
0000ff61  copy_in                        
20000f24  errno                          
0000fecd  exit                           
20000c84  fADC_Val                       
20000c6c  fAGC                           
20000c60  fBER                           
20000c80  fCRC                           
20000c78  fEVM                           
20000c7c  fFrame                         
20000c74  fHold                          
20000c70  fLock                          
20000c88  fRsense                        
20000c64  fTemp2                         
20000c68  fTempInt                       
20000c8c  fVref0                         
20000c90  fVref1                         
20000c94  fVref2                         
20000c98  fVref3                         
0000fb7d  float_to_int_and_fract         
00009af0  g_lTouchParameters             
20000ed8  g_pcPanelNames                 
00000000  g_pfnVectors                   
20001850  g_plParmSet                    
20000b40  g_psButtonCanvas               
00009b78  g_psDefaultCodePointMapTable   
20000000  g_psPanels                     
20000280  g_psPushButtons2               
00009207  g_pucBlue50x50                 
00009417  g_pucBlue50x50Press            
20001838  g_pui32Colors                  
0000026c  g_pui9Image                    
20000ca8  g_sDrawImage                   
00009744  g_sFontCm12                    
0000980c  g_sFontCm14                    
000098d4  g_sFontCm20                    
00009b28  g_sKentec320x240x16_SSD2119    
20000ce8  g_sLED_Display                 
20000bc0  g_sNext                        
20000d28  g_sPLLStatus                   
20000c10  g_sPrevious                    
20000d68  g_sRXMSGStatus                 
20000ea8  g_sRoot                        
20000da8  g_sRxStatus                    
20000de8  g_sSYNCStatus                  
20000e28  g_sStatusData                  
20000e68  g_sTitle                       
20000f2c  g_sTouchMin                    
20001868  g_sTouchX                      
2000186a  g_sTouchY                      
20001854  g_ulButtonState                
20001858  g_ulButtonState2               
20001400  g_ulDataRx2                    
2000185c  g_ulPanel                      
20001860  g_ulPreviousPanel              
20000ca4  g_ulSSI1RXFF                   
20000c9e  i16average                     
20000500  iAGC_Curve                     
20000640  iCRC_Curve                     
20000780  iFrame_Curve                   
200008c0  iHold_Curve                    
20000a00  iLock_Curve                    
20000c9c  i_counter                      
0000c1cd  log10                          
0000c1cd  log10l                         
00009ba9  main                           
20000f28  main_func_sp                   
0000f011  memcpy                         
0000f50d  memset                         
20001864  my_noise                       
20001000  sDMAControlTable               
00010739  uDMAControlBaseSet             
000106d9  uDMAEnable                     
00010321  usprintf                       
0000fdbd  ustrncpy                       
0000b02d  uvsnprintf                     


GLOBAL SYMBOLS: SORTED BY Symbol Address 

address   name                           
-------   ----                           
00000000  __TI_static_base__             
00000000  g_pfnVectors                   
0000026c  g_pui9Image                    
00000400  __STACK_SIZE                   
00009207  g_pucBlue50x50                 
00009417  g_pucBlue50x50Press            
00009744  g_sFontCm12                    
0000980c  g_sFontCm14                    
000098d4  g_sFontCm20                    
00009af0  g_lTouchParameters             
00009b28  g_sKentec320x240x16_SSD2119    
00009b78  g_psDefaultCodePointMapTable   
00009ba9  main                           
0000b02d  uvsnprintf                     
0000b465  UpdateScope                    
0000bb69  OnLEDStatusPaint               
0000bec1  UARTvprintf                    
0000c1cd  log10                          
0000c1cd  log10l                         
0000c4c5  Kentec320x240x16_SSD2119Init   
0000ca73  GrFontGlyphRender              
0000ccd9  OnBlockDiagramPaint            
0000d31d  __aeabi_dsub                   
0000d327  __aeabi_dadd                   
0000d7c9  SSI1IntHandler                 
0000da95  TouchScreenIntHandler          
0000dbe1  GrCircleFill                   
0000dd29  OnPrevious                     
0000de6d  OnDataPaint                    
0000dfa9  __aeabi_ddiv                   
0000e0e1  OnNext                         
0000e209  OnPLLButtonPress               
0000e319  OnRXMSGButtonPress             
0000e429  OnRxButtonPress                
0000e539  OnSYNCButtonPress              
0000e649  GrLineDraw                     
0000e749  __aeabi_dmul                   
0000e845  TouchScreenInit                
0000e93d  WidgetMessageQueueAdd          
0000eb19  GrDefaultStringRenderer        
0000ec9f  GPIOPadConfigSet               
0000ed59  SysCtlClockGet                 
0000ee0d  WidgetMessageSendPostOrder     
0000eebd  OnSYNCStatusPaint              
0000ef69  OnPLLStatusPaint               
0000f011  __aeabi_memcpy                 
0000f011  __aeabi_memcpy4                
0000f011  __aeabi_memcpy8                
0000f011  memcpy                         
0000f265  OnRXMSGStatusPaint             
0000f2f1  OnRxStatusPaint                
0000f37d  GrRectFill                     
0000f403  __aeabi_cdrcmple               
0000f505  __aeabi_memclr                 
0000f505  __aeabi_memclr4                
0000f505  __aeabi_memclr8                
0000f507  __aeabi_memset                 
0000f507  __aeabi_memset4                
0000f507  __aeabi_memset8                
0000f50d  memset                         
0000f57f  __aeabi_idiv0                  
0000f581  OnButtonPress2                 
0000f5f9  ConfigureUART                  
0000f66d  InitSPI1                       
0000f6e1  UARTStdioConfig                
0000f7c9  ADCSequenceStepConfigure       
0000f839  __TI_auto_init                 
0000f8a9  __aeabi_d2f                    
0000f917  GrStringWidthGet               
0000f981  __TI_decompress_lzss           
0000f9e9  GrRectDraw                     
0000fa4f  __mpu_init                     
0000fa51  GrContextInit                  
0000fb19  WidgetMessageQueueProcess      
0000fb7d  float_to_int_and_fract         
0000fbe1  GrContextClipRegionSet         
0000fc43  _system_post_cinit             
0000fc45  IntDisable                     
0000fca5  IntEnable                      
0000fd61  UARTwrite                      
0000fdbd  ustrncpy                       
0000fe15  WidgetMessageSendPreOrder      
0000fe6d  _c_int00                       
0000fec1  C$$EXIT                        
0000fec5  abort                          
0000fecd  exit                           
0000ff15  WidgetRemove                   
0000ff61  copy_in                        
0000fff9  GPIOPinConfigure               
00010041  __aeabi_d2iz                   
00010089  GrLineDrawH                    
000100cf  GrLineDrawV                    
00010115  SSIConfigSetExpClk             
00010159  SysTickIntHandler              
00010199  __aeabi_uidiv                  
00010199  __aeabi_uidivmod               
00010213  __aeabi_f2d                    
00010281  GrStringDrawRight              
000102b9  DrawTubeImage                  
000102ed  SysCtlPeripheralEnable         
00010321  usprintf                       
00010353  __aeabi_i2d                    
00010381  ADCSequenceConfigure           
000103ad  GPIODirModeSet                 
000103d7  GrFontBaselineGet              
00010401  GrFontHeightGet                
0001042b  GrStringNextCharGet            
000104a9  TimerConfigure                 
000104d1  GrFontInfoGet                  
000104f7  UARTprintf                     
0001051b  WidgetAdd                      
0001053f  GrFontGlyphDataGet             
00010561  RectangularButtonMsgProc       
00010583  GrFontCodepageGet              
000105a1  WidgetPointerMessage           
000105bd  TimerControlTrigger            
000105d5  _args_main                     
000105ed  CanvasMsgProc                  
00010601  TouchScreenCallbackSet         
00010615  WidgetMutexGet                 
00010629  _register_unlock               
0001062f  _register_lock                 
00010637  _nop                           
0001063d  ADCHardwareOversampleConfigure 
0001064f  GPIOPinTypeGPIOOutput          
00010661  GPIOPinTypeSSI                 
00010673  GrStringDraw                   
00010685  TimerLoadSet                   
00010697  ADCIntEnable                   
000106a9  FPUEnable                      
000106b9  FPULazyStackingEnable          
000106c9  MPUEnable                      
000106d9  uDMAEnable                     
000106e9  ADCSequenceEnable              
000106f7  GrImageDraw                    
00010705  TimerEnable                    
00010713  __TI_decompress_none           
00010721  SSIDataGet                     
0001072d  __TI_zero_init                 
00010739  uDMAControlBaseSet             
0001074f  SSIEnable                      
00010759  SSIIntStatus                   
00010763  GrMapISO8859_1_Unicode         
0001076b  SSIIntEnable                   
00010773  GPIOPinWrite                   
00010779  GrContextFontSet               
0001077f  ResetISR                       
00010785  SysCtlDelay                    
0001078b  UARTClockSourceSet             
00010791  WidgetMutexPut                 
00010797  SSIIntClear                    
0001079b  WidgetDefaultMsgProc           
0001079f  _system_pre_init               
000109c8  __TI_Handler_Table_Base        
000109d4  __TI_Handler_Table_Limit       
000109e0  __TI_CINIT_Base                
000109f0  __TI_CINIT_Limit               
20000000  g_psPanels                     
20000280  g_psPushButtons2               
20000500  iAGC_Curve                     
20000640  iCRC_Curve                     
20000780  iFrame_Curve                   
200008c0  iHold_Curve                    
20000a00  iLock_Curve                    
20000b40  g_psButtonCanvas               
20000bc0  g_sNext                        
20000c10  g_sPrevious                    
20000c60  fBER                           
20000c64  fTemp2                         
20000c68  fTempInt                       
20000c6c  fAGC                           
20000c70  fLock                          
20000c74  fHold                          
20000c78  fEVM                           
20000c7c  fFrame                         
20000c80  fCRC                           
20000c84  fADC_Val                       
20000c88  fRsense                        
20000c8c  fVref0                         
20000c90  fVref1                         
20000c94  fVref2                         
20000c98  fVref3                         
20000c9c  i_counter                      
20000c9e  i16average                     
20000ca0  SysTick_Semafore               
20000ca4  g_ulSSI1RXFF                   
20000ca8  g_sDrawImage                   
20000ce8  g_sLED_Display                 
20000d28  g_sPLLStatus                   
20000d68  g_sRXMSGStatus                 
20000da8  g_sRxStatus                    
20000de8  g_sSYNCStatus                  
20000e28  g_sStatusData                  
20000e68  g_sTitle                       
20000ea8  g_sRoot                        
20000ed8  g_pcPanelNames                 
20000f00  __TI_cleanup_ptr               
20000f04  __TI_dtors_ptr                 
20000f08  __TI_enable_exit_profile_output
20000f0c  _lock                          
20000f10  _unlock                        
20000f14  WriteData                      
20000f18  WriteCommand                   
20000f24  errno                          
20000f28  main_func_sp                   
20000f2c  g_sTouchMin                    
20001000  sDMAControlTable               
20001400  g_ulDataRx2                    
20001838  g_pui32Colors                  
20001850  g_plParmSet                    
20001854  g_ulButtonState                
20001858  g_ulButtonState2               
2000185c  g_ulPanel                      
20001860  g_ulPreviousPanel              
20001864  my_noise                       
20001868  g_sTouchX                      
2000186a  g_sTouchY                      
2000186c  __stack                        
20001a6c  __STACK_TOP                    
20001c6c  __STACK_END                    
ffffffff  __TI_pprof_out_hndl            
ffffffff  __TI_prof_data_size            
ffffffff  __TI_prof_data_start           
ffffffff  __binit__                      
ffffffff  __c_args__                     
ffffffff  binit                          
UNDEFED   SHT$$INIT_ARRAY$$Base          
UNDEFED   SHT$$INIT_ARRAY$$Limit         

[228 symbols]
