******************************************************************************
                  TI ARM Linker PC v16.9.1                     
******************************************************************************
>> Linked Thu Mar 16 17:43:03 2017

OUTPUT FILE NAME:   <Display_Parameters.out>
ENTRY POINT SYMBOL: "_c_int00"  address: 0001b2f9


MEMORY CONFIGURATION

         name            origin    length      used     unused   attr    fill
----------------------  --------  ---------  --------  --------  ----  --------
  FLASH                 00000000   00040000  0001be7e  00024182  R  X
  SRAM                  20000000   00008000  00001b9c  00006464  RW X


SEGMENT ALLOCATION MAP

run origin  load origin   length   init length attrs members
----------  ----------- ---------- ----------- ----- -------
00000000    00000000    0001be80   0001be80    r-x
  00000000    00000000    0000026c   0000026c    r-- .intvecs
  0000026c    0000026c    00014dc0   00014dc0    r-- .const
  0001502c    0001502c    00006c02   00006c02    r-x .text
  0001bc30    0001bc30    00000250   00000250    r-- .cinit
20000000    20000000    00000f30   00000000    rw-
  20000000    20000000    00000f30   00000000    rw- .data
20001000    20001000    00000c6c   00000000    rw-
  20001000    20001000    0000086c   00000000    rw- .bss
  2000186c    2000186c    00000400   00000000    rw- .stack


SECTION ALLOCATION MAP

 output                                  attributes/
section   page    origin      length       input sections
--------  ----  ----------  ----------   ----------------
.intvecs   0    00000000    0000026c     
                  00000000    0000026c     tm4c123gh6pm_startup_ccs.obj (.intvecs)

.const     0    0000026c    00014dc0     
                  0000026c    00012f03     harmony320x240.obj (.const:.string:g_pui_Harmony_Image)
                  0001316f    00000001     --HOLE-- [fill = 0]
                  00013170    0000095e     grlib.lib : fontcm20.obj (.const:.string:g_pui8Cm20Data)
                  00013ace    00000002     --HOLE-- [fill = 0]
                  00013ad0    0000065a               : fontcm14.obj (.const:.string:g_pui8Cm14Data)
                  0001412a    00000002     --HOLE-- [fill = 0]
                  0001412c    0000055f               : fontcm12.obj (.const:.string:g_pui8Cm12Data)
                  0001468b    00000210     images.obj (.const:.string:g_pucBlue50x50)
                  0001489b    0000020e     images.obj (.const:.string:g_pucBlue50x50Press)
                  00014aa9    00000003     --HOLE-- [fill = 0]
                  00014aac    0000011a     ZC706_SPI_Display.obj (.const:.string)
                  00014bc6    00000002     --HOLE-- [fill = 0]
                  00014bc8    000000c8     grlib.lib : fontcm12.obj (.const:g_sFontCm12)
                  00014c90    000000c8               : fontcm14.obj (.const:g_sFontCm14)
                  00014d58    000000c8               : fontcm20.obj (.const:g_sFontCm20)
                  00014e20    00000078     driverlib.lib : gpio.obj (.const:g_pui32GPIOBaseAddrs)
                  00014e98    00000070                   : interrupt.obj (.const)
                  00014f08    0000006c                   : sysctl.obj (.const:g_pui32Xtals)
                  00014f74    00000038     touch.obj (.const:g_lTouchParameters)
                  00014fac    00000028     Kentec320x240x16_ssd2119_8bit.obj (.const:g_sKentec320x240x16_SSD2119)
                  00014fd4    00000012     uartstdio.obj (.const:.string)
                  00014fe6    00000002     --HOLE-- [fill = 0]
                  00014fe8    00000012     ustdlib.obj (.const:.string)
                  00014ffa    00000002     --HOLE-- [fill = 0]
                  00014ffc    00000010     grlib.lib : context.obj (.const)
                  0001500c    0000000c     uartstdio.obj (.const:g_ui32UARTBase)
                  00015018    0000000c     uartstdio.obj (.const:g_ui32UARTPeriph)
                  00015024    00000004     uartstdio.obj (.const)
                  00015028    00000004     ustdlib.obj (.const)

.text      0    0001502c    00006c02     
                  0001502c    00001484     ZC706_SPI_Display.obj (.text:main)
                  000164b0    00000438     ustdlib.obj (.text:uvsnprintf)
                  000168e8    00000390     ZC706_SPI_Display.obj (.text:UpdateScope)
                  00016c78    00000374     grlib.lib : image.obj (.text:Internai32ImageDraw)
                  00016fec    00000358     ZC706_SPI_Display.obj (.text:OnLEDStatusPaint)
                  00017344    0000030c     uartstdio.obj (.text:UARTvprintf)
                  00017650    000002f8     rtsv7M4_T_le_v4SPD16_eabi.lib : e_log10.obj (.text)
                  00017948    000002f4     Kentec320x240x16_ssd2119_8bit.obj (.text:Kentec320x240x16_SSD2119Init)
                  00017c3c    000002ba     grlib.lib : image.obj (.text:PixelTransparentDraw)
                  00017ef6    00000266               : string.obj (.text:GrFontGlyphRender)
                  0001815c    00000224     ZC706_SPI_Display.obj (.text:OnBlockDiagramPaint)
                  00018380    00000218     touch.obj (.text:TouchScreenDebouncer)
                  00018598    00000208     Kentec320x240x16_ssd2119_8bit.obj (.text:Kentec320x240x16_SSD2119PixelDrawMultiple)
                  000187a0    000001b6     rtsv7M4_T_le_v4SPD16_eabi.lib : fd_add_t2.obj (.text)
                  00018956    00000188     grlib.lib : canvas.obj (.text:CanvasPaint)
                  00018ade    0000016e               : pushbutton.obj (.text:RectangularButtonPaint)
                  00018c4c    0000016c     ZC706_SPI_Display.obj (.text:SSI1IntHandler)
                  00018db8    00000160     Kentec320x240x16_ssd2119_8bit.obj (.text:Kentec320x240x16_SSD2119RectFill)
                  00018f18    0000014c     ZC706_SPI_Display.obj (.text:OnPrevious)
                  00019064    0000014c     touch.obj (.text:TouchScreenIntHandler)
                  000191b0    00000146     grlib.lib : circle.obj (.text:GrCircleFill)
                  000192f6    00000002     tm4c123gh6pm_startup_ccs.obj (.text:FaultISR)
                  000192f8    0000013c     ZC706_SPI_Display.obj (.text:OnDataPaint)
                  00019434    00000136     rtsv7M4_T_le_v4SPD16_eabi.lib : fd_div_t2.obj (.text)
                  0001956a    00000002     tm4c123gh6pm_startup_ccs.obj (.text:IntDefaultHandler)
                  0001956c    00000128     ZC706_SPI_Display.obj (.text:OnNext)
                  00019694    00000110     ZC706_SPI_Display.obj (.text:OnPLLButtonPress)
                  000197a4    00000110     ZC706_SPI_Display.obj (.text:OnRXMSGButtonPress)
                  000198b4    00000110     ZC706_SPI_Display.obj (.text:OnRxButtonPress)
                  000199c4    00000110     ZC706_SPI_Display.obj (.text:OnSYNCButtonPress)
                  00019ad4    00000100     grlib.lib : line.obj (.text:GrLineDraw)
                  00019bd4    000000fc     rtsv7M4_T_le_v4SPD16_eabi.lib : fd_mul_t2.obj (.text)
                  00019cd0    000000f8     touch.obj (.text:TouchScreenInit)
                  00019dc8    000000f0     grlib.lib : widget.obj (.text:WidgetMessageQueueAdd)
                  00019eb8    000000ec               : pushbutton.obj (.text:RectangularButtonClick)
                  00019fa4    000000ca               : string.obj (.text:GrDefaultStringRenderer)
                  0001a06e    000000bc               : line.obj (.text:GrLineClip)
                  0001a12a    000000b8     driverlib.lib : gpio.obj (.text:GPIOPadConfigSet)
                  0001a1e2    00000002     tm4c123gh6pm_startup_ccs.obj (.text:NmiSR)
                  0001a1e4    000000b4     driverlib.lib : sysctl.obj (.text:SysCtlClockGet)
                  0001a298    000000b0     grlib.lib : widget.obj (.text:WidgetMessageSendPostOrder)
                  0001a348    000000ac     ZC706_SPI_Display.obj (.text:OnSYNCStatusPaint)
                  0001a3f4    000000a8     ZC706_SPI_Display.obj (.text:OnPLLStatusPaint)
                  0001a49c    0000009c     rtsv7M4_T_le_v4SPD16_eabi.lib : memcpy_t2.obj (.text)
                  0001a538    00000098     Kentec320x240x16_ssd2119_8bit.obj (.text:InitGPIOLCDInterface)
                  0001a5d0    00000090     Kentec320x240x16_ssd2119_8bit.obj (.text:Kentec320x240x16_SSD2119LineDrawH)
                  0001a660    00000090     Kentec320x240x16_ssd2119_8bit.obj (.text:Kentec320x240x16_SSD2119LineDrawV)
                  0001a6f0    0000008c     ZC706_SPI_Display.obj (.text:OnRXMSGStatusPaint)
                  0001a77c    0000008c     ZC706_SPI_Display.obj (.text:OnRxStatusPaint)
                  0001a808    00000086     grlib.lib : rectangle.obj (.text:GrRectFill)
                  0001a88e    00000086     rtsv7M4_T_le_v4SPD16_eabi.lib : fd_cmp_t2.obj (.text:__aeabi_cdrcmple)
                  0001a914    0000007c     Kentec320x240x16_ssd2119_8bit.obj (.text:WriteCommandGPIO)
                  0001a990    0000007a     rtsv7M4_T_le_v4SPD16_eabi.lib : memset_t2.obj (.text)
                  0001aa0a    00000002                                   : i_div0.obj (.text)
                  0001aa0c    00000078     ZC706_SPI_Display.obj (.text:OnButtonPress2)
                  0001aa84    00000074     ZC706_SPI_Display.obj (.text:ConfigureUART)
                  0001aaf8    00000074     ZC706_SPI_Display.obj (.text:InitSPI1)
                  0001ab6c    00000074     uartstdio.obj (.text:UARTStdioConfig)
                  0001abe0    00000074     Kentec320x240x16_ssd2119_8bit.obj (.text:WriteDataGPIO)
                  0001ac54    00000070     driverlib.lib : adc.obj (.text:ADCSequenceStepConfigure)
                  0001acc4    00000070     rtsv7M4_T_le_v4SPD16_eabi.lib : autoinit.obj (.text)
                  0001ad34    0000006e                                   : fd_tos_t2.obj (.text)
                  0001ada2    0000006a     grlib.lib : string.obj (.text:GrStringWidthGet)
                  0001ae0c    00000068     rtsv7M4_T_le_v4SPD16_eabi.lib : copy_decompress_lzss.obj (.text:decompress:lzss)
                  0001ae74    00000066     grlib.lib : rectangle.obj (.text:GrRectDraw)
                  0001aeda    00000002     rtsv7M4_T_le_v4SPD16_eabi.lib : mpu_init.obj (.text)
                  0001aedc    00000064     grlib.lib : context.obj (.text:GrContextInit)
                  0001af40    00000064     Kentec320x240x16_ssd2119_8bit.obj (.text:Kentec320x240x16_SSD2119PixelDraw)
                  0001afa4    00000064     grlib.lib : widget.obj (.text:WidgetMessageQueueProcess)
                  0001b008    00000064     ZC706_SPI_Display.obj (.text:float_to_int_and_fract)
                  0001b06c    00000062     grlib.lib : context.obj (.text:GrContextClipRegionSet)
                  0001b0ce    00000002     rtsv7M4_T_le_v4SPD16_eabi.lib : startup.obj (.text)
                  0001b0d0    00000060     driverlib.lib : interrupt.obj (.text:IntDisable)
                  0001b130    00000060                   : interrupt.obj (.text:IntEnable)
                  0001b190    0000005c     grlib.lib : string.obj (.text:FontWideGlyphDataGet)
                  0001b1ec    0000005c     uartstdio.obj (.text:UARTwrite)
                  0001b248    00000058     ustdlib.obj (.text:ustrncpy)
                  0001b2a0    00000056     grlib.lib : widget.obj (.text:WidgetMessageSendPreOrder)
                  0001b2f6    00000002     --HOLE-- [fill = 0]
                  0001b2f8    00000054     rtsv7M4_T_le_v4SPD16_eabi.lib : boot.obj (.text)
                  0001b34c    00000054                                   : exit.obj (.text)
                  0001b3a0    0000004c     grlib.lib : widget.obj (.text:WidgetRemove)
                  0001b3ec    0000004c     rtsv7M4_T_le_v4SPD16_eabi.lib : cpy_tbl.obj (.text)
                  0001b438    0000004a     grlib.lib : string.obj (.text:UpdateContextCharMapping)
                  0001b482    00000002     --HOLE-- [fill = 0]
                  0001b484    00000048     driverlib.lib : gpio.obj (.text:GPIOPinConfigure)
                  0001b4cc    00000048     rtsv7M4_T_le_v4SPD16_eabi.lib : fd_toi_t2.obj (.text)
                  0001b514    00000046     grlib.lib : line.obj (.text:GrLineDrawH)
                  0001b55a    00000046               : line.obj (.text:GrLineDrawV)
                  0001b5a0    00000042     driverlib.lib : ssi.obj (.text:SSIConfigSetExpClk)
                  0001b5e2    00000002     --HOLE-- [fill = 0]
                  0001b5e4    00000040     ZC706_SPI_Display.obj (.text:SysTickIntHandler)
                  0001b624    00000040     rtsv7M4_T_le_v4SPD16_eabi.lib : u_divt2.obj (.text)
                  0001b664    0000003a     grlib.lib : string.obj (.text:FontGlyphDataGet)
                  0001b69e    00000038     rtsv7M4_T_le_v4SPD16_eabi.lib : fs_tod_t2.obj (.text)
                  0001b6d6    00000036     grlib.lib : line.obj (.text:GrClipCodeGet)
                  0001b70c    00000036     ZC706_SPI_Display.obj (.text:GrStringDrawRight)
                  0001b742    00000002     --HOLE-- [fill = 0]
                  0001b744    00000034     ZC706_SPI_Display.obj (.text:DrawFirstImage)
                  0001b778    00000034     driverlib.lib : sysctl.obj (.text:SysCtlPeripheralEnable)
                  0001b7ac    00000032     ustdlib.obj (.text:usprintf)
                  0001b7de    0000002e     rtsv7M4_T_le_v4SPD16_eabi.lib : i_tofd_t2.obj (.text)
                  0001b80c    0000002c     driverlib.lib : adc.obj (.text:ADCSequenceConfigure)
                  0001b838    0000002a                   : gpio.obj (.text:GPIODirModeSet)
                  0001b862    0000002a     grlib.lib : string.obj (.text:GrFontBaselineGet)
                  0001b88c    0000002a               : string.obj (.text:GrFontHeightGet)
                  0001b8b6    0000002a               : string.obj (.text:GrStringNextCharGet)
                  0001b8e0    0000002a               : widget.obj (.text:WidgetIsInTree)
                  0001b90a    00000028     Kentec320x240x16_ssd2119_8bit.obj (.text:Kentec320x240x16_SSD2119ColorTranslate)
                  0001b932    00000002     --HOLE-- [fill = 0]
                  0001b934    00000028     driverlib.lib : timer.obj (.text:TimerConfigure)
                  0001b95c    00000026     grlib.lib : string.obj (.text:GrFontInfoGet)
                  0001b982    00000024     uartstdio.obj (.text:UARTprintf)
                  0001b9a6    00000024     grlib.lib : widget.obj (.text:WidgetAdd)
                  0001b9ca    00000022               : string.obj (.text:GrFontGlyphDataGet)
                  0001b9ec    00000022               : pushbutton.obj (.text:RectangularButtonMsgProc)
                  0001ba0e    0000001e               : string.obj (.text:GrFontCodepageGet)
                  0001ba2c    0000001c               : widget.obj (.text:WidgetPointerMessage)
                  0001ba48    00000018     driverlib.lib : timer.obj (.text:TimerControlTrigger)
                  0001ba60    00000018     rtsv7M4_T_le_v4SPD16_eabi.lib : args_main.obj (.text)
                  0001ba78    00000014     grlib.lib : canvas.obj (.text:CanvasMsgProc)
                  0001ba8c    00000014     touch.obj (.text:TouchScreenCallbackSet)
                  0001baa0    00000014     grlib.lib : widget.obj (.text:WidgetMutexGet)
                  0001bab4    00000014     rtsv7M4_T_le_v4SPD16_eabi.lib : _lock.obj (.text)
                  0001bac8    00000012     driverlib.lib : adc.obj (.text:ADCHardwareOversampleConfigure)
                  0001bada    00000012                   : gpio.obj (.text:GPIOPinTypeGPIOOutput)
                  0001baec    00000012                   : gpio.obj (.text:GPIOPinTypeSSI)
                  0001bafe    00000012     grlib.lib : string.obj (.text:GrStringDraw)
                  0001bb10    00000012     driverlib.lib : timer.obj (.text:TimerLoadSet)
                  0001bb22    00000010                   : adc.obj (.text:ADCIntEnable)
                  0001bb32    00000002     --HOLE-- [fill = 0]
                  0001bb34    00000010                   : fpu.obj (.text:FPUEnable)
                  0001bb44    00000010                   : fpu.obj (.text:FPULazyStackingEnable)
                  0001bb54    00000010                   : mpu.obj (.text:MPUEnable)
                  0001bb64    00000010                   : udma.obj (.text:uDMAEnable)
                  0001bb74    0000000e                   : adc.obj (.text:ADCSequenceEnable)
                  0001bb82    0000000e     grlib.lib : image.obj (.text:GrImageDraw)
                  0001bb90    0000000e     driverlib.lib : timer.obj (.text:TimerEnable)
                  0001bb9e    0000000e     rtsv7M4_T_le_v4SPD16_eabi.lib : copy_decompress_none.obj (.text:decompress:none)
                  0001bbac    0000000c     driverlib.lib : ssi.obj (.text:SSIDataGet)
                  0001bbb8    0000000c     rtsv7M4_T_le_v4SPD16_eabi.lib : copy_zero_init.obj (.text:decompress:ZI)
                  0001bbc4    0000000c     driverlib.lib : udma.obj (.text:uDMAControlBaseSet)
                  0001bbd0    0000000a     Kentec320x240x16_ssd2119_8bit.obj (.text:Kentec320x240x16_SSD2119Flush)
                  0001bbda    0000000a     driverlib.lib : ssi.obj (.text:SSIEnable)
                  0001bbe4    0000000a                   : ssi.obj (.text:SSIIntStatus)
                  0001bbee    00000008     grlib.lib : charmap.obj (.text:GrMapISO8859_1_Unicode)
                  0001bbf6    00000008     driverlib.lib : ssi.obj (.text:SSIIntEnable)
                  0001bbfe    00000006                   : gpio.obj (.text:GPIOPinWrite)
                  0001bc04    00000006     grlib.lib : string.obj (.text:GrContextFontSet)
                  0001bc0a    00000006     tm4c123gh6pm_startup_ccs.obj (.text:ResetISR)
                  0001bc10    00000006     driverlib.lib : sysctl.obj (.text:SysCtlDelay)
                  0001bc16    00000006                   : uart.obj (.text:UARTClockSourceSet)
                  0001bc1c    00000006     grlib.lib : widget.obj (.text:WidgetMutexPut)
                  0001bc22    00000004     driverlib.lib : ssi.obj (.text:SSIIntClear)
                  0001bc26    00000004     grlib.lib : widget.obj (.text:WidgetDefaultMsgProc)
                  0001bc2a    00000004     rtsv7M4_T_le_v4SPD16_eabi.lib : pre_init.obj (.text)

.cinit     0    0001bc30    00000250     
                  0001bc30    00000227     (.cinit..data.load) [load image, compression = lzss]
                  0001be57    00000001     --HOLE-- [fill = 0]
                  0001be58    0000000c     (__TI_handler_table)
                  0001be64    00000004     --HOLE-- [fill = 0]
                  0001be68    00000008     (.cinit..bss.load) [load image, compression = zero_init]
                  0001be70    00000010     (__TI_cinit_table)

.init_array 
*          0    00000000    00000000     UNINITIALIZED

.data      0    20000000    00000f30     UNINITIALIZED
                  20000000    00000280     ZC706_SPI_Display.obj (.data:g_psPanels)
                  20000280    00000280     ZC706_SPI_Display.obj (.data:g_psPushButtons2)
                  20000500    00000140     ZC706_SPI_Display.obj (.data:iAGC_Curve)
                  20000640    00000140     ZC706_SPI_Display.obj (.data:iCRC_Curve)
                  20000780    00000140     ZC706_SPI_Display.obj (.data:iFrame_Curve)
                  200008c0    00000140     ZC706_SPI_Display.obj (.data:iHold_Curve)
                  20000a00    00000140     ZC706_SPI_Display.obj (.data:iLock_Curve)
                  20000b40    00000080     ZC706_SPI_Display.obj (.data:g_psButtonCanvas)
                  20000bc0    00000050     ZC706_SPI_Display.obj (.data:g_sNext)
                  20000c10    00000050     ZC706_SPI_Display.obj (.data:g_sPrevious)
                  20000c60    00000048     ZC706_SPI_Display.obj (.data)
                  20000ca8    00000040     ZC706_SPI_Display.obj (.data:g_sDrawImage)
                  20000ce8    00000040     ZC706_SPI_Display.obj (.data:g_sLED_Display)
                  20000d28    00000040     ZC706_SPI_Display.obj (.data:g_sPLLStatus)
                  20000d68    00000040     ZC706_SPI_Display.obj (.data:g_sRXMSGStatus)
                  20000da8    00000040     ZC706_SPI_Display.obj (.data:g_sRxStatus)
                  20000de8    00000040     ZC706_SPI_Display.obj (.data:g_sSYNCStatus)
                  20000e28    00000040     ZC706_SPI_Display.obj (.data:g_sStatusData)
                  20000e68    00000040     ZC706_SPI_Display.obj (.data:g_sTitle)
                  20000ea8    0000002d     grlib.lib : widget.obj (.data)
                  20000ed5    00000003     --HOLE--
                  20000ed8    00000028     ZC706_SPI_Display.obj (.data:g_pcPanelNames)
                  20000f00    0000000c     rtsv7M4_T_le_v4SPD16_eabi.lib : exit.obj (.data:$O1$$)
                  20000f0c    00000008                                   : _lock.obj (.data:$O1$$)
                  20000f14    00000008     Kentec320x240x16_ssd2119_8bit.obj (.data)
                  20000f1c    00000005     uartstdio.obj (.data)
                  20000f21    00000003     --HOLE--
                  20000f24    00000004     rtsv7M4_T_le_v4SPD16_eabi.lib : errno.obj (.data)
                  20000f28    00000004                                   : stkdepth_vars.obj (.data)
                  20000f2c    00000004     touch.obj (.data)

.bss       0    20001000    0000086c     UNINITIALIZED
                  20001000    00000400     (.common:sDMAControlTable)
                  20001400    00000200     (.common:g_ulDataRx2)
                  20001600    00000140     grlib.lib : widget.obj (.bss:g_psMQ)
                  20001740    00000020               : image.obj (.bss)
                  20001760    00000014     ZC706_SPI_Display.obj (.bss:val10_string)
                  20001774    00000014     ZC706_SPI_Display.obj (.bss:val8_string)
                  20001788    00000014     ZC706_SPI_Display.obj (.bss:val9_string)
                  2000179c    00000014     ZC706_SPI_Display.obj (.bss:val_AGC_Str)
                  200017b0    00000014     ZC706_SPI_Display.obj (.bss:val_BER_Str)
                  200017c4    00000014     ZC706_SPI_Display.obj (.bss:val_CRC_Str)
                  200017d8    00000014     ZC706_SPI_Display.obj (.bss:val_EVM_Str)
                  200017ec    00000014     ZC706_SPI_Display.obj (.bss:val_Frame_Str)
                  20001800    00000014     ZC706_SPI_Display.obj (.bss:val_HOLD_Str)
                  20001814    00000014     ZC706_SPI_Display.obj (.bss:val_Lock_Str)
                  20001828    00000010     touch.obj (.bss:g_psSamples)
                  20001838    0000000c     (.common:g_pui32Colors)
                  20001844    00000008     touch.obj (.bss)
                  2000184c    00000004     grlib.lib : context.obj (.bss)
                  20001850    00000004     (.common:g_plParmSet)
                  20001854    00000004     (.common:g_ulButtonState)
                  20001858    00000004     (.common:g_ulButtonState2)
                  2000185c    00000004     (.common:g_ulPanel)
                  20001860    00000004     (.common:g_ulPreviousPanel)
                  20001864    00000004     (.common:my_noise)
                  20001868    00000002     (.common:g_sTouchX)
                  2000186a    00000002     (.common:g_sTouchY)

.stack     0    2000186c    00000400     UNINITIALIZED
                  2000186c    00000400     --HOLE--

MODULE SUMMARY

       Module                              code    ro data   rw data
       ------                              ----    -------   -------
    .\
       harmony320x240.obj                  0       77571     0      
       ZC706_SPI_Display.obj               11206   282       5560   
       Kentec320x240x16_ssd2119_8bit.obj   2458    40        8      
       ustdlib.obj                         1218    22        0      
       touch.obj                           1136    56        36     
       images.obj                          0       1054      0      
       tm4c123gh6pm_startup_ccs.obj        12      620       0      
    +--+-----------------------------------+-------+---------+---------+
       Total:                              16030   79645     5604   
                                                                    
    .\utils\
       uartstdio.obj                       1024    46        5      
    +--+-----------------------------------+-------+---------+---------+
       Total:                              1024    46        5      
                                                                    
    C:/ti/TivaWare_C_Series-1.0/driverlib/ccs/Debug/driverlib.lib
       gpio.obj                            340     120       0      
       sysctl.obj                          238     108       0      
       interrupt.obj                       192     112       0      
       adc.obj                             204     0         0      
       ssi.obj                             110     0         0      
       timer.obj                           96      0         0      
       fpu.obj                             32      0         0      
       udma.obj                            28      0         0      
       mpu.obj                             16      0         0      
       uart.obj                            6       0         0      
    +--+-----------------------------------+-------+---------+---------+
       Total:                              1262    340       0      
                                                                    
    C:/ti/TivaWare_C_Series-1.0/grlib/ccs/Debug/grlib.lib
       fontcm20.obj                        0       2598      0      
       fontcm14.obj                        0       1826      0      
       image.obj                           1596    0         32     
       fontcm12.obj                        0       1575      0      
       string.obj                          1398    0         0      
       widget.obj                          814     0         365    
       line.obj                            638     0         0      
       pushbutton.obj                      636     0         0      
       canvas.obj                          412     0         0      
       circle.obj                          326     0         0      
       rectangle.obj                       236     0         0      
       context.obj                         198     16        4      
       charmap.obj                         8       0         0      
    +--+-----------------------------------+-------+---------+---------+
       Total:                              6262    6015      401    
                                                                    
    D:\ti\ccsv7\tools\compiler\ti-cgt-arm_16.9.1.LTS\lib\rtsv7M4_T_le_v4SPD16_eabi.lib
       e_log10.obj                         760     0         0      
       fd_add_t2.obj                       438     0         0      
       fd_div_t2.obj                       310     0         0      
       fd_mul_t2.obj                       252     0         0      
       memcpy_t2.obj                       156     0         0      
       fd_cmp_t2.obj                       134     0         0      
       memset_t2.obj                       122     0         0      
       autoinit.obj                        112     0         0      
       fd_tos_t2.obj                       110     0         0      
       copy_decompress_lzss.obj            104     0         0      
       exit.obj                            84      0         12     
       boot.obj                            84      0         0      
       cpy_tbl.obj                         76      0         0      
       fd_toi_t2.obj                       72      0         0      
       u_divt2.obj                         64      0         0      
       fs_tod_t2.obj                       56      0         0      
       i_tofd_t2.obj                       46      0         0      
       _lock.obj                           20      0         8      
       args_main.obj                       24      0         0      
       copy_decompress_none.obj            14      0         0      
       copy_zero_init.obj                  12      0         0      
       errno.obj                           0       0         4      
       pre_init.obj                        4       0         0      
       stkdepth_vars.obj                   0       0         4      
       i_div0.obj                          2       0         0      
       mpu_init.obj                        2       0         0      
       startup.obj                         2       0         0      
    +--+-----------------------------------+-------+---------+---------+
       Total:                              3060    0         28     
                                                                    
       Stack:                              0       0         1024   
       Linker Generated:                   0       587       0      
    +--+-----------------------------------+-------+---------+---------+
       Grand Total:                        27638   86633     7062   


LINKER GENERATED COPY TABLES

__TI_cinit_table @ 0001be70 records: 2, size/record: 8, table size: 16
	.data: load addr=0001bc30, load size=00000227 bytes, run addr=20000000, run size=00000f30 bytes, compression=lzss
	.bss: load addr=0001be68, load size=00000008 bytes, run addr=20001000, run size=0000086c bytes, compression=zero_init


LINKER GENERATED HANDLER TABLE

__TI_handler_table @ 0001be58 records: 3, size/record: 4, table size: 12
	index: 0, handler: __TI_decompress_lzss
	index: 1, handler: __TI_decompress_none
	index: 2, handler: __TI_zero_init


GLOBAL SYMBOLS: SORTED ALPHABETICALLY BY Name 

address   name                           
-------   ----                           
0001bac9  ADCHardwareOversampleConfigure 
0001bb23  ADCIntEnable                   
0001b80d  ADCSequenceConfigure           
0001bb75  ADCSequenceEnable              
0001ac55  ADCSequenceStepConfigure       
0001b34d  C$$EXIT                        
0001ba79  CanvasMsgProc                  
0001aa85  ConfigureUART                  
0001b745  DrawFirstImage                 
0001bb35  FPUEnable                      
0001bb45  FPULazyStackingEnable          
0001b839  GPIODirModeSet                 
0001a12b  GPIOPadConfigSet               
0001b485  GPIOPinConfigure               
0001badb  GPIOPinTypeGPIOOutput          
0001baed  GPIOPinTypeSSI                 
0001bbff  GPIOPinWrite                   
000191b1  GrCircleFill                   
0001b06d  GrContextClipRegionSet         
0001bc05  GrContextFontSet               
0001aedd  GrContextInit                  
00019fa5  GrDefaultStringRenderer        
0001b863  GrFontBaselineGet              
0001ba0f  GrFontCodepageGet              
0001b9cb  GrFontGlyphDataGet             
00017ef7  GrFontGlyphRender              
0001b88d  GrFontHeightGet                
0001b95d  GrFontInfoGet                  
0001bb83  GrImageDraw                    
00019ad5  GrLineDraw                     
0001b515  GrLineDrawH                    
0001b55b  GrLineDrawV                    
0001bbef  GrMapISO8859_1_Unicode         
0001ae75  GrRectDraw                     
0001a809  GrRectFill                     
0001baff  GrStringDraw                   
0001b70d  GrStringDrawRight              
0001b8b7  GrStringNextCharGet            
0001ada3  GrStringWidthGet               
0001aaf9  InitSPI1                       
0001b0d1  IntDisable                     
0001b131  IntEnable                      
00017949  Kentec320x240x16_SSD2119Init   
0001bb55  MPUEnable                      
0001815d  OnBlockDiagramPaint            
0001aa0d  OnButtonPress2                 
000192f9  OnDataPaint                    
00016fed  OnLEDStatusPaint               
0001956d  OnNext                         
00019695  OnPLLButtonPress               
0001a3f5  OnPLLStatusPaint               
00018f19  OnPrevious                     
000197a5  OnRXMSGButtonPress             
0001a6f1  OnRXMSGStatusPaint             
000198b5  OnRxButtonPress                
0001a77d  OnRxStatusPaint                
000199c5  OnSYNCButtonPress              
0001a349  OnSYNCStatusPaint              
0001b9ed  RectangularButtonMsgProc       
0001bc0b  ResetISR                       
UNDEFED   SHT$$INIT_ARRAY$$Base          
UNDEFED   SHT$$INIT_ARRAY$$Limit         
00018c4d  SSI1IntHandler                 
0001b5a1  SSIConfigSetExpClk             
0001bbad  SSIDataGet                     
0001bbdb  SSIEnable                      
0001bc23  SSIIntClear                    
0001bbf7  SSIIntEnable                   
0001bbe5  SSIIntStatus                   
0001a1e5  SysCtlClockGet                 
0001bc11  SysCtlDelay                    
0001b779  SysCtlPeripheralEnable         
0001b5e5  SysTickIntHandler              
20000ca0  SysTick_Semafore               
0001b935  TimerConfigure                 
0001ba49  TimerControlTrigger            
0001bb91  TimerEnable                    
0001bb11  TimerLoadSet                   
0001ba8d  TouchScreenCallbackSet         
00019cd1  TouchScreenInit                
00019065  TouchScreenIntHandler          
0001bc17  UARTClockSourceSet             
0001ab6d  UARTStdioConfig                
0001b983  UARTprintf                     
00017345  UARTvprintf                    
0001b1ed  UARTwrite                      
000168e9  UpdateScope                    
0001b9a7  WidgetAdd                      
0001bc27  WidgetDefaultMsgProc           
00019dc9  WidgetMessageQueueAdd          
0001afa5  WidgetMessageQueueProcess      
0001a299  WidgetMessageSendPostOrder     
0001b2a1  WidgetMessageSendPreOrder      
0001baa1  WidgetMutexGet                 
0001bc1d  WidgetMutexPut                 
0001ba2d  WidgetPointerMessage           
0001b3a1  WidgetRemove                   
20000f18  WriteCommand                   
20000f14  WriteData                      
20001c6c  __STACK_END                    
00000400  __STACK_SIZE                   
20001a6c  __STACK_TOP                    
0001be70  __TI_CINIT_Base                
0001be80  __TI_CINIT_Limit               
0001be58  __TI_Handler_Table_Base        
0001be64  __TI_Handler_Table_Limit       
0001acc5  __TI_auto_init                 
20000f00  __TI_cleanup_ptr               
0001ae0d  __TI_decompress_lzss           
0001bb9f  __TI_decompress_none           
20000f04  __TI_dtors_ptr                 
20000f08  __TI_enable_exit_profile_output
ffffffff  __TI_pprof_out_hndl            
ffffffff  __TI_prof_data_size            
ffffffff  __TI_prof_data_start           
00000000  __TI_static_base__             
0001bbb9  __TI_zero_init                 
0001a88f  __aeabi_cdrcmple               
0001ad35  __aeabi_d2f                    
0001b4cd  __aeabi_d2iz                   
000187ab  __aeabi_dadd                   
00019435  __aeabi_ddiv                   
00019bd5  __aeabi_dmul                   
000187a1  __aeabi_dsub                   
0001b69f  __aeabi_f2d                    
0001b7df  __aeabi_i2d                    
0001aa0b  __aeabi_idiv0                  
0001a991  __aeabi_memclr                 
0001a991  __aeabi_memclr4                
0001a991  __aeabi_memclr8                
0001a49d  __aeabi_memcpy                 
0001a49d  __aeabi_memcpy4                
0001a49d  __aeabi_memcpy8                
0001a993  __aeabi_memset                 
0001a993  __aeabi_memset4                
0001a993  __aeabi_memset8                
0001b625  __aeabi_uidiv                  
0001b625  __aeabi_uidivmod               
ffffffff  __binit__                      
ffffffff  __c_args__                     
0001aedb  __mpu_init                     
2000186c  __stack                        
0001ba61  _args_main                     
0001b2f9  _c_int00                       
20000f0c  _lock                          
0001bac3  _nop                           
0001babb  _register_lock                 
0001bab5  _register_unlock               
0001b0cf  _system_post_cinit             
0001bc2b  _system_pre_init               
20000f10  _unlock                        
0001b351  abort                          
ffffffff  binit                          
0001b3ed  copy_in                        
20000f24  errno                          
0001b359  exit                           
20000c84  fADC_Val                       
20000c6c  fAGC                           
20000c60  fBER                           
20000c80  fCRC                           
20000c78  fEVM                           
20000c7c  fFrame                         
20000c74  fHold                          
20000c70  fLock                          
20000c88  fRsense                        
20000c64  fTemp2                         
20000c68  fTempInt                       
20000c8c  fVref0                         
20000c90  fVref1                         
20000c94  fVref2                         
20000c98  fVref3                         
0001b009  float_to_int_and_fract         
00014f74  g_lTouchParameters             
20000ed8  g_pcPanelNames                 
00000000  g_pfnVectors                   
20001850  g_plParmSet                    
20000b40  g_psButtonCanvas               
00014ffc  g_psDefaultCodePointMapTable   
20000000  g_psPanels                     
20000280  g_psPushButtons2               
0001468b  g_pucBlue50x50                 
0001489b  g_pucBlue50x50Press            
20001838  g_pui32Colors                  
0000026c  g_pui_Harmony_Image            
20000ca8  g_sDrawImage                   
00014bc8  g_sFontCm12                    
00014c90  g_sFontCm14                    
00014d58  g_sFontCm20                    
00014fac  g_sKentec320x240x16_SSD2119    
20000ce8  g_sLED_Display                 
20000bc0  g_sNext                        
20000d28  g_sPLLStatus                   
20000c10  g_sPrevious                    
20000d68  g_sRXMSGStatus                 
20000ea8  g_sRoot                        
20000da8  g_sRxStatus                    
20000de8  g_sSYNCStatus                  
20000e28  g_sStatusData                  
20000e68  g_sTitle                       
20000f2c  g_sTouchMin                    
20001868  g_sTouchX                      
2000186a  g_sTouchY                      
20001854  g_ulButtonState                
20001858  g_ulButtonState2               
20001400  g_ulDataRx2                    
2000185c  g_ulPanel                      
20001860  g_ulPreviousPanel              
20000ca4  g_ulSSI1RXFF                   
20000c9e  i16average                     
20000500  iAGC_Curve                     
20000640  iCRC_Curve                     
20000780  iFrame_Curve                   
200008c0  iHold_Curve                    
20000a00  iLock_Curve                    
20000c9c  i_counter                      
00017651  log10                          
00017651  log10l                         
0001502d  main                           
20000f28  main_func_sp                   
0001a49d  memcpy                         
0001a999  memset                         
20001864  my_noise                       
20001000  sDMAControlTable               
0001bbc5  uDMAControlBaseSet             
0001bb65  uDMAEnable                     
0001b7ad  usprintf                       
0001b249  ustrncpy                       
000164b1  uvsnprintf                     


GLOBAL SYMBOLS: SORTED BY Symbol Address 

address   name                           
-------   ----                           
00000000  __TI_static_base__             
00000000  g_pfnVectors                   
0000026c  g_pui_Harmony_Image            
00000400  __STACK_SIZE                   
0001468b  g_pucBlue50x50                 
0001489b  g_pucBlue50x50Press            
00014bc8  g_sFontCm12                    
00014c90  g_sFontCm14                    
00014d58  g_sFontCm20                    
00014f74  g_lTouchParameters             
00014fac  g_sKentec320x240x16_SSD2119    
00014ffc  g_psDefaultCodePointMapTable   
0001502d  main                           
000164b1  uvsnprintf                     
000168e9  UpdateScope                    
00016fed  OnLEDStatusPaint               
00017345  UARTvprintf                    
00017651  log10                          
00017651  log10l                         
00017949  Kentec320x240x16_SSD2119Init   
00017ef7  GrFontGlyphRender              
0001815d  OnBlockDiagramPaint            
000187a1  __aeabi_dsub                   
000187ab  __aeabi_dadd                   
00018c4d  SSI1IntHandler                 
00018f19  OnPrevious                     
00019065  TouchScreenIntHandler          
000191b1  GrCircleFill                   
000192f9  OnDataPaint                    
00019435  __aeabi_ddiv                   
0001956d  OnNext                         
00019695  OnPLLButtonPress               
000197a5  OnRXMSGButtonPress             
000198b5  OnRxButtonPress                
000199c5  OnSYNCButtonPress              
00019ad5  GrLineDraw                     
00019bd5  __aeabi_dmul                   
00019cd1  TouchScreenInit                
00019dc9  WidgetMessageQueueAdd          
00019fa5  GrDefaultStringRenderer        
0001a12b  GPIOPadConfigSet               
0001a1e5  SysCtlClockGet                 
0001a299  WidgetMessageSendPostOrder     
0001a349  OnSYNCStatusPaint              
0001a3f5  OnPLLStatusPaint               
0001a49d  __aeabi_memcpy                 
0001a49d  __aeabi_memcpy4                
0001a49d  __aeabi_memcpy8                
0001a49d  memcpy                         
0001a6f1  OnRXMSGStatusPaint             
0001a77d  OnRxStatusPaint                
0001a809  GrRectFill                     
0001a88f  __aeabi_cdrcmple               
0001a991  __aeabi_memclr                 
0001a991  __aeabi_memclr4                
0001a991  __aeabi_memclr8                
0001a993  __aeabi_memset                 
0001a993  __aeabi_memset4                
0001a993  __aeabi_memset8                
0001a999  memset                         
0001aa0b  __aeabi_idiv0                  
0001aa0d  OnButtonPress2                 
0001aa85  ConfigureUART                  
0001aaf9  InitSPI1                       
0001ab6d  UARTStdioConfig                
0001ac55  ADCSequenceStepConfigure       
0001acc5  __TI_auto_init                 
0001ad35  __aeabi_d2f                    
0001ada3  GrStringWidthGet               
0001ae0d  __TI_decompress_lzss           
0001ae75  GrRectDraw                     
0001aedb  __mpu_init                     
0001aedd  GrContextInit                  
0001afa5  WidgetMessageQueueProcess      
0001b009  float_to_int_and_fract         
0001b06d  GrContextClipRegionSet         
0001b0cf  _system_post_cinit             
0001b0d1  IntDisable                     
0001b131  IntEnable                      
0001b1ed  UARTwrite                      
0001b249  ustrncpy                       
0001b2a1  WidgetMessageSendPreOrder      
0001b2f9  _c_int00                       
0001b34d  C$$EXIT                        
0001b351  abort                          
0001b359  exit                           
0001b3a1  WidgetRemove                   
0001b3ed  copy_in                        
0001b485  GPIOPinConfigure               
0001b4cd  __aeabi_d2iz                   
0001b515  GrLineDrawH                    
0001b55b  GrLineDrawV                    
0001b5a1  SSIConfigSetExpClk             
0001b5e5  SysTickIntHandler              
0001b625  __aeabi_uidiv                  
0001b625  __aeabi_uidivmod               
0001b69f  __aeabi_f2d                    
0001b70d  GrStringDrawRight              
0001b745  DrawFirstImage                 
0001b779  SysCtlPeripheralEnable         
0001b7ad  usprintf                       
0001b7df  __aeabi_i2d                    
0001b80d  ADCSequenceConfigure           
0001b839  GPIODirModeSet                 
0001b863  GrFontBaselineGet              
0001b88d  GrFontHeightGet                
0001b8b7  GrStringNextCharGet            
0001b935  TimerConfigure                 
0001b95d  GrFontInfoGet                  
0001b983  UARTprintf                     
0001b9a7  WidgetAdd                      
0001b9cb  GrFontGlyphDataGet             
0001b9ed  RectangularButtonMsgProc       
0001ba0f  GrFontCodepageGet              
0001ba2d  WidgetPointerMessage           
0001ba49  TimerControlTrigger            
0001ba61  _args_main                     
0001ba79  CanvasMsgProc                  
0001ba8d  TouchScreenCallbackSet         
0001baa1  WidgetMutexGet                 
0001bab5  _register_unlock               
0001babb  _register_lock                 
0001bac3  _nop                           
0001bac9  ADCHardwareOversampleConfigure 
0001badb  GPIOPinTypeGPIOOutput          
0001baed  GPIOPinTypeSSI                 
0001baff  GrStringDraw                   
0001bb11  TimerLoadSet                   
0001bb23  ADCIntEnable                   
0001bb35  FPUEnable                      
0001bb45  FPULazyStackingEnable          
0001bb55  MPUEnable                      
0001bb65  uDMAEnable                     
0001bb75  ADCSequenceEnable              
0001bb83  GrImageDraw                    
0001bb91  TimerEnable                    
0001bb9f  __TI_decompress_none           
0001bbad  SSIDataGet                     
0001bbb9  __TI_zero_init                 
0001bbc5  uDMAControlBaseSet             
0001bbdb  SSIEnable                      
0001bbe5  SSIIntStatus                   
0001bbef  GrMapISO8859_1_Unicode         
0001bbf7  SSIIntEnable                   
0001bbff  GPIOPinWrite                   
0001bc05  GrContextFontSet               
0001bc0b  ResetISR                       
0001bc11  SysCtlDelay                    
0001bc17  UARTClockSourceSet             
0001bc1d  WidgetMutexPut                 
0001bc23  SSIIntClear                    
0001bc27  WidgetDefaultMsgProc           
0001bc2b  _system_pre_init               
0001be58  __TI_Handler_Table_Base        
0001be64  __TI_Handler_Table_Limit       
0001be70  __TI_CINIT_Base                
0001be80  __TI_CINIT_Limit               
20000000  g_psPanels                     
20000280  g_psPushButtons2               
20000500  iAGC_Curve                     
20000640  iCRC_Curve                     
20000780  iFrame_Curve                   
200008c0  iHold_Curve                    
20000a00  iLock_Curve                    
20000b40  g_psButtonCanvas               
20000bc0  g_sNext                        
20000c10  g_sPrevious                    
20000c60  fBER                           
20000c64  fTemp2                         
20000c68  fTempInt                       
20000c6c  fAGC                           
20000c70  fLock                          
20000c74  fHold                          
20000c78  fEVM                           
20000c7c  fFrame                         
20000c80  fCRC                           
20000c84  fADC_Val                       
20000c88  fRsense                        
20000c8c  fVref0                         
20000c90  fVref1                         
20000c94  fVref2                         
20000c98  fVref3                         
20000c9c  i_counter                      
20000c9e  i16average                     
20000ca0  SysTick_Semafore               
20000ca4  g_ulSSI1RXFF                   
20000ca8  g_sDrawImage                   
20000ce8  g_sLED_Display                 
20000d28  g_sPLLStatus                   
20000d68  g_sRXMSGStatus                 
20000da8  g_sRxStatus                    
20000de8  g_sSYNCStatus                  
20000e28  g_sStatusData                  
20000e68  g_sTitle                       
20000ea8  g_sRoot                        
20000ed8  g_pcPanelNames                 
20000f00  __TI_cleanup_ptr               
20000f04  __TI_dtors_ptr                 
20000f08  __TI_enable_exit_profile_output
20000f0c  _lock                          
20000f10  _unlock                        
20000f14  WriteData                      
20000f18  WriteCommand                   
20000f24  errno                          
20000f28  main_func_sp                   
20000f2c  g_sTouchMin                    
20001000  sDMAControlTable               
20001400  g_ulDataRx2                    
20001838  g_pui32Colors                  
20001850  g_plParmSet                    
20001854  g_ulButtonState                
20001858  g_ulButtonState2               
2000185c  g_ulPanel                      
20001860  g_ulPreviousPanel              
20001864  my_noise                       
20001868  g_sTouchX                      
2000186a  g_sTouchY                      
2000186c  __stack                        
20001a6c  __STACK_TOP                    
20001c6c  __STACK_END                    
ffffffff  __TI_pprof_out_hndl            
ffffffff  __TI_prof_data_size            
ffffffff  __TI_prof_data_start           
ffffffff  __binit__                      
ffffffff  __c_args__                     
ffffffff  binit                          
UNDEFED   SHT$$INIT_ARRAY$$Base          
UNDEFED   SHT$$INIT_ARRAY$$Limit         

[228 symbols]
