******************************************************************************
                  TI ARM Linker PC v16.9.1                     
******************************************************************************
>> Linked Tue Mar 14 16:23:17 2017

OUTPUT FILE NAME:   <Display_Parameters.out>
ENTRY POINT SYMBOL: "_c_int00"  address: 00006531


MEMORY CONFIGURATION

         name            origin    length      used     unused   attr    fill
----------------------  --------  ---------  --------  --------  ----  --------
  FLASH                 00000000   00040000  00008efe  00037102  R  X
  SRAM                  20000000   00008000  00001b58  000064a8  RW X


SEGMENT ALLOCATION MAP

run origin  load origin   length   init length attrs members
----------  ----------- ---------- ----------- ----- -------
00000000    00000000    00008f00   00008f00    r-x
  00000000    00000000    0000026c   0000026c    r-- .intvecs
  0000026c    0000026c    00006bc6   00006bc6    r-x .text
  00006e34    00006e34    00001e9c   00001e9c    r-- .const
  00008cd0    00008cd0    00000230   00000230    r-- .cinit
20000000    20000000    00000eec   00000000    rw-
  20000000    20000000    00000eec   00000000    rw- .data
20001000    20001000    00000c6c   00000000    rw-
  20001000    20001000    0000086c   00000000    rw- .bss
  2000186c    2000186c    00000400   00000000    rw- .stack


SECTION ALLOCATION MAP

 output                                  attributes/
section   page    origin      length       input sections
--------  ----  ----------  ----------   ----------------
.intvecs   0    00000000    0000026c     
                  00000000    0000026c     tm4c123gh6pm_startup_ccs.obj (.intvecs)

.text      0    0000026c    00006bc6     
                  0000026c    00001484     ZC706_SPI_Display.obj (.text:main)
                  000016f0    00000438     ustdlib.obj (.text:uvsnprintf)
                  00001b28    00000390     ZC706_SPI_Display.obj (.text:UpdateScope)
                  00001eb8    00000374     grlib.lib : image.obj (.text:Internai32ImageDraw)
                  0000222c    00000358     ZC706_SPI_Display.obj (.text:OnLEDStatusPaint)
                  00002584    0000030c     uartstdio.obj (.text:UARTvprintf)
                  00002890    000002f8     rtsv7M4_T_le_v4SPD16_eabi.lib : e_log10.obj (.text)
                  00002b88    000002f4     Kentec320x240x16_ssd2119_8bit.obj (.text:Kentec320x240x16_SSD2119Init)
                  00002e7c    000002ba     grlib.lib : image.obj (.text:PixelTransparentDraw)
                  00003136    00000266               : string.obj (.text:GrFontGlyphRender)
                  0000339c    00000224     ZC706_SPI_Display.obj (.text:OnBlockDiagramPaint)
                  000035c0    00000218     touch.obj (.text:TouchScreenDebouncer)
                  000037d8    00000208     Kentec320x240x16_ssd2119_8bit.obj (.text:Kentec320x240x16_SSD2119PixelDrawMultiple)
                  000039e0    000001b6     rtsv7M4_T_le_v4SPD16_eabi.lib : fd_add_t2.obj (.text)
                  00003b96    00000188     grlib.lib : canvas.obj (.text:CanvasPaint)
                  00003d1e    0000016e               : pushbutton.obj (.text:RectangularButtonPaint)
                  00003e8c    0000016c     ZC706_SPI_Display.obj (.text:SSI1IntHandler)
                  00003ff8    00000160     Kentec320x240x16_ssd2119_8bit.obj (.text:Kentec320x240x16_SSD2119RectFill)
                  00004158    0000014c     touch.obj (.text:TouchScreenIntHandler)
                  000042a4    00000146     grlib.lib : circle.obj (.text:GrCircleFill)
                  000043ea    00000002     tm4c123gh6pm_startup_ccs.obj (.text:FaultISR)
                  000043ec    00000144     ZC706_SPI_Display.obj (.text:OnPrevious)
                  00004530    0000013c     ZC706_SPI_Display.obj (.text:OnDataPaint)
                  0000466c    00000136     rtsv7M4_T_le_v4SPD16_eabi.lib : fd_div_t2.obj (.text)
                  000047a2    00000002     tm4c123gh6pm_startup_ccs.obj (.text:IntDefaultHandler)
                  000047a4    00000128     ZC706_SPI_Display.obj (.text:OnNext)
                  000048cc    00000110     ZC706_SPI_Display.obj (.text:OnPLLButtonPress)
                  000049dc    00000110     ZC706_SPI_Display.obj (.text:OnRXMSGButtonPress)
                  00004aec    00000110     ZC706_SPI_Display.obj (.text:OnRxButtonPress)
                  00004bfc    00000110     ZC706_SPI_Display.obj (.text:OnSYNCButtonPress)
                  00004d0c    00000100     grlib.lib : line.obj (.text:GrLineDraw)
                  00004e0c    000000fc     rtsv7M4_T_le_v4SPD16_eabi.lib : fd_mul_t2.obj (.text)
                  00004f08    000000f8     touch.obj (.text:TouchScreenInit)
                  00005000    000000f0     grlib.lib : widget.obj (.text:WidgetMessageQueueAdd)
                  000050f0    000000ec               : pushbutton.obj (.text:RectangularButtonClick)
                  000051dc    000000ca               : string.obj (.text:GrDefaultStringRenderer)
                  000052a6    000000bc               : line.obj (.text:GrLineClip)
                  00005362    000000b8     driverlib.lib : gpio.obj (.text:GPIOPadConfigSet)
                  0000541a    00000002     tm4c123gh6pm_startup_ccs.obj (.text:NmiSR)
                  0000541c    000000b4     driverlib.lib : sysctl.obj (.text:SysCtlClockGet)
                  000054d0    000000b0     grlib.lib : widget.obj (.text:WidgetMessageSendPostOrder)
                  00005580    000000ac     ZC706_SPI_Display.obj (.text:OnSYNCStatusPaint)
                  0000562c    000000a8     ZC706_SPI_Display.obj (.text:OnPLLStatusPaint)
                  000056d4    0000009c     rtsv7M4_T_le_v4SPD16_eabi.lib : memcpy_t2.obj (.text)
                  00005770    00000098     Kentec320x240x16_ssd2119_8bit.obj (.text:InitGPIOLCDInterface)
                  00005808    00000090     Kentec320x240x16_ssd2119_8bit.obj (.text:Kentec320x240x16_SSD2119LineDrawH)
                  00005898    00000090     Kentec320x240x16_ssd2119_8bit.obj (.text:Kentec320x240x16_SSD2119LineDrawV)
                  00005928    0000008c     ZC706_SPI_Display.obj (.text:OnRXMSGStatusPaint)
                  000059b4    0000008c     ZC706_SPI_Display.obj (.text:OnRxStatusPaint)
                  00005a40    00000086     grlib.lib : rectangle.obj (.text:GrRectFill)
                  00005ac6    00000086     rtsv7M4_T_le_v4SPD16_eabi.lib : fd_cmp_t2.obj (.text:__aeabi_cdrcmple)
                  00005b4c    0000007c     Kentec320x240x16_ssd2119_8bit.obj (.text:WriteCommandGPIO)
                  00005bc8    0000007a     rtsv7M4_T_le_v4SPD16_eabi.lib : memset_t2.obj (.text)
                  00005c42    00000002                                   : i_div0.obj (.text)
                  00005c44    00000078     ZC706_SPI_Display.obj (.text:OnButtonPress2)
                  00005cbc    00000074     ZC706_SPI_Display.obj (.text:ConfigureUART)
                  00005d30    00000074     ZC706_SPI_Display.obj (.text:InitSPI1)
                  00005da4    00000074     uartstdio.obj (.text:UARTStdioConfig)
                  00005e18    00000074     Kentec320x240x16_ssd2119_8bit.obj (.text:WriteDataGPIO)
                  00005e8c    00000070     driverlib.lib : adc.obj (.text:ADCSequenceStepConfigure)
                  00005efc    00000070     rtsv7M4_T_le_v4SPD16_eabi.lib : autoinit.obj (.text)
                  00005f6c    0000006e                                   : fd_tos_t2.obj (.text)
                  00005fda    0000006a     grlib.lib : string.obj (.text:GrStringWidthGet)
                  00006044    00000068     rtsv7M4_T_le_v4SPD16_eabi.lib : copy_decompress_lzss.obj (.text:decompress:lzss)
                  000060ac    00000066     grlib.lib : rectangle.obj (.text:GrRectDraw)
                  00006112    00000002     rtsv7M4_T_le_v4SPD16_eabi.lib : mpu_init.obj (.text)
                  00006114    00000064     grlib.lib : context.obj (.text:GrContextInit)
                  00006178    00000064     Kentec320x240x16_ssd2119_8bit.obj (.text:Kentec320x240x16_SSD2119PixelDraw)
                  000061dc    00000064     grlib.lib : widget.obj (.text:WidgetMessageQueueProcess)
                  00006240    00000064     ZC706_SPI_Display.obj (.text:float_to_int_and_fract)
                  000062a4    00000062     grlib.lib : context.obj (.text:GrContextClipRegionSet)
                  00006306    00000002     rtsv7M4_T_le_v4SPD16_eabi.lib : startup.obj (.text)
                  00006308    00000060     driverlib.lib : interrupt.obj (.text:IntDisable)
                  00006368    00000060                   : interrupt.obj (.text:IntEnable)
                  000063c8    0000005c     grlib.lib : string.obj (.text:FontWideGlyphDataGet)
                  00006424    0000005c     uartstdio.obj (.text:UARTwrite)
                  00006480    00000058     ustdlib.obj (.text:ustrncpy)
                  000064d8    00000056     grlib.lib : widget.obj (.text:WidgetMessageSendPreOrder)
                  0000652e    00000002     --HOLE-- [fill = 0]
                  00006530    00000054     rtsv7M4_T_le_v4SPD16_eabi.lib : boot.obj (.text)
                  00006584    00000054                                   : exit.obj (.text)
                  000065d8    0000004c     grlib.lib : widget.obj (.text:WidgetRemove)
                  00006624    0000004c     rtsv7M4_T_le_v4SPD16_eabi.lib : cpy_tbl.obj (.text)
                  00006670    0000004a     grlib.lib : string.obj (.text:UpdateContextCharMapping)
                  000066ba    00000002     --HOLE-- [fill = 0]
                  000066bc    00000048     driverlib.lib : gpio.obj (.text:GPIOPinConfigure)
                  00006704    00000048     rtsv7M4_T_le_v4SPD16_eabi.lib : fd_toi_t2.obj (.text)
                  0000674c    00000046     grlib.lib : line.obj (.text:GrLineDrawH)
                  00006792    00000046               : line.obj (.text:GrLineDrawV)
                  000067d8    00000042     driverlib.lib : ssi.obj (.text:SSIConfigSetExpClk)
                  0000681a    00000002     --HOLE-- [fill = 0]
                  0000681c    00000040     ZC706_SPI_Display.obj (.text:SysTickIntHandler)
                  0000685c    00000040     rtsv7M4_T_le_v4SPD16_eabi.lib : u_divt2.obj (.text)
                  0000689c    0000003a     grlib.lib : string.obj (.text:FontGlyphDataGet)
                  000068d6    00000038     rtsv7M4_T_le_v4SPD16_eabi.lib : fs_tod_t2.obj (.text)
                  0000690e    00000036     grlib.lib : line.obj (.text:GrClipCodeGet)
                  00006944    00000036     ZC706_SPI_Display.obj (.text:GrStringDrawRight)
                  0000697a    00000002     --HOLE-- [fill = 0]
                  0000697c    00000034     driverlib.lib : sysctl.obj (.text:SysCtlPeripheralEnable)
                  000069b0    00000032     ustdlib.obj (.text:usprintf)
                  000069e2    0000002e     rtsv7M4_T_le_v4SPD16_eabi.lib : i_tofd_t2.obj (.text)
                  00006a10    0000002c     driverlib.lib : adc.obj (.text:ADCSequenceConfigure)
                  00006a3c    0000002a                   : gpio.obj (.text:GPIODirModeSet)
                  00006a66    0000002a     grlib.lib : string.obj (.text:GrFontBaselineGet)
                  00006a90    0000002a               : string.obj (.text:GrFontHeightGet)
                  00006aba    0000002a               : string.obj (.text:GrStringNextCharGet)
                  00006ae4    0000002a               : widget.obj (.text:WidgetIsInTree)
                  00006b0e    00000028     Kentec320x240x16_ssd2119_8bit.obj (.text:Kentec320x240x16_SSD2119ColorTranslate)
                  00006b36    00000002     --HOLE-- [fill = 0]
                  00006b38    00000028     driverlib.lib : timer.obj (.text:TimerConfigure)
                  00006b60    00000026     grlib.lib : string.obj (.text:GrFontInfoGet)
                  00006b86    00000024     uartstdio.obj (.text:UARTprintf)
                  00006baa    00000024     grlib.lib : widget.obj (.text:WidgetAdd)
                  00006bce    00000022               : string.obj (.text:GrFontGlyphDataGet)
                  00006bf0    00000022               : pushbutton.obj (.text:RectangularButtonMsgProc)
                  00006c12    0000001e               : string.obj (.text:GrFontCodepageGet)
                  00006c30    0000001c               : widget.obj (.text:WidgetPointerMessage)
                  00006c4c    00000018     driverlib.lib : timer.obj (.text:TimerControlTrigger)
                  00006c64    00000018     rtsv7M4_T_le_v4SPD16_eabi.lib : args_main.obj (.text)
                  00006c7c    00000014     grlib.lib : canvas.obj (.text:CanvasMsgProc)
                  00006c90    00000014     touch.obj (.text:TouchScreenCallbackSet)
                  00006ca4    00000014     grlib.lib : widget.obj (.text:WidgetMutexGet)
                  00006cb8    00000014     rtsv7M4_T_le_v4SPD16_eabi.lib : _lock.obj (.text)
                  00006ccc    00000012     driverlib.lib : adc.obj (.text:ADCHardwareOversampleConfigure)
                  00006cde    00000012                   : gpio.obj (.text:GPIOPinTypeGPIOOutput)
                  00006cf0    00000012                   : gpio.obj (.text:GPIOPinTypeSSI)
                  00006d02    00000012     grlib.lib : string.obj (.text:GrStringDraw)
                  00006d14    00000012     driverlib.lib : timer.obj (.text:TimerLoadSet)
                  00006d26    00000010                   : adc.obj (.text:ADCIntEnable)
                  00006d36    00000002     --HOLE-- [fill = 0]
                  00006d38    00000010                   : fpu.obj (.text:FPUEnable)
                  00006d48    00000010                   : fpu.obj (.text:FPULazyStackingEnable)
                  00006d58    00000010                   : mpu.obj (.text:MPUEnable)
                  00006d68    00000010                   : udma.obj (.text:uDMAEnable)
                  00006d78    0000000e                   : adc.obj (.text:ADCSequenceEnable)
                  00006d86    0000000e     grlib.lib : image.obj (.text:GrImageDraw)
                  00006d94    0000000e     driverlib.lib : timer.obj (.text:TimerEnable)
                  00006da2    0000000e     rtsv7M4_T_le_v4SPD16_eabi.lib : copy_decompress_none.obj (.text:decompress:none)
                  00006db0    0000000c     driverlib.lib : ssi.obj (.text:SSIDataGet)
                  00006dbc    0000000c     rtsv7M4_T_le_v4SPD16_eabi.lib : copy_zero_init.obj (.text:decompress:ZI)
                  00006dc8    0000000c     driverlib.lib : udma.obj (.text:uDMAControlBaseSet)
                  00006dd4    0000000a     Kentec320x240x16_ssd2119_8bit.obj (.text:Kentec320x240x16_SSD2119Flush)
                  00006dde    0000000a     driverlib.lib : ssi.obj (.text:SSIEnable)
                  00006de8    0000000a                   : ssi.obj (.text:SSIIntStatus)
                  00006df2    00000008     grlib.lib : charmap.obj (.text:GrMapISO8859_1_Unicode)
                  00006dfa    00000008     driverlib.lib : ssi.obj (.text:SSIIntEnable)
                  00006e02    00000006                   : gpio.obj (.text:GPIOPinWrite)
                  00006e08    00000006     grlib.lib : string.obj (.text:GrContextFontSet)
                  00006e0e    00000006     tm4c123gh6pm_startup_ccs.obj (.text:ResetISR)
                  00006e14    00000006     driverlib.lib : sysctl.obj (.text:SysCtlDelay)
                  00006e1a    00000006                   : uart.obj (.text:UARTClockSourceSet)
                  00006e20    00000006     grlib.lib : widget.obj (.text:WidgetMutexPut)
                  00006e26    00000004     driverlib.lib : ssi.obj (.text:SSIIntClear)
                  00006e2a    00000004     grlib.lib : widget.obj (.text:WidgetDefaultMsgProc)
                  00006e2e    00000004     rtsv7M4_T_le_v4SPD16_eabi.lib : pre_init.obj (.text)

.const     0    00006e34    00001e9c     
                  00006e34    0000095e     grlib.lib : fontcm20.obj (.const:.string:g_pui8Cm20Data)
                  00007792    00000002     --HOLE-- [fill = 0]
                  00007794    0000065a               : fontcm14.obj (.const:.string:g_pui8Cm14Data)
                  00007dee    00000002     --HOLE-- [fill = 0]
                  00007df0    0000055f               : fontcm12.obj (.const:.string:g_pui8Cm12Data)
                  0000834f    00000210     images.obj (.const:.string:g_pucBlue50x50)
                  0000855f    0000020e     images.obj (.const:.string:g_pucBlue50x50Press)
                  0000876d    00000003     --HOLE-- [fill = 0]
                  00008770    000000fa     ZC706_SPI_Display.obj (.const:.string)
                  0000886a    00000002     --HOLE-- [fill = 0]
                  0000886c    000000c8     grlib.lib : fontcm12.obj (.const:g_sFontCm12)
                  00008934    000000c8               : fontcm14.obj (.const:g_sFontCm14)
                  000089fc    000000c8               : fontcm20.obj (.const:g_sFontCm20)
                  00008ac4    00000078     driverlib.lib : gpio.obj (.const:g_pui32GPIOBaseAddrs)
                  00008b3c    00000070                   : interrupt.obj (.const)
                  00008bac    0000006c                   : sysctl.obj (.const:g_pui32Xtals)
                  00008c18    00000038     touch.obj (.const:g_lTouchParameters)
                  00008c50    00000028     Kentec320x240x16_ssd2119_8bit.obj (.const:g_sKentec320x240x16_SSD2119)
                  00008c78    00000012     uartstdio.obj (.const:.string)
                  00008c8a    00000002     --HOLE-- [fill = 0]
                  00008c8c    00000012     ustdlib.obj (.const:.string)
                  00008c9e    00000002     --HOLE-- [fill = 0]
                  00008ca0    00000010     grlib.lib : context.obj (.const)
                  00008cb0    0000000c     uartstdio.obj (.const:g_ui32UARTBase)
                  00008cbc    0000000c     uartstdio.obj (.const:g_ui32UARTPeriph)
                  00008cc8    00000004     uartstdio.obj (.const)
                  00008ccc    00000004     ustdlib.obj (.const)

.cinit     0    00008cd0    00000230     
                  00008cd0    0000020c     (.cinit..data.load) [load image, compression = lzss]
                  00008edc    0000000c     (__TI_handler_table)
                  00008ee8    00000008     (.cinit..bss.load) [load image, compression = zero_init]
                  00008ef0    00000010     (__TI_cinit_table)

.init_array 
*          0    00000000    00000000     UNINITIALIZED

.data      0    20000000    00000eec     UNINITIALIZED
                  20000000    00000280     ZC706_SPI_Display.obj (.data:g_psPanels)
                  20000280    00000280     ZC706_SPI_Display.obj (.data:g_psPushButtons2)
                  20000500    00000140     ZC706_SPI_Display.obj (.data:iAGC_Curve)
                  20000640    00000140     ZC706_SPI_Display.obj (.data:iCRC_Curve)
                  20000780    00000140     ZC706_SPI_Display.obj (.data:iFrame_Curve)
                  200008c0    00000140     ZC706_SPI_Display.obj (.data:iHold_Curve)
                  20000a00    00000140     ZC706_SPI_Display.obj (.data:iLock_Curve)
                  20000b40    00000080     ZC706_SPI_Display.obj (.data:g_psButtonCanvas)
                  20000bc0    00000050     ZC706_SPI_Display.obj (.data:g_sNext)
                  20000c10    00000050     ZC706_SPI_Display.obj (.data:g_sPrevious)
                  20000c60    00000048     ZC706_SPI_Display.obj (.data)
                  20000ca8    00000040     ZC706_SPI_Display.obj (.data:g_sLED_Display)
                  20000ce8    00000040     ZC706_SPI_Display.obj (.data:g_sPLLStatus)
                  20000d28    00000040     ZC706_SPI_Display.obj (.data:g_sRXMSGStatus)
                  20000d68    00000040     ZC706_SPI_Display.obj (.data:g_sRxStatus)
                  20000da8    00000040     ZC706_SPI_Display.obj (.data:g_sSYNCStatus)
                  20000de8    00000040     ZC706_SPI_Display.obj (.data:g_sStatusData)
                  20000e28    00000040     ZC706_SPI_Display.obj (.data:g_sTitle)
                  20000e68    0000002d     grlib.lib : widget.obj (.data)
                  20000e95    00000003     --HOLE--
                  20000e98    00000024     ZC706_SPI_Display.obj (.data:g_pcPanelNames)
                  20000ebc    0000000c     rtsv7M4_T_le_v4SPD16_eabi.lib : exit.obj (.data:$O1$$)
                  20000ec8    00000008                                   : _lock.obj (.data:$O1$$)
                  20000ed0    00000008     Kentec320x240x16_ssd2119_8bit.obj (.data)
                  20000ed8    00000005     uartstdio.obj (.data)
                  20000edd    00000003     --HOLE--
                  20000ee0    00000004     rtsv7M4_T_le_v4SPD16_eabi.lib : errno.obj (.data)
                  20000ee4    00000004                                   : stkdepth_vars.obj (.data)
                  20000ee8    00000004     touch.obj (.data)

.bss       0    20001000    0000086c     UNINITIALIZED
                  20001000    00000400     (.common:sDMAControlTable)
                  20001400    00000200     (.common:g_ulDataRx2)
                  20001600    00000140     grlib.lib : widget.obj (.bss:g_psMQ)
                  20001740    00000020               : image.obj (.bss)
                  20001760    00000014     ZC706_SPI_Display.obj (.bss:val10_string)
                  20001774    00000014     ZC706_SPI_Display.obj (.bss:val8_string)
                  20001788    00000014     ZC706_SPI_Display.obj (.bss:val9_string)
                  2000179c    00000014     ZC706_SPI_Display.obj (.bss:val_AGC_Str)
                  200017b0    00000014     ZC706_SPI_Display.obj (.bss:val_BER_Str)
                  200017c4    00000014     ZC706_SPI_Display.obj (.bss:val_CRC_Str)
                  200017d8    00000014     ZC706_SPI_Display.obj (.bss:val_EVM_Str)
                  200017ec    00000014     ZC706_SPI_Display.obj (.bss:val_Frame_Str)
                  20001800    00000014     ZC706_SPI_Display.obj (.bss:val_HOLD_Str)
                  20001814    00000014     ZC706_SPI_Display.obj (.bss:val_Lock_Str)
                  20001828    00000010     touch.obj (.bss:g_psSamples)
                  20001838    0000000c     (.common:g_pui32Colors)
                  20001844    00000008     touch.obj (.bss)
                  2000184c    00000004     grlib.lib : context.obj (.bss)
                  20001850    00000004     (.common:g_plParmSet)
                  20001854    00000004     (.common:g_ulButtonState)
                  20001858    00000004     (.common:g_ulButtonState2)
                  2000185c    00000004     (.common:g_ulPanel)
                  20001860    00000004     (.common:g_ulPreviousPanel)
                  20001864    00000004     (.common:my_noise)
                  20001868    00000002     (.common:g_sTouchX)
                  2000186a    00000002     (.common:g_sTouchY)

.stack     0    2000186c    00000400     UNINITIALIZED
                  2000186c    00000400     --HOLE--

MODULE SUMMARY

       Module                              code    ro data   rw data
       ------                              ----    -------   -------
    .\
       ZC706_SPI_Display.obj               11146   250       5492   
       Kentec320x240x16_ssd2119_8bit.obj   2458    40        8      
       ustdlib.obj                         1218    22        0      
       touch.obj                           1136    56        36     
       images.obj                          0       1054      0      
       tm4c123gh6pm_startup_ccs.obj        12      620       0      
    +--+-----------------------------------+-------+---------+---------+
       Total:                              15970   2042      5536   
                                                                    
    .\utils\
       uartstdio.obj                       1024    46        5      
    +--+-----------------------------------+-------+---------+---------+
       Total:                              1024    46        5      
                                                                    
    C:/ti/TivaWare_C_Series-1.0/driverlib/ccs/Debug/driverlib.lib
       gpio.obj                            340     120       0      
       sysctl.obj                          238     108       0      
       interrupt.obj                       192     112       0      
       adc.obj                             204     0         0      
       ssi.obj                             110     0         0      
       timer.obj                           96      0         0      
       fpu.obj                             32      0         0      
       udma.obj                            28      0         0      
       mpu.obj                             16      0         0      
       uart.obj                            6       0         0      
    +--+-----------------------------------+-------+---------+---------+
       Total:                              1262    340       0      
                                                                    
    C:/ti/TivaWare_C_Series-1.0/grlib/ccs/Debug/grlib.lib
       fontcm20.obj                        0       2598      0      
       fontcm14.obj                        0       1826      0      
       image.obj                           1596    0         32     
       fontcm12.obj                        0       1575      0      
       string.obj                          1398    0         0      
       widget.obj                          814     0         365    
       line.obj                            638     0         0      
       pushbutton.obj                      636     0         0      
       canvas.obj                          412     0         0      
       circle.obj                          326     0         0      
       rectangle.obj                       236     0         0      
       context.obj                         198     16        4      
       charmap.obj                         8       0         0      
    +--+-----------------------------------+-------+---------+---------+
       Total:                              6262    6015      401    
                                                                    
    D:\ti\ccsv7\tools\compiler\ti-cgt-arm_16.9.1.LTS\lib\rtsv7M4_T_le_v4SPD16_eabi.lib
       e_log10.obj                         760     0         0      
       fd_add_t2.obj                       438     0         0      
       fd_div_t2.obj                       310     0         0      
       fd_mul_t2.obj                       252     0         0      
       memcpy_t2.obj                       156     0         0      
       fd_cmp_t2.obj                       134     0         0      
       memset_t2.obj                       122     0         0      
       autoinit.obj                        112     0         0      
       fd_tos_t2.obj                       110     0         0      
       copy_decompress_lzss.obj            104     0         0      
       exit.obj                            84      0         12     
       boot.obj                            84      0         0      
       cpy_tbl.obj                         76      0         0      
       fd_toi_t2.obj                       72      0         0      
       u_divt2.obj                         64      0         0      
       fs_tod_t2.obj                       56      0         0      
       i_tofd_t2.obj                       46      0         0      
       _lock.obj                           20      0         8      
       args_main.obj                       24      0         0      
       copy_decompress_none.obj            14      0         0      
       copy_zero_init.obj                  12      0         0      
       errno.obj                           0       0         4      
       pre_init.obj                        4       0         0      
       stkdepth_vars.obj                   0       0         4      
       i_div0.obj                          2       0         0      
       mpu_init.obj                        2       0         0      
       startup.obj                         2       0         0      
    +--+-----------------------------------+-------+---------+---------+
       Total:                              3060    0         28     
                                                                    
       Stack:                              0       0         1024   
       Linker Generated:                   0       560       0      
    +--+-----------------------------------+-------+---------+---------+
       Grand Total:                        27578   9003      6994   


LINKER GENERATED COPY TABLES

__TI_cinit_table @ 00008ef0 records: 2, size/record: 8, table size: 16
	.data: load addr=00008cd0, load size=0000020c bytes, run addr=20000000, run size=00000eec bytes, compression=lzss
	.bss: load addr=00008ee8, load size=00000008 bytes, run addr=20001000, run size=0000086c bytes, compression=zero_init


LINKER GENERATED HANDLER TABLE

__TI_handler_table @ 00008edc records: 3, size/record: 4, table size: 12
	index: 0, handler: __TI_decompress_lzss
	index: 1, handler: __TI_decompress_none
	index: 2, handler: __TI_zero_init


GLOBAL SYMBOLS: SORTED ALPHABETICALLY BY Name 

address   name                           
-------   ----                           
00006ccd  ADCHardwareOversampleConfigure 
00006d27  ADCIntEnable                   
00006a11  ADCSequenceConfigure           
00006d79  ADCSequenceEnable              
00005e8d  ADCSequenceStepConfigure       
00006585  C$$EXIT                        
00006c7d  CanvasMsgProc                  
00005cbd  ConfigureUART                  
00006d39  FPUEnable                      
00006d49  FPULazyStackingEnable          
00006a3d  GPIODirModeSet                 
00005363  GPIOPadConfigSet               
000066bd  GPIOPinConfigure               
00006cdf  GPIOPinTypeGPIOOutput          
00006cf1  GPIOPinTypeSSI                 
00006e03  GPIOPinWrite                   
000042a5  GrCircleFill                   
000062a5  GrContextClipRegionSet         
00006e09  GrContextFontSet               
00006115  GrContextInit                  
000051dd  GrDefaultStringRenderer        
00006a67  GrFontBaselineGet              
00006c13  GrFontCodepageGet              
00006bcf  GrFontGlyphDataGet             
00003137  GrFontGlyphRender              
00006a91  GrFontHeightGet                
00006b61  GrFontInfoGet                  
00006d87  GrImageDraw                    
00004d0d  GrLineDraw                     
0000674d  GrLineDrawH                    
00006793  GrLineDrawV                    
00006df3  GrMapISO8859_1_Unicode         
000060ad  GrRectDraw                     
00005a41  GrRectFill                     
00006d03  GrStringDraw                   
00006945  GrStringDrawRight              
00006abb  GrStringNextCharGet            
00005fdb  GrStringWidthGet               
00005d31  InitSPI1                       
00006309  IntDisable                     
00006369  IntEnable                      
00002b89  Kentec320x240x16_SSD2119Init   
00006d59  MPUEnable                      
0000339d  OnBlockDiagramPaint            
00005c45  OnButtonPress2                 
00004531  OnDataPaint                    
0000222d  OnLEDStatusPaint               
000047a5  OnNext                         
000048cd  OnPLLButtonPress               
0000562d  OnPLLStatusPaint               
000043ed  OnPrevious                     
000049dd  OnRXMSGButtonPress             
00005929  OnRXMSGStatusPaint             
00004aed  OnRxButtonPress                
000059b5  OnRxStatusPaint                
00004bfd  OnSYNCButtonPress              
00005581  OnSYNCStatusPaint              
00006bf1  RectangularButtonMsgProc       
00006e0f  ResetISR                       
UNDEFED   SHT$$INIT_ARRAY$$Base          
UNDEFED   SHT$$INIT_ARRAY$$Limit         
00003e8d  SSI1IntHandler                 
000067d9  SSIConfigSetExpClk             
00006db1  SSIDataGet                     
00006ddf  SSIEnable                      
00006e27  SSIIntClear                    
00006dfb  SSIIntEnable                   
00006de9  SSIIntStatus                   
0000541d  SysCtlClockGet                 
00006e15  SysCtlDelay                    
0000697d  SysCtlPeripheralEnable         
0000681d  SysTickIntHandler              
20000ca0  SysTick_Semafore               
00006b39  TimerConfigure                 
00006c4d  TimerControlTrigger            
00006d95  TimerEnable                    
00006d15  TimerLoadSet                   
00006c91  TouchScreenCallbackSet         
00004f09  TouchScreenInit                
00004159  TouchScreenIntHandler          
00006e1b  UARTClockSourceSet             
00005da5  UARTStdioConfig                
00006b87  UARTprintf                     
00002585  UARTvprintf                    
00006425  UARTwrite                      
00001b29  UpdateScope                    
00006bab  WidgetAdd                      
00006e2b  WidgetDefaultMsgProc           
00005001  WidgetMessageQueueAdd          
000061dd  WidgetMessageQueueProcess      
000054d1  WidgetMessageSendPostOrder     
000064d9  WidgetMessageSendPreOrder      
00006ca5  WidgetMutexGet                 
00006e21  WidgetMutexPut                 
00006c31  WidgetPointerMessage           
000065d9  WidgetRemove                   
20000ed4  WriteCommand                   
20000ed0  WriteData                      
20001c6c  __STACK_END                    
00000400  __STACK_SIZE                   
20001a6c  __STACK_TOP                    
00008ef0  __TI_CINIT_Base                
00008f00  __TI_CINIT_Limit               
00008edc  __TI_Handler_Table_Base        
00008ee8  __TI_Handler_Table_Limit       
00005efd  __TI_auto_init                 
20000ebc  __TI_cleanup_ptr               
00006045  __TI_decompress_lzss           
00006da3  __TI_decompress_none           
20000ec0  __TI_dtors_ptr                 
20000ec4  __TI_enable_exit_profile_output
ffffffff  __TI_pprof_out_hndl            
ffffffff  __TI_prof_data_size            
ffffffff  __TI_prof_data_start           
00000000  __TI_static_base__             
00006dbd  __TI_zero_init                 
00005ac7  __aeabi_cdrcmple               
00005f6d  __aeabi_d2f                    
00006705  __aeabi_d2iz                   
000039eb  __aeabi_dadd                   
0000466d  __aeabi_ddiv                   
00004e0d  __aeabi_dmul                   
000039e1  __aeabi_dsub                   
000068d7  __aeabi_f2d                    
000069e3  __aeabi_i2d                    
00005c43  __aeabi_idiv0                  
00005bc9  __aeabi_memclr                 
00005bc9  __aeabi_memclr4                
00005bc9  __aeabi_memclr8                
000056d5  __aeabi_memcpy                 
000056d5  __aeabi_memcpy4                
000056d5  __aeabi_memcpy8                
00005bcb  __aeabi_memset                 
00005bcb  __aeabi_memset4                
00005bcb  __aeabi_memset8                
0000685d  __aeabi_uidiv                  
0000685d  __aeabi_uidivmod               
ffffffff  __binit__                      
ffffffff  __c_args__                     
00006113  __mpu_init                     
2000186c  __stack                        
00006c65  _args_main                     
00006531  _c_int00                       
20000ec8  _lock                          
00006cc7  _nop                           
00006cbf  _register_lock                 
00006cb9  _register_unlock               
00006307  _system_post_cinit             
00006e2f  _system_pre_init               
20000ecc  _unlock                        
00006589  abort                          
ffffffff  binit                          
00006625  copy_in                        
20000ee0  errno                          
00006591  exit                           
20000c84  fADC_Val                       
20000c6c  fAGC                           
20000c60  fBER                           
20000c80  fCRC                           
20000c78  fEVM                           
20000c7c  fFrame                         
20000c74  fHold                          
20000c70  fLock                          
20000c88  fRsense                        
20000c64  fTemp2                         
20000c68  fTempInt                       
20000c8c  fVref0                         
20000c90  fVref1                         
20000c94  fVref2                         
20000c98  fVref3                         
00006241  float_to_int_and_fract         
00008c18  g_lTouchParameters             
20000e98  g_pcPanelNames                 
00000000  g_pfnVectors                   
20001850  g_plParmSet                    
20000b40  g_psButtonCanvas               
00008ca0  g_psDefaultCodePointMapTable   
20000000  g_psPanels                     
20000280  g_psPushButtons2               
0000834f  g_pucBlue50x50                 
0000855f  g_pucBlue50x50Press            
20001838  g_pui32Colors                  
0000886c  g_sFontCm12                    
00008934  g_sFontCm14                    
000089fc  g_sFontCm20                    
00008c50  g_sKentec320x240x16_SSD2119    
20000ca8  g_sLED_Display                 
20000bc0  g_sNext                        
20000ce8  g_sPLLStatus                   
20000c10  g_sPrevious                    
20000d28  g_sRXMSGStatus                 
20000e68  g_sRoot                        
20000d68  g_sRxStatus                    
20000da8  g_sSYNCStatus                  
20000de8  g_sStatusData                  
20000e28  g_sTitle                       
20000ee8  g_sTouchMin                    
20001868  g_sTouchX                      
2000186a  g_sTouchY                      
20001854  g_ulButtonState                
20001858  g_ulButtonState2               
20001400  g_ulDataRx2                    
2000185c  g_ulPanel                      
20001860  g_ulPreviousPanel              
20000ca4  g_ulSSI1RXFF                   
20000c9e  i16average                     
20000500  iAGC_Curve                     
20000640  iCRC_Curve                     
20000780  iFrame_Curve                   
200008c0  iHold_Curve                    
20000a00  iLock_Curve                    
20000c9c  i_counter                      
00002891  log10                          
00002891  log10l                         
0000026d  main                           
20000ee4  main_func_sp                   
000056d5  memcpy                         
00005bd1  memset                         
20001864  my_noise                       
20001000  sDMAControlTable               
00006dc9  uDMAControlBaseSet             
00006d69  uDMAEnable                     
000069b1  usprintf                       
00006481  ustrncpy                       
000016f1  uvsnprintf                     


GLOBAL SYMBOLS: SORTED BY Symbol Address 

address   name                           
-------   ----                           
00000000  __TI_static_base__             
00000000  g_pfnVectors                   
0000026d  main                           
00000400  __STACK_SIZE                   
000016f1  uvsnprintf                     
00001b29  UpdateScope                    
0000222d  OnLEDStatusPaint               
00002585  UARTvprintf                    
00002891  log10                          
00002891  log10l                         
00002b89  Kentec320x240x16_SSD2119Init   
00003137  GrFontGlyphRender              
0000339d  OnBlockDiagramPaint            
000039e1  __aeabi_dsub                   
000039eb  __aeabi_dadd                   
00003e8d  SSI1IntHandler                 
00004159  TouchScreenIntHandler          
000042a5  GrCircleFill                   
000043ed  OnPrevious                     
00004531  OnDataPaint                    
0000466d  __aeabi_ddiv                   
000047a5  OnNext                         
000048cd  OnPLLButtonPress               
000049dd  OnRXMSGButtonPress             
00004aed  OnRxButtonPress                
00004bfd  OnSYNCButtonPress              
00004d0d  GrLineDraw                     
00004e0d  __aeabi_dmul                   
00004f09  TouchScreenInit                
00005001  WidgetMessageQueueAdd          
000051dd  GrDefaultStringRenderer        
00005363  GPIOPadConfigSet               
0000541d  SysCtlClockGet                 
000054d1  WidgetMessageSendPostOrder     
00005581  OnSYNCStatusPaint              
0000562d  OnPLLStatusPaint               
000056d5  __aeabi_memcpy                 
000056d5  __aeabi_memcpy4                
000056d5  __aeabi_memcpy8                
000056d5  memcpy                         
00005929  OnRXMSGStatusPaint             
000059b5  OnRxStatusPaint                
00005a41  GrRectFill                     
00005ac7  __aeabi_cdrcmple               
00005bc9  __aeabi_memclr                 
00005bc9  __aeabi_memclr4                
00005bc9  __aeabi_memclr8                
00005bcb  __aeabi_memset                 
00005bcb  __aeabi_memset4                
00005bcb  __aeabi_memset8                
00005bd1  memset                         
00005c43  __aeabi_idiv0                  
00005c45  OnButtonPress2                 
00005cbd  ConfigureUART                  
00005d31  InitSPI1                       
00005da5  UARTStdioConfig                
00005e8d  ADCSequenceStepConfigure       
00005efd  __TI_auto_init                 
00005f6d  __aeabi_d2f                    
00005fdb  GrStringWidthGet               
00006045  __TI_decompress_lzss           
000060ad  GrRectDraw                     
00006113  __mpu_init                     
00006115  GrContextInit                  
000061dd  WidgetMessageQueueProcess      
00006241  float_to_int_and_fract         
000062a5  GrContextClipRegionSet         
00006307  _system_post_cinit             
00006309  IntDisable                     
00006369  IntEnable                      
00006425  UARTwrite                      
00006481  ustrncpy                       
000064d9  WidgetMessageSendPreOrder      
00006531  _c_int00                       
00006585  C$$EXIT                        
00006589  abort                          
00006591  exit                           
000065d9  WidgetRemove                   
00006625  copy_in                        
000066bd  GPIOPinConfigure               
00006705  __aeabi_d2iz                   
0000674d  GrLineDrawH                    
00006793  GrLineDrawV                    
000067d9  SSIConfigSetExpClk             
0000681d  SysTickIntHandler              
0000685d  __aeabi_uidiv                  
0000685d  __aeabi_uidivmod               
000068d7  __aeabi_f2d                    
00006945  GrStringDrawRight              
0000697d  SysCtlPeripheralEnable         
000069b1  usprintf                       
000069e3  __aeabi_i2d                    
00006a11  ADCSequenceConfigure           
00006a3d  GPIODirModeSet                 
00006a67  GrFontBaselineGet              
00006a91  GrFontHeightGet                
00006abb  GrStringNextCharGet            
00006b39  TimerConfigure                 
00006b61  GrFontInfoGet                  
00006b87  UARTprintf                     
00006bab  WidgetAdd                      
00006bcf  GrFontGlyphDataGet             
00006bf1  RectangularButtonMsgProc       
00006c13  GrFontCodepageGet              
00006c31  WidgetPointerMessage           
00006c4d  TimerControlTrigger            
00006c65  _args_main                     
00006c7d  CanvasMsgProc                  
00006c91  TouchScreenCallbackSet         
00006ca5  WidgetMutexGet                 
00006cb9  _register_unlock               
00006cbf  _register_lock                 
00006cc7  _nop                           
00006ccd  ADCHardwareOversampleConfigure 
00006cdf  GPIOPinTypeGPIOOutput          
00006cf1  GPIOPinTypeSSI                 
00006d03  GrStringDraw                   
00006d15  TimerLoadSet                   
00006d27  ADCIntEnable                   
00006d39  FPUEnable                      
00006d49  FPULazyStackingEnable          
00006d59  MPUEnable                      
00006d69  uDMAEnable                     
00006d79  ADCSequenceEnable              
00006d87  GrImageDraw                    
00006d95  TimerEnable                    
00006da3  __TI_decompress_none           
00006db1  SSIDataGet                     
00006dbd  __TI_zero_init                 
00006dc9  uDMAControlBaseSet             
00006ddf  SSIEnable                      
00006de9  SSIIntStatus                   
00006df3  GrMapISO8859_1_Unicode         
00006dfb  SSIIntEnable                   
00006e03  GPIOPinWrite                   
00006e09  GrContextFontSet               
00006e0f  ResetISR                       
00006e15  SysCtlDelay                    
00006e1b  UARTClockSourceSet             
00006e21  WidgetMutexPut                 
00006e27  SSIIntClear                    
00006e2b  WidgetDefaultMsgProc           
00006e2f  _system_pre_init               
0000834f  g_pucBlue50x50                 
0000855f  g_pucBlue50x50Press            
0000886c  g_sFontCm12                    
00008934  g_sFontCm14                    
000089fc  g_sFontCm20                    
00008c18  g_lTouchParameters             
00008c50  g_sKentec320x240x16_SSD2119    
00008ca0  g_psDefaultCodePointMapTable   
00008edc  __TI_Handler_Table_Base        
00008ee8  __TI_Handler_Table_Limit       
00008ef0  __TI_CINIT_Base                
00008f00  __TI_CINIT_Limit               
20000000  g_psPanels                     
20000280  g_psPushButtons2               
20000500  iAGC_Curve                     
20000640  iCRC_Curve                     
20000780  iFrame_Curve                   
200008c0  iHold_Curve                    
20000a00  iLock_Curve                    
20000b40  g_psButtonCanvas               
20000bc0  g_sNext                        
20000c10  g_sPrevious                    
20000c60  fBER                           
20000c64  fTemp2                         
20000c68  fTempInt                       
20000c6c  fAGC                           
20000c70  fLock                          
20000c74  fHold                          
20000c78  fEVM                           
20000c7c  fFrame                         
20000c80  fCRC                           
20000c84  fADC_Val                       
20000c88  fRsense                        
20000c8c  fVref0                         
20000c90  fVref1                         
20000c94  fVref2                         
20000c98  fVref3                         
20000c9c  i_counter                      
20000c9e  i16average                     
20000ca0  SysTick_Semafore               
20000ca4  g_ulSSI1RXFF                   
20000ca8  g_sLED_Display                 
20000ce8  g_sPLLStatus                   
20000d28  g_sRXMSGStatus                 
20000d68  g_sRxStatus                    
20000da8  g_sSYNCStatus                  
20000de8  g_sStatusData                  
20000e28  g_sTitle                       
20000e68  g_sRoot                        
20000e98  g_pcPanelNames                 
20000ebc  __TI_cleanup_ptr               
20000ec0  __TI_dtors_ptr                 
20000ec4  __TI_enable_exit_profile_output
20000ec8  _lock                          
20000ecc  _unlock                        
20000ed0  WriteData                      
20000ed4  WriteCommand                   
20000ee0  errno                          
20000ee4  main_func_sp                   
20000ee8  g_sTouchMin                    
20001000  sDMAControlTable               
20001400  g_ulDataRx2                    
20001838  g_pui32Colors                  
20001850  g_plParmSet                    
20001854  g_ulButtonState                
20001858  g_ulButtonState2               
2000185c  g_ulPanel                      
20001860  g_ulPreviousPanel              
20001864  my_noise                       
20001868  g_sTouchX                      
2000186a  g_sTouchY                      
2000186c  __stack                        
20001a6c  __STACK_TOP                    
20001c6c  __STACK_END                    
ffffffff  __TI_pprof_out_hndl            
ffffffff  __TI_prof_data_size            
ffffffff  __TI_prof_data_start           
ffffffff  __binit__                      
ffffffff  __c_args__                     
ffffffff  binit                          
UNDEFED   SHT$$INIT_ARRAY$$Base          
UNDEFED   SHT$$INIT_ARRAY$$Limit         

[225 symbols]
