******************************************************************************
                  TI ARM Linker PC v16.9.1                     
******************************************************************************
>> Linked Thu Mar 09 16:01:09 2017

OUTPUT FILE NAME:   <Display_Parameters.out>
ENTRY POINT SYMBOL: "_c_int00"  address: 00005ef5


MEMORY CONFIGURATION

         name            origin    length      used     unused   attr    fill
----------------------  --------  ---------  --------  --------  ----  --------
  FLASH                 00000000   00040000  0000833a  00037cc6  R  X
  SRAM                  20000000   00008000  00001b54  000064ac  RW X


SEGMENT ALLOCATION MAP

run origin  load origin   length   init length attrs members
----------  ----------- ---------- ----------- ----- -------
00000000    00000000    00008340   00008340    r-x
  00000000    00000000    0000026c   0000026c    r-- .intvecs
  0000026c    0000026c    00006626   00006626    r-x .text
  00006894    00006894    00001870   00001870    r-- .const
  00008108    00008108    00000238   00000238    r-- .cinit
20000000    20000000    00000ee8   00000000    rw-
  20000000    20000000    00000ee8   00000000    rw- .data
20001000    20001000    00000c6c   00000000    rw-
  20001000    20001000    0000086c   00000000    rw- .bss
  2000186c    2000186c    00000400   00000000    rw- .stack


SECTION ALLOCATION MAP

 output                                  attributes/
section   page    origin      length       input sections
--------  ----  ----------  ----------   ----------------
.intvecs   0    00000000    0000026c     
                  00000000    0000026c     tm4c123gh6pm_startup_ccs.obj (.intvecs)

.text      0    0000026c    00006626     
                  0000026c    000014c8     ZC706_SPI_Display.obj (.text:main)
                  00001734    00000438     ustdlib.obj (.text:uvsnprintf)
                  00001b6c    00000374     grlib.lib : image.obj (.text:Internai32ImageDraw)
                  00001ee0    00000358     ZC706_SPI_Display.obj (.text:OnLEDStatusPaint)
                  00002238    0000030c     uartstdio.obj (.text:UARTvprintf)
                  00002544    000002f4     Kentec320x240x16_ssd2119_8bit.obj (.text:Kentec320x240x16_SSD2119Init)
                  00002838    000002ba     grlib.lib : image.obj (.text:PixelTransparentDraw)
                  00002af2    00000266               : string.obj (.text:GrFontGlyphRender)
                  00002d58    00000224     ZC706_SPI_Display.obj (.text:OnBlockDiagramPaint)
                  00002f7c    0000021c     ZC706_SPI_Display.obj (.text:UpdateScope)
                  00003198    00000218     touch.obj (.text:TouchScreenDebouncer)
                  000033b0    00000208     Kentec320x240x16_ssd2119_8bit.obj (.text:Kentec320x240x16_SSD2119PixelDrawMultiple)
                  000035b8    000001b6     rtsv7M4_T_le_v4SPD16_eabi.lib : fd_add_t2.obj (.text)
                  0000376e    00000188     grlib.lib : canvas.obj (.text:CanvasPaint)
                  000038f6    0000016e               : pushbutton.obj (.text:RectangularButtonPaint)
                  00003a64    0000016c     ZC706_SPI_Display.obj (.text:SSI1IntHandler)
                  00003bd0    00000160     Kentec320x240x16_ssd2119_8bit.obj (.text:Kentec320x240x16_SSD2119RectFill)
                  00003d30    0000014c     touch.obj (.text:TouchScreenIntHandler)
                  00003e7c    00000146     grlib.lib : circle.obj (.text:GrCircleFill)
                  00003fc2    00000002     tm4c123gh6pm_startup_ccs.obj (.text:FaultISR)
                  00003fc4    00000144     ZC706_SPI_Display.obj (.text:OnPrevious)
                  00004108    0000013c     ZC706_SPI_Display.obj (.text:OnDataPaint)
                  00004244    00000136     rtsv7M4_T_le_v4SPD16_eabi.lib : fd_div_t2.obj (.text)
                  0000437a    00000002     tm4c123gh6pm_startup_ccs.obj (.text:IntDefaultHandler)
                  0000437c    00000128     ZC706_SPI_Display.obj (.text:OnNext)
                  000044a4    00000110     ZC706_SPI_Display.obj (.text:OnPLLButtonPress)
                  000045b4    00000110     ZC706_SPI_Display.obj (.text:OnRXMSGButtonPress)
                  000046c4    00000110     ZC706_SPI_Display.obj (.text:OnRxButtonPress)
                  000047d4    00000110     ZC706_SPI_Display.obj (.text:OnSYNCButtonPress)
                  000048e4    00000100     grlib.lib : line.obj (.text:GrLineDraw)
                  000049e4    000000fc     rtsv7M4_T_le_v4SPD16_eabi.lib : fd_mul_t2.obj (.text)
                  00004ae0    000000f8     touch.obj (.text:TouchScreenInit)
                  00004bd8    000000f0     grlib.lib : widget.obj (.text:WidgetMessageQueueAdd)
                  00004cc8    000000ec               : pushbutton.obj (.text:RectangularButtonClick)
                  00004db4    000000ca               : string.obj (.text:GrDefaultStringRenderer)
                  00004e7e    000000bc               : line.obj (.text:GrLineClip)
                  00004f3a    000000b8     driverlib.lib : gpio.obj (.text:GPIOPadConfigSet)
                  00004ff2    00000002     tm4c123gh6pm_startup_ccs.obj (.text:NmiSR)
                  00004ff4    000000b4     driverlib.lib : sysctl.obj (.text:SysCtlClockGet)
                  000050a8    000000b0     grlib.lib : widget.obj (.text:WidgetMessageSendPostOrder)
                  00005158    0000009c     rtsv7M4_T_le_v4SPD16_eabi.lib : memcpy_t2.obj (.text)
                  000051f4    00000098     Kentec320x240x16_ssd2119_8bit.obj (.text:InitGPIOLCDInterface)
                  0000528c    00000090     Kentec320x240x16_ssd2119_8bit.obj (.text:Kentec320x240x16_SSD2119LineDrawH)
                  0000531c    00000090     Kentec320x240x16_ssd2119_8bit.obj (.text:Kentec320x240x16_SSD2119LineDrawV)
                  000053ac    00000086     grlib.lib : rectangle.obj (.text:GrRectFill)
                  00005432    00000002     rtsv7M4_T_le_v4SPD16_eabi.lib : i_div0.obj (.text)
                  00005434    0000007c     Kentec320x240x16_ssd2119_8bit.obj (.text:WriteCommandGPIO)
                  000054b0    0000007a     rtsv7M4_T_le_v4SPD16_eabi.lib : memset_t2.obj (.text)
                  0000552a    00000002                                   : mpu_init.obj (.text)
                  0000552c    00000078     ZC706_SPI_Display.obj (.text:OnButtonPress2)
                  000055a4    00000074     ZC706_SPI_Display.obj (.text:ConfigureUART)
                  00005618    00000074     ZC706_SPI_Display.obj (.text:InitSPI1)
                  0000568c    00000074     uartstdio.obj (.text:UARTStdioConfig)
                  00005700    00000074     Kentec320x240x16_ssd2119_8bit.obj (.text:WriteDataGPIO)
                  00005774    00000070     driverlib.lib : adc.obj (.text:ADCSequenceStepConfigure)
                  000057e4    00000070     ZC706_SPI_Display.obj (.text:OnSYNCStatusPaint)
                  00005854    00000070     rtsv7M4_T_le_v4SPD16_eabi.lib : autoinit.obj (.text)
                  000058c4    0000006e                                   : fd_tos_t2.obj (.text)
                  00005932    00000002                                   : startup.obj (.text)
                  00005934    0000006c     ZC706_SPI_Display.obj (.text:OnPLLStatusPaint)
                  000059a0    0000006a     grlib.lib : string.obj (.text:GrStringWidthGet)
                  00005a0a    00000068     rtsv7M4_T_le_v4SPD16_eabi.lib : copy_decompress_lzss.obj (.text:decompress:lzss)
                  00005a72    00000066     grlib.lib : rectangle.obj (.text:GrRectDraw)
                  00005ad8    00000064               : context.obj (.text:GrContextInit)
                  00005b3c    00000064     Kentec320x240x16_ssd2119_8bit.obj (.text:Kentec320x240x16_SSD2119PixelDraw)
                  00005ba0    00000064     grlib.lib : widget.obj (.text:WidgetMessageQueueProcess)
                  00005c04    00000064     ZC706_SPI_Display.obj (.text:float_to_int_and_fract)
                  00005c68    00000062     grlib.lib : context.obj (.text:GrContextClipRegionSet)
                  00005cca    00000002     --HOLE-- [fill = 0]
                  00005ccc    00000060     driverlib.lib : interrupt.obj (.text:IntDisable)
                  00005d2c    00000060                   : interrupt.obj (.text:IntEnable)
                  00005d8c    0000005c     grlib.lib : string.obj (.text:FontWideGlyphDataGet)
                  00005de8    0000005c     uartstdio.obj (.text:UARTwrite)
                  00005e44    00000058     ustdlib.obj (.text:ustrncpy)
                  00005e9c    00000056     grlib.lib : widget.obj (.text:WidgetMessageSendPreOrder)
                  00005ef2    00000002     --HOLE-- [fill = 0]
                  00005ef4    00000054     rtsv7M4_T_le_v4SPD16_eabi.lib : boot.obj (.text)
                  00005f48    00000054                                   : exit.obj (.text)
                  00005f9c    00000050     ZC706_SPI_Display.obj (.text:OnRXMSGStatusPaint)
                  00005fec    00000050     ZC706_SPI_Display.obj (.text:OnRxStatusPaint)
                  0000603c    0000004c     grlib.lib : widget.obj (.text:WidgetRemove)
                  00006088    0000004c     rtsv7M4_T_le_v4SPD16_eabi.lib : cpy_tbl.obj (.text)
                  000060d4    0000004a     grlib.lib : string.obj (.text:UpdateContextCharMapping)
                  0000611e    00000002     --HOLE-- [fill = 0]
                  00006120    00000048     driverlib.lib : gpio.obj (.text:GPIOPinConfigure)
                  00006168    00000046     grlib.lib : line.obj (.text:GrLineDrawH)
                  000061ae    00000046               : line.obj (.text:GrLineDrawV)
                  000061f4    00000044     rtsv7M4_T_le_v4SPD16_eabi.lib : fd_tou_t2.obj (.text)
                  00006238    00000042     driverlib.lib : ssi.obj (.text:SSIConfigSetExpClk)
                  0000627a    00000002     --HOLE-- [fill = 0]
                  0000627c    00000040     ZC706_SPI_Display.obj (.text:SysTickIntHandler)
                  000062bc    00000040     rtsv7M4_T_le_v4SPD16_eabi.lib : u_divt2.obj (.text)
                  000062fc    0000003a     grlib.lib : string.obj (.text:FontGlyphDataGet)
                  00006336    00000038     rtsv7M4_T_le_v4SPD16_eabi.lib : fs_tod_t2.obj (.text)
                  0000636e    00000036     grlib.lib : line.obj (.text:GrClipCodeGet)
                  000063a4    00000036     ZC706_SPI_Display.obj (.text:GrStringDrawRight)
                  000063da    00000002     --HOLE-- [fill = 0]
                  000063dc    00000034     driverlib.lib : sysctl.obj (.text:SysCtlPeripheralEnable)
                  00006410    00000032     ustdlib.obj (.text:usprintf)
                  00006442    0000002e     rtsv7M4_T_le_v4SPD16_eabi.lib : i_tofd_t2.obj (.text)
                  00006470    0000002c     driverlib.lib : adc.obj (.text:ADCSequenceConfigure)
                  0000649c    0000002a                   : gpio.obj (.text:GPIODirModeSet)
                  000064c6    0000002a     grlib.lib : string.obj (.text:GrFontBaselineGet)
                  000064f0    0000002a               : string.obj (.text:GrFontHeightGet)
                  0000651a    0000002a               : string.obj (.text:GrStringNextCharGet)
                  00006544    0000002a               : widget.obj (.text:WidgetIsInTree)
                  0000656e    00000028     Kentec320x240x16_ssd2119_8bit.obj (.text:Kentec320x240x16_SSD2119ColorTranslate)
                  00006596    00000002     --HOLE-- [fill = 0]
                  00006598    00000028     driverlib.lib : timer.obj (.text:TimerConfigure)
                  000065c0    00000026     grlib.lib : string.obj (.text:GrFontInfoGet)
                  000065e6    00000024     uartstdio.obj (.text:UARTprintf)
                  0000660a    00000024     grlib.lib : widget.obj (.text:WidgetAdd)
                  0000662e    00000022               : string.obj (.text:GrFontGlyphDataGet)
                  00006650    00000022               : pushbutton.obj (.text:RectangularButtonMsgProc)
                  00006672    0000001e               : string.obj (.text:GrFontCodepageGet)
                  00006690    0000001c               : widget.obj (.text:WidgetPointerMessage)
                  000066ac    00000018     driverlib.lib : timer.obj (.text:TimerControlTrigger)
                  000066c4    00000018     rtsv7M4_T_le_v4SPD16_eabi.lib : args_main.obj (.text)
                  000066dc    00000014     grlib.lib : canvas.obj (.text:CanvasMsgProc)
                  000066f0    00000014     touch.obj (.text:TouchScreenCallbackSet)
                  00006704    00000014     grlib.lib : widget.obj (.text:WidgetMutexGet)
                  00006718    00000014     rtsv7M4_T_le_v4SPD16_eabi.lib : _lock.obj (.text)
                  0000672c    00000012     driverlib.lib : adc.obj (.text:ADCHardwareOversampleConfigure)
                  0000673e    00000012                   : gpio.obj (.text:GPIOPinTypeGPIOOutput)
                  00006750    00000012                   : gpio.obj (.text:GPIOPinTypeSSI)
                  00006762    00000012     grlib.lib : string.obj (.text:GrStringDraw)
                  00006774    00000012     driverlib.lib : timer.obj (.text:TimerLoadSet)
                  00006786    00000010                   : adc.obj (.text:ADCIntEnable)
                  00006796    00000002     --HOLE-- [fill = 0]
                  00006798    00000010                   : fpu.obj (.text:FPUEnable)
                  000067a8    00000010                   : fpu.obj (.text:FPULazyStackingEnable)
                  000067b8    00000010                   : mpu.obj (.text:MPUEnable)
                  000067c8    00000010                   : udma.obj (.text:uDMAEnable)
                  000067d8    0000000e                   : adc.obj (.text:ADCSequenceEnable)
                  000067e6    0000000e     grlib.lib : image.obj (.text:GrImageDraw)
                  000067f4    0000000e     driverlib.lib : timer.obj (.text:TimerEnable)
                  00006802    0000000e     rtsv7M4_T_le_v4SPD16_eabi.lib : copy_decompress_none.obj (.text:decompress:none)
                  00006810    0000000c     driverlib.lib : ssi.obj (.text:SSIDataGet)
                  0000681c    0000000c     rtsv7M4_T_le_v4SPD16_eabi.lib : copy_zero_init.obj (.text:decompress:ZI)
                  00006828    0000000c     driverlib.lib : udma.obj (.text:uDMAControlBaseSet)
                  00006834    0000000a     Kentec320x240x16_ssd2119_8bit.obj (.text:Kentec320x240x16_SSD2119Flush)
                  0000683e    0000000a     driverlib.lib : ssi.obj (.text:SSIEnable)
                  00006848    0000000a                   : ssi.obj (.text:SSIIntStatus)
                  00006852    00000008     grlib.lib : charmap.obj (.text:GrMapISO8859_1_Unicode)
                  0000685a    00000008     driverlib.lib : ssi.obj (.text:SSIIntEnable)
                  00006862    00000006                   : gpio.obj (.text:GPIOPinWrite)
                  00006868    00000006     grlib.lib : string.obj (.text:GrContextFontSet)
                  0000686e    00000006     tm4c123gh6pm_startup_ccs.obj (.text:ResetISR)
                  00006874    00000006     driverlib.lib : sysctl.obj (.text:SysCtlDelay)
                  0000687a    00000006                   : uart.obj (.text:UARTClockSourceSet)
                  00006880    00000006     grlib.lib : widget.obj (.text:WidgetMutexPut)
                  00006886    00000004     driverlib.lib : ssi.obj (.text:SSIIntClear)
                  0000688a    00000004     grlib.lib : widget.obj (.text:WidgetDefaultMsgProc)
                  0000688e    00000004     rtsv7M4_T_le_v4SPD16_eabi.lib : pre_init.obj (.text)

.const     0    00006894    00001870     
                  00006894    0000095e     grlib.lib : fontcm20.obj (.const:.string:g_pui8Cm20Data)
                  000071f2    00000002     --HOLE-- [fill = 0]
                  000071f4    0000065a               : fontcm14.obj (.const:.string:g_pui8Cm14Data)
                  0000784e    00000210     images.obj (.const:.string:g_pucBlue50x50)
                  00007a5e    0000020e     images.obj (.const:.string:g_pucBlue50x50Press)
                  00007c6c    000000fa     ZC706_SPI_Display.obj (.const:.string)
                  00007d66    00000002     --HOLE-- [fill = 0]
                  00007d68    000000c8     grlib.lib : fontcm14.obj (.const:g_sFontCm14)
                  00007e30    000000c8               : fontcm20.obj (.const:g_sFontCm20)
                  00007ef8    00000078     driverlib.lib : gpio.obj (.const:g_pui32GPIOBaseAddrs)
                  00007f70    00000070                   : interrupt.obj (.const)
                  00007fe0    0000006c                   : sysctl.obj (.const:g_pui32Xtals)
                  0000804c    00000038     touch.obj (.const:g_lTouchParameters)
                  00008084    00000028     Kentec320x240x16_ssd2119_8bit.obj (.const:g_sKentec320x240x16_SSD2119)
                  000080ac    00000012     uartstdio.obj (.const:.string)
                  000080be    00000002     --HOLE-- [fill = 0]
                  000080c0    00000012     ustdlib.obj (.const:.string)
                  000080d2    00000002     --HOLE-- [fill = 0]
                  000080d4    00000010     grlib.lib : context.obj (.const)
                  000080e4    0000000c     uartstdio.obj (.const:g_ui32UARTBase)
                  000080f0    0000000c     uartstdio.obj (.const:g_ui32UARTPeriph)
                  000080fc    00000004     uartstdio.obj (.const)
                  00008100    00000004     ustdlib.obj (.const)

.cinit     0    00008108    00000238     
                  00008108    0000020e     (.cinit..data.load) [load image, compression = lzss]
                  00008316    00000002     --HOLE-- [fill = 0]
                  00008318    0000000c     (__TI_handler_table)
                  00008324    00000004     --HOLE-- [fill = 0]
                  00008328    00000008     (.cinit..bss.load) [load image, compression = zero_init]
                  00008330    00000010     (__TI_cinit_table)

.init_array 
*          0    00000000    00000000     UNINITIALIZED

.data      0    20000000    00000ee8     UNINITIALIZED
                  20000000    00000280     ZC706_SPI_Display.obj (.data:g_psPanels)
                  20000280    00000280     ZC706_SPI_Display.obj (.data:g_psPushButtons2)
                  20000500    00000140     ZC706_SPI_Display.obj (.data:iAGC_Curve)
                  20000640    00000140     ZC706_SPI_Display.obj (.data:iCRC_Curve)
                  20000780    00000140     ZC706_SPI_Display.obj (.data:iFrame_Curve)
                  200008c0    00000140     ZC706_SPI_Display.obj (.data:iHold_Curve)
                  20000a00    00000140     ZC706_SPI_Display.obj (.data:iLock_Curve)
                  20000b40    00000080     ZC706_SPI_Display.obj (.data:g_psButtonCanvas)
                  20000bc0    00000050     ZC706_SPI_Display.obj (.data:g_sNext)
                  20000c10    00000050     ZC706_SPI_Display.obj (.data:g_sPrevious)
                  20000c60    00000048     ZC706_SPI_Display.obj (.data)
                  20000ca8    00000040     ZC706_SPI_Display.obj (.data:g_sLED_Display)
                  20000ce8    00000040     ZC706_SPI_Display.obj (.data:g_sPLLStatus)
                  20000d28    00000040     ZC706_SPI_Display.obj (.data:g_sRXMSGStatus)
                  20000d68    00000040     ZC706_SPI_Display.obj (.data:g_sRxStatus)
                  20000da8    00000040     ZC706_SPI_Display.obj (.data:g_sSYNCStatus)
                  20000de8    00000040     ZC706_SPI_Display.obj (.data:g_sStatusData)
                  20000e28    00000040     ZC706_SPI_Display.obj (.data:g_sTitle)
                  20000e68    0000002d     grlib.lib : widget.obj (.data)
                  20000e95    00000003     --HOLE--
                  20000e98    00000024     ZC706_SPI_Display.obj (.data:g_pcPanelNames)
                  20000ebc    0000000c     rtsv7M4_T_le_v4SPD16_eabi.lib : exit.obj (.data:$O1$$)
                  20000ec8    00000008                                   : _lock.obj (.data:$O1$$)
                  20000ed0    00000008     Kentec320x240x16_ssd2119_8bit.obj (.data)
                  20000ed8    00000005     uartstdio.obj (.data)
                  20000edd    00000003     --HOLE--
                  20000ee0    00000004     rtsv7M4_T_le_v4SPD16_eabi.lib : stkdepth_vars.obj (.data)
                  20000ee4    00000004     touch.obj (.data)

.bss       0    20001000    0000086c     UNINITIALIZED
                  20001000    00000400     (.common:sDMAControlTable)
                  20001400    00000200     (.common:g_ulDataRx2)
                  20001600    00000140     grlib.lib : widget.obj (.bss:g_psMQ)
                  20001740    00000020               : image.obj (.bss)
                  20001760    00000014     ZC706_SPI_Display.obj (.bss:val10_string)
                  20001774    00000014     ZC706_SPI_Display.obj (.bss:val8_string)
                  20001788    00000014     ZC706_SPI_Display.obj (.bss:val9_string)
                  2000179c    00000014     ZC706_SPI_Display.obj (.bss:val_AGC_Str)
                  200017b0    00000014     ZC706_SPI_Display.obj (.bss:val_BER_Str)
                  200017c4    00000014     ZC706_SPI_Display.obj (.bss:val_CRC_Str)
                  200017d8    00000014     ZC706_SPI_Display.obj (.bss:val_EVM_Str)
                  200017ec    00000014     ZC706_SPI_Display.obj (.bss:val_FRAME_Str)
                  20001800    00000014     ZC706_SPI_Display.obj (.bss:val_HOLD_Str)
                  20001814    00000014     ZC706_SPI_Display.obj (.bss:val_LOCK_Str)
                  20001828    00000010     touch.obj (.bss:g_psSamples)
                  20001838    0000000c     (.common:g_pui32Colors)
                  20001844    00000008     touch.obj (.bss)
                  2000184c    00000004     grlib.lib : context.obj (.bss)
                  20001850    00000004     (.common:g_plParmSet)
                  20001854    00000004     (.common:g_ulButtonState)
                  20001858    00000004     (.common:g_ulButtonState2)
                  2000185c    00000004     (.common:g_ulPanel)
                  20001860    00000004     (.common:g_ulPreviousPanel)
                  20001864    00000004     (.common:my_noise)
                  20001868    00000002     (.common:g_sTouchX)
                  2000186a    00000002     (.common:g_sTouchY)

.stack     0    2000186c    00000400     UNINITIALIZED
                  2000186c    00000400     --HOLE--

MODULE SUMMARY

       Module                              code    ro data   rw data
       ------                              ----    -------   -------
    .\
       ZC706_SPI_Display.obj               10602   250       5492   
       Kentec320x240x16_ssd2119_8bit.obj   2458    40        8      
       ustdlib.obj                         1218    22        0      
       touch.obj                           1136    56        36     
       images.obj                          0       1054      0      
       tm4c123gh6pm_startup_ccs.obj        12      620       0      
    +--+-----------------------------------+-------+---------+---------+
       Total:                              15426   2042      5536   
                                                                    
    .\utils\
       uartstdio.obj                       1024    46        5      
    +--+-----------------------------------+-------+---------+---------+
       Total:                              1024    46        5      
                                                                    
    C:/ti/TivaWare_C_Series-1.0/driverlib/ccs/Debug/driverlib.lib
       gpio.obj                            340     120       0      
       sysctl.obj                          238     108       0      
       interrupt.obj                       192     112       0      
       adc.obj                             204     0         0      
       ssi.obj                             110     0         0      
       timer.obj                           96      0         0      
       fpu.obj                             32      0         0      
       udma.obj                            28      0         0      
       mpu.obj                             16      0         0      
       uart.obj                            6       0         0      
    +--+-----------------------------------+-------+---------+---------+
       Total:                              1262    340       0      
                                                                    
    C:/ti/TivaWare_C_Series-1.0/grlib/ccs/Debug/grlib.lib
       fontcm20.obj                        0       2598      0      
       fontcm14.obj                        0       1826      0      
       image.obj                           1596    0         32     
       string.obj                          1398    0         0      
       widget.obj                          814     0         365    
       line.obj                            638     0         0      
       pushbutton.obj                      636     0         0      
       canvas.obj                          412     0         0      
       circle.obj                          326     0         0      
       rectangle.obj                       236     0         0      
       context.obj                         198     16        4      
       charmap.obj                         8       0         0      
    +--+-----------------------------------+-------+---------+---------+
       Total:                              6262    4440      401    
                                                                    
    D:\ti\ccsv7\tools\compiler\ti-cgt-arm_16.9.1.LTS\lib\rtsv7M4_T_le_v4SPD16_eabi.lib
       fd_add_t2.obj                       438     0         0      
       fd_div_t2.obj                       310     0         0      
       fd_mul_t2.obj                       252     0         0      
       memcpy_t2.obj                       156     0         0      
       memset_t2.obj                       122     0         0      
       autoinit.obj                        112     0         0      
       fd_tos_t2.obj                       110     0         0      
       copy_decompress_lzss.obj            104     0         0      
       exit.obj                            84      0         12     
       boot.obj                            84      0         0      
       cpy_tbl.obj                         76      0         0      
       fd_tou_t2.obj                       68      0         0      
       u_divt2.obj                         64      0         0      
       fs_tod_t2.obj                       56      0         0      
       i_tofd_t2.obj                       46      0         0      
       _lock.obj                           20      0         8      
       args_main.obj                       24      0         0      
       copy_decompress_none.obj            14      0         0      
       copy_zero_init.obj                  12      0         0      
       pre_init.obj                        4       0         0      
       stkdepth_vars.obj                   0       0         4      
       i_div0.obj                          2       0         0      
       mpu_init.obj                        2       0         0      
       startup.obj                         2       0         0      
    +--+-----------------------------------+-------+---------+---------+
       Total:                              2162    0         24     
                                                                    
       Stack:                              0       0         1024   
       Linker Generated:                   0       562       0      
    +--+-----------------------------------+-------+---------+---------+
       Grand Total:                        26136   7430      6990   


LINKER GENERATED COPY TABLES

__TI_cinit_table @ 00008330 records: 2, size/record: 8, table size: 16
	.data: load addr=00008108, load size=0000020e bytes, run addr=20000000, run size=00000ee8 bytes, compression=lzss
	.bss: load addr=00008328, load size=00000008 bytes, run addr=20001000, run size=0000086c bytes, compression=zero_init


LINKER GENERATED HANDLER TABLE

__TI_handler_table @ 00008318 records: 3, size/record: 4, table size: 12
	index: 0, handler: __TI_decompress_lzss
	index: 1, handler: __TI_decompress_none
	index: 2, handler: __TI_zero_init


GLOBAL SYMBOLS: SORTED ALPHABETICALLY BY Name 

address   name                           
-------   ----                           
0000672d  ADCHardwareOversampleConfigure 
00006787  ADCIntEnable                   
00006471  ADCSequenceConfigure           
000067d9  ADCSequenceEnable              
00005775  ADCSequenceStepConfigure       
00005f49  C$$EXIT                        
000066dd  CanvasMsgProc                  
000055a5  ConfigureUART                  
00006799  FPUEnable                      
000067a9  FPULazyStackingEnable          
0000649d  GPIODirModeSet                 
00004f3b  GPIOPadConfigSet               
00006121  GPIOPinConfigure               
0000673f  GPIOPinTypeGPIOOutput          
00006751  GPIOPinTypeSSI                 
00006863  GPIOPinWrite                   
00003e7d  GrCircleFill                   
00005c69  GrContextClipRegionSet         
00006869  GrContextFontSet               
00005ad9  GrContextInit                  
00004db5  GrDefaultStringRenderer        
000064c7  GrFontBaselineGet              
00006673  GrFontCodepageGet              
0000662f  GrFontGlyphDataGet             
00002af3  GrFontGlyphRender              
000064f1  GrFontHeightGet                
000065c1  GrFontInfoGet                  
000067e7  GrImageDraw                    
000048e5  GrLineDraw                     
00006169  GrLineDrawH                    
000061af  GrLineDrawV                    
00006853  GrMapISO8859_1_Unicode         
00005a73  GrRectDraw                     
000053ad  GrRectFill                     
00006763  GrStringDraw                   
000063a5  GrStringDrawRight              
0000651b  GrStringNextCharGet            
000059a1  GrStringWidthGet               
00005619  InitSPI1                       
00005ccd  IntDisable                     
00005d2d  IntEnable                      
00002545  Kentec320x240x16_SSD2119Init   
000067b9  MPUEnable                      
00002d59  OnBlockDiagramPaint            
0000552d  OnButtonPress2                 
00004109  OnDataPaint                    
00001ee1  OnLEDStatusPaint               
0000437d  OnNext                         
000044a5  OnPLLButtonPress               
00005935  OnPLLStatusPaint               
00003fc5  OnPrevious                     
000045b5  OnRXMSGButtonPress             
00005f9d  OnRXMSGStatusPaint             
000046c5  OnRxButtonPress                
00005fed  OnRxStatusPaint                
000047d5  OnSYNCButtonPress              
000057e5  OnSYNCStatusPaint              
00006651  RectangularButtonMsgProc       
0000686f  ResetISR                       
UNDEFED   SHT$$INIT_ARRAY$$Base          
UNDEFED   SHT$$INIT_ARRAY$$Limit         
00003a65  SSI1IntHandler                 
00006239  SSIConfigSetExpClk             
00006811  SSIDataGet                     
0000683f  SSIEnable                      
00006887  SSIIntClear                    
0000685b  SSIIntEnable                   
00006849  SSIIntStatus                   
00004ff5  SysCtlClockGet                 
00006875  SysCtlDelay                    
000063dd  SysCtlPeripheralEnable         
0000627d  SysTickIntHandler              
20000ca0  SysTick_Semafore               
00006599  TimerConfigure                 
000066ad  TimerControlTrigger            
000067f5  TimerEnable                    
00006775  TimerLoadSet                   
000066f1  TouchScreenCallbackSet         
00004ae1  TouchScreenInit                
00003d31  TouchScreenIntHandler          
0000687b  UARTClockSourceSet             
0000568d  UARTStdioConfig                
000065e7  UARTprintf                     
00002239  UARTvprintf                    
00005de9  UARTwrite                      
00002f7d  UpdateScope                    
0000660b  WidgetAdd                      
0000688b  WidgetDefaultMsgProc           
00004bd9  WidgetMessageQueueAdd          
00005ba1  WidgetMessageQueueProcess      
000050a9  WidgetMessageSendPostOrder     
00005e9d  WidgetMessageSendPreOrder      
00006705  WidgetMutexGet                 
00006881  WidgetMutexPut                 
00006691  WidgetPointerMessage           
0000603d  WidgetRemove                   
20000ed4  WriteCommand                   
20000ed0  WriteData                      
20001c6c  __STACK_END                    
00000400  __STACK_SIZE                   
20001a6c  __STACK_TOP                    
00008330  __TI_CINIT_Base                
00008340  __TI_CINIT_Limit               
00008318  __TI_Handler_Table_Base        
00008324  __TI_Handler_Table_Limit       
00005855  __TI_auto_init                 
20000ebc  __TI_cleanup_ptr               
00005a0b  __TI_decompress_lzss           
00006803  __TI_decompress_none           
20000ec0  __TI_dtors_ptr                 
20000ec4  __TI_enable_exit_profile_output
ffffffff  __TI_pprof_out_hndl            
ffffffff  __TI_prof_data_size            
ffffffff  __TI_prof_data_start           
00000000  __TI_static_base__             
0000681d  __TI_zero_init                 
000058c5  __aeabi_d2f                    
000061f5  __aeabi_d2uiz                  
000035c3  __aeabi_dadd                   
00004245  __aeabi_ddiv                   
000049e5  __aeabi_dmul                   
000035b9  __aeabi_dsub                   
00006337  __aeabi_f2d                    
00006443  __aeabi_i2d                    
00005433  __aeabi_idiv0                  
000054b1  __aeabi_memclr                 
000054b1  __aeabi_memclr4                
000054b1  __aeabi_memclr8                
00005159  __aeabi_memcpy                 
00005159  __aeabi_memcpy4                
00005159  __aeabi_memcpy8                
000054b3  __aeabi_memset                 
000054b3  __aeabi_memset4                
000054b3  __aeabi_memset8                
000062bd  __aeabi_uidiv                  
000062bd  __aeabi_uidivmod               
ffffffff  __binit__                      
ffffffff  __c_args__                     
0000552b  __mpu_init                     
2000186c  __stack                        
000066c5  _args_main                     
00005ef5  _c_int00                       
20000ec8  _lock                          
00006727  _nop                           
0000671f  _register_lock                 
00006719  _register_unlock               
00005933  _system_post_cinit             
0000688f  _system_pre_init               
20000ecc  _unlock                        
00005f4d  abort                          
ffffffff  binit                          
00006089  copy_in                        
00005f55  exit                           
20000c84  fADC_Val                       
20000c6c  fAGC                           
20000c60  fBER                           
20000c80  fCRC                           
20000c78  fEVM                           
20000c7c  fFrame                         
20000c74  fHold                          
20000c70  fLock                          
20000c88  fRsense                        
20000c64  fTemp2                         
20000c68  fTempInt                       
20000c8c  fVref0                         
20000c90  fVref1                         
20000c94  fVref2                         
20000c98  fVref3                         
00005c05  float_to_int_and_fract         
0000804c  g_lTouchParameters             
20000e98  g_pcPanelNames                 
00000000  g_pfnVectors                   
20001850  g_plParmSet                    
20000b40  g_psButtonCanvas               
000080d4  g_psDefaultCodePointMapTable   
20000000  g_psPanels                     
20000280  g_psPushButtons2               
0000784e  g_pucBlue50x50                 
00007a5e  g_pucBlue50x50Press            
20001838  g_pui32Colors                  
00007d68  g_sFontCm14                    
00007e30  g_sFontCm20                    
00008084  g_sKentec320x240x16_SSD2119    
20000ca8  g_sLED_Display                 
20000bc0  g_sNext                        
20000ce8  g_sPLLStatus                   
20000c10  g_sPrevious                    
20000d28  g_sRXMSGStatus                 
20000e68  g_sRoot                        
20000d68  g_sRxStatus                    
20000da8  g_sSYNCStatus                  
20000de8  g_sStatusData                  
20000e28  g_sTitle                       
20000ee4  g_sTouchMin                    
20001868  g_sTouchX                      
2000186a  g_sTouchY                      
20001854  g_ulButtonState                
20001858  g_ulButtonState2               
20001400  g_ulDataRx2                    
2000185c  g_ulPanel                      
20001860  g_ulPreviousPanel              
20000ca4  g_ulSSI1RXFF                   
20000c9e  i16average                     
20000500  iAGC_Curve                     
20000640  iCRC_Curve                     
20000780  iFrame_Curve                   
200008c0  iHold_Curve                    
20000a00  iLock_Curve                    
20000c9c  i_counter                      
0000026d  main                           
20000ee0  main_func_sp                   
00005159  memcpy                         
000054b9  memset                         
20001864  my_noise                       
20001000  sDMAControlTable               
00006829  uDMAControlBaseSet             
000067c9  uDMAEnable                     
00006411  usprintf                       
00005e45  ustrncpy                       
00001735  uvsnprintf                     


GLOBAL SYMBOLS: SORTED BY Symbol Address 

address   name                           
-------   ----                           
00000000  __TI_static_base__             
00000000  g_pfnVectors                   
0000026d  main                           
00000400  __STACK_SIZE                   
00001735  uvsnprintf                     
00001ee1  OnLEDStatusPaint               
00002239  UARTvprintf                    
00002545  Kentec320x240x16_SSD2119Init   
00002af3  GrFontGlyphRender              
00002d59  OnBlockDiagramPaint            
00002f7d  UpdateScope                    
000035b9  __aeabi_dsub                   
000035c3  __aeabi_dadd                   
00003a65  SSI1IntHandler                 
00003d31  TouchScreenIntHandler          
00003e7d  GrCircleFill                   
00003fc5  OnPrevious                     
00004109  OnDataPaint                    
00004245  __aeabi_ddiv                   
0000437d  OnNext                         
000044a5  OnPLLButtonPress               
000045b5  OnRXMSGButtonPress             
000046c5  OnRxButtonPress                
000047d5  OnSYNCButtonPress              
000048e5  GrLineDraw                     
000049e5  __aeabi_dmul                   
00004ae1  TouchScreenInit                
00004bd9  WidgetMessageQueueAdd          
00004db5  GrDefaultStringRenderer        
00004f3b  GPIOPadConfigSet               
00004ff5  SysCtlClockGet                 
000050a9  WidgetMessageSendPostOrder     
00005159  __aeabi_memcpy                 
00005159  __aeabi_memcpy4                
00005159  __aeabi_memcpy8                
00005159  memcpy                         
000053ad  GrRectFill                     
00005433  __aeabi_idiv0                  
000054b1  __aeabi_memclr                 
000054b1  __aeabi_memclr4                
000054b1  __aeabi_memclr8                
000054b3  __aeabi_memset                 
000054b3  __aeabi_memset4                
000054b3  __aeabi_memset8                
000054b9  memset                         
0000552b  __mpu_init                     
0000552d  OnButtonPress2                 
000055a5  ConfigureUART                  
00005619  InitSPI1                       
0000568d  UARTStdioConfig                
00005775  ADCSequenceStepConfigure       
000057e5  OnSYNCStatusPaint              
00005855  __TI_auto_init                 
000058c5  __aeabi_d2f                    
00005933  _system_post_cinit             
00005935  OnPLLStatusPaint               
000059a1  GrStringWidthGet               
00005a0b  __TI_decompress_lzss           
00005a73  GrRectDraw                     
00005ad9  GrContextInit                  
00005ba1  WidgetMessageQueueProcess      
00005c05  float_to_int_and_fract         
00005c69  GrContextClipRegionSet         
00005ccd  IntDisable                     
00005d2d  IntEnable                      
00005de9  UARTwrite                      
00005e45  ustrncpy                       
00005e9d  WidgetMessageSendPreOrder      
00005ef5  _c_int00                       
00005f49  C$$EXIT                        
00005f4d  abort                          
00005f55  exit                           
00005f9d  OnRXMSGStatusPaint             
00005fed  OnRxStatusPaint                
0000603d  WidgetRemove                   
00006089  copy_in                        
00006121  GPIOPinConfigure               
00006169  GrLineDrawH                    
000061af  GrLineDrawV                    
000061f5  __aeabi_d2uiz                  
00006239  SSIConfigSetExpClk             
0000627d  SysTickIntHandler              
000062bd  __aeabi_uidiv                  
000062bd  __aeabi_uidivmod               
00006337  __aeabi_f2d                    
000063a5  GrStringDrawRight              
000063dd  SysCtlPeripheralEnable         
00006411  usprintf                       
00006443  __aeabi_i2d                    
00006471  ADCSequenceConfigure           
0000649d  GPIODirModeSet                 
000064c7  GrFontBaselineGet              
000064f1  GrFontHeightGet                
0000651b  GrStringNextCharGet            
00006599  TimerConfigure                 
000065c1  GrFontInfoGet                  
000065e7  UARTprintf                     
0000660b  WidgetAdd                      
0000662f  GrFontGlyphDataGet             
00006651  RectangularButtonMsgProc       
00006673  GrFontCodepageGet              
00006691  WidgetPointerMessage           
000066ad  TimerControlTrigger            
000066c5  _args_main                     
000066dd  CanvasMsgProc                  
000066f1  TouchScreenCallbackSet         
00006705  WidgetMutexGet                 
00006719  _register_unlock               
0000671f  _register_lock                 
00006727  _nop                           
0000672d  ADCHardwareOversampleConfigure 
0000673f  GPIOPinTypeGPIOOutput          
00006751  GPIOPinTypeSSI                 
00006763  GrStringDraw                   
00006775  TimerLoadSet                   
00006787  ADCIntEnable                   
00006799  FPUEnable                      
000067a9  FPULazyStackingEnable          
000067b9  MPUEnable                      
000067c9  uDMAEnable                     
000067d9  ADCSequenceEnable              
000067e7  GrImageDraw                    
000067f5  TimerEnable                    
00006803  __TI_decompress_none           
00006811  SSIDataGet                     
0000681d  __TI_zero_init                 
00006829  uDMAControlBaseSet             
0000683f  SSIEnable                      
00006849  SSIIntStatus                   
00006853  GrMapISO8859_1_Unicode         
0000685b  SSIIntEnable                   
00006863  GPIOPinWrite                   
00006869  GrContextFontSet               
0000686f  ResetISR                       
00006875  SysCtlDelay                    
0000687b  UARTClockSourceSet             
00006881  WidgetMutexPut                 
00006887  SSIIntClear                    
0000688b  WidgetDefaultMsgProc           
0000688f  _system_pre_init               
0000784e  g_pucBlue50x50                 
00007a5e  g_pucBlue50x50Press            
00007d68  g_sFontCm14                    
00007e30  g_sFontCm20                    
0000804c  g_lTouchParameters             
00008084  g_sKentec320x240x16_SSD2119    
000080d4  g_psDefaultCodePointMapTable   
00008318  __TI_Handler_Table_Base        
00008324  __TI_Handler_Table_Limit       
00008330  __TI_CINIT_Base                
00008340  __TI_CINIT_Limit               
20000000  g_psPanels                     
20000280  g_psPushButtons2               
20000500  iAGC_Curve                     
20000640  iCRC_Curve                     
20000780  iFrame_Curve                   
200008c0  iHold_Curve                    
20000a00  iLock_Curve                    
20000b40  g_psButtonCanvas               
20000bc0  g_sNext                        
20000c10  g_sPrevious                    
20000c60  fBER                           
20000c64  fTemp2                         
20000c68  fTempInt                       
20000c6c  fAGC                           
20000c70  fLock                          
20000c74  fHold                          
20000c78  fEVM                           
20000c7c  fFrame                         
20000c80  fCRC                           
20000c84  fADC_Val                       
20000c88  fRsense                        
20000c8c  fVref0                         
20000c90  fVref1                         
20000c94  fVref2                         
20000c98  fVref3                         
20000c9c  i_counter                      
20000c9e  i16average                     
20000ca0  SysTick_Semafore               
20000ca4  g_ulSSI1RXFF                   
20000ca8  g_sLED_Display                 
20000ce8  g_sPLLStatus                   
20000d28  g_sRXMSGStatus                 
20000d68  g_sRxStatus                    
20000da8  g_sSYNCStatus                  
20000de8  g_sStatusData                  
20000e28  g_sTitle                       
20000e68  g_sRoot                        
20000e98  g_pcPanelNames                 
20000ebc  __TI_cleanup_ptr               
20000ec0  __TI_dtors_ptr                 
20000ec4  __TI_enable_exit_profile_output
20000ec8  _lock                          
20000ecc  _unlock                        
20000ed0  WriteData                      
20000ed4  WriteCommand                   
20000ee0  main_func_sp                   
20000ee4  g_sTouchMin                    
20001000  sDMAControlTable               
20001400  g_ulDataRx2                    
20001838  g_pui32Colors                  
20001850  g_plParmSet                    
20001854  g_ulButtonState                
20001858  g_ulButtonState2               
2000185c  g_ulPanel                      
20001860  g_ulPreviousPanel              
20001864  my_noise                       
20001868  g_sTouchX                      
2000186a  g_sTouchY                      
2000186c  __stack                        
20001a6c  __STACK_TOP                    
20001c6c  __STACK_END                    
ffffffff  __TI_pprof_out_hndl            
ffffffff  __TI_prof_data_size            
ffffffff  __TI_prof_data_start           
ffffffff  __binit__                      
ffffffff  __c_args__                     
ffffffff  binit                          
UNDEFED   SHT$$INIT_ARRAY$$Base          
UNDEFED   SHT$$INIT_ARRAY$$Limit         

[220 symbols]
