******************************************************************************
                  TI ARM Linker PC v5.2.7                      
******************************************************************************
>> Linked Fri Mar 03 18:16:16 2017

OUTPUT FILE NAME:   <Display_Parameters.out>
ENTRY POINT SYMBOL: "_c_int00"  address: 000055f9


MEMORY CONFIGURATION

         name            origin    length      used     unused   attr    fill
----------------------  --------  ---------  --------  --------  ----  --------
  FLASH                 00000000   00040000  00007d6c  00038294  R  X
  SRAM                  20000000   00008000  00001424  00006bdc  RW X


SEGMENT ALLOCATION MAP

run origin  load origin   length   init length attrs members
----------  ----------- ---------- ----------- ----- -------
00000000    00000000    00007d70   00007d70    r-x
  00000000    00000000    0000026c   0000026c    r-- .intvecs
  0000026c    0000026c    00005c7c   00005c7c    r-x .text
  00005ee8    00005ee8    000019e4   000019e4    r-- .const
  000078d0    000078d0    000004a0   000004a0    r-- .cinit
20000000    20000000    00001424   00000000    rw-
  20000000    20000000    00000818   00000000    rw- .bss
  20000818    20000818    0000080c   00000000    rw- .data
  20001024    20001024    00000400   00000000    rw- .stack


SECTION ALLOCATION MAP

 output                                  attributes/
section   page    origin      length       input sections
--------  ----  ----------  ----------   ----------------
.intvecs   0    00000000    0000026c     
                  00000000    0000026c     tm4c123gh6pm_startup_ccs.obj (.intvecs)

.text      0    0000026c    00005c7c     
                  0000026c    00000f94     Display_Parameters_main.obj (.text:main)
                  00001200    00000438     ustdlib.obj (.text:uvsnprintf)
                  00001638    00000374     grlib.lib : image.obj (.text:Internai32ImageDraw)
                  000019ac    00000358     Display_Parameters_main.obj (.text:OnLEDStatusPaint)
                  00001d04    0000030c     uartstdio.obj (.text:UARTvprintf)
                  00002010    000002f4     Kentec320x240x16_ssd2119_8bit.obj (.text:Kentec320x240x16_SSD2119Init)
                  00002304    000002ba     grlib.lib : image.obj (.text:PixelTransparentDraw)
                  000025be    00000266               : string.obj (.text:GrFontGlyphRender)
                  00002824    00000224     Display_Parameters_main.obj (.text:OnBlockDiagramPaint)
                  00002a48    00000218     touch.obj (.text:TouchScreenDebouncer)
                  00002c60    00000208     Kentec320x240x16_ssd2119_8bit.obj (.text:Kentec320x240x16_SSD2119PixelDrawMultiple)
                  00002e68    000001b6     rtsv7M4_T_le_v4SPD16_eabi.lib : fd_add_t2.obj (.text)
                  0000301e    00000188     grlib.lib : canvas.obj (.text:CanvasPaint)
                  000031a6    0000016e               : pushbutton.obj (.text:RectangularButtonPaint)
                  00003314    0000016c     Display_Parameters_main.obj (.text:SSI1IntHandler)
                  00003480    00000160     Kentec320x240x16_ssd2119_8bit.obj (.text:Kentec320x240x16_SSD2119RectFill)
                  000035e0    0000015c     Display_Parameters_main.obj (.text:OnDataPaint)
                  0000373c    0000014c     touch.obj (.text:TouchScreenIntHandler)
                  00003888    00000146     grlib.lib : circle.obj (.text:GrCircleFill)
                  000039ce    00000002     tm4c123gh6pm_startup_ccs.obj (.text:FaultISR)
                  000039d0    00000144     Display_Parameters_main.obj (.text:OnPrevious)
                  00003b14    00000136     rtsv7M4_T_le_v4SPD16_eabi.lib : fd_div_t2.obj (.text)
                  00003c4a    00000002     tm4c123gh6pm_startup_ccs.obj (.text:IntDefaultHandler)
                  00003c4c    00000128     Display_Parameters_main.obj (.text:OnNext)
                  00003d74    00000110     Display_Parameters_main.obj (.text:OnPLLButtonPress)
                  00003e84    00000110     Display_Parameters_main.obj (.text:OnRxButtonPress)
                  00003f94    00000110     Display_Parameters_main.obj (.text:OnSYNCButtonPress)
                  000040a4    00000100     grlib.lib : line.obj (.text:GrLineDraw)
                  000041a4    000000f8     touch.obj (.text:TouchScreenInit)
                  0000429c    000000f0     grlib.lib : widget.obj (.text:WidgetMessageQueueAdd)
                  0000438c    000000ec               : pushbutton.obj (.text:RectangularButtonClick)
                  00004478    000000ca               : string.obj (.text:GrDefaultStringRenderer)
                  00004542    000000bc               : line.obj (.text:GrLineClip)
                  000045fe    000000b8     driverlib.lib : gpio.obj (.text:GPIOPadConfigSet)
                  000046b6    00000002     tm4c123gh6pm_startup_ccs.obj (.text:NmiSR)
                  000046b8    000000b4     driverlib.lib : sysctl.obj (.text:SysCtlClockGet)
                  0000476c    000000b0     grlib.lib : widget.obj (.text:WidgetMessageSendPostOrder)
                  0000481c    0000009c     rtsv7M4_T_le_v4SPD16_eabi.lib : memcpy_t2.obj (.text)
                  000048b8    00000098     Kentec320x240x16_ssd2119_8bit.obj (.text:InitGPIOLCDInterface)
                  00004950    00000090     Kentec320x240x16_ssd2119_8bit.obj (.text:Kentec320x240x16_SSD2119LineDrawH)
                  000049e0    00000090     Kentec320x240x16_ssd2119_8bit.obj (.text:Kentec320x240x16_SSD2119LineDrawV)
                  00004a70    00000086     grlib.lib : rectangle.obj (.text:GrRectFill)
                  00004af6    00000002     rtsv7M4_T_le_v4SPD16_eabi.lib : i_div0.obj (.text)
                  00004af8    0000007c     Kentec320x240x16_ssd2119_8bit.obj (.text:WriteCommandGPIO)
                  00004b74    0000007a     rtsv7M4_T_le_v4SPD16_eabi.lib : memset_t2.obj (.text)
                  00004bee    00000002     --HOLE-- [fill = 0]
                  00004bf0    00000078     Display_Parameters_main.obj (.text:OnButtonPress2)
                  00004c68    00000074     Display_Parameters_main.obj (.text:ConfigureUART)
                  00004cdc    00000074     Display_Parameters_main.obj (.text:InitSPI1)
                  00004d50    00000074     Display_Parameters_main.obj (.text:OnPLLStatusPaint)
                  00004dc4    00000074     uartstdio.obj (.text:UARTStdioConfig)
                  00004e38    00000074     Kentec320x240x16_ssd2119_8bit.obj (.text:WriteDataGPIO)
                  00004eac    00000070     driverlib.lib : adc.obj (.text:ADCSequenceStepConfigure)
                  00004f1c    0000006e     rtsv7M4_T_le_v4SPD16_eabi.lib : fd_tos_t2.obj (.text)
                  00004f8a    00000002     --HOLE-- [fill = 0]
                  00004f8c    0000006c                                   : autoinit.obj (.text)
                  00004ff8    0000006a     grlib.lib : string.obj (.text:GrStringWidthGet)
                  00005062    0000006a     rtsv7M4_T_le_v4SPD16_eabi.lib : copy_decompress_rle.obj (.text)
                  000050cc    00000066     grlib.lib : rectangle.obj (.text:GrRectDraw)
                  00005132    00000002     --HOLE-- [fill = 0]
                  00005134    00000064               : context.obj (.text:GrContextInit)
                  00005198    00000064     Kentec320x240x16_ssd2119_8bit.obj (.text:Kentec320x240x16_SSD2119PixelDraw)
                  000051fc    00000064     grlib.lib : widget.obj (.text:WidgetMessageQueueProcess)
                  00005260    00000064     Display_Parameters_main.obj (.text:float_to_int_and_fract)
                  000052c4    00000062     grlib.lib : context.obj (.text:GrContextClipRegionSet)
                  00005326    00000002     --HOLE-- [fill = 0]
                  00005328    00000060     driverlib.lib : interrupt.obj (.text:IntDisable)
                  00005388    00000060                   : interrupt.obj (.text:IntEnable)
                  000053e8    0000005c     grlib.lib : string.obj (.text:FontWideGlyphDataGet)
                  00005444    0000005c     uartstdio.obj (.text:UARTwrite)
                  000054a0    00000058     ustdlib.obj (.text:ustrncpy)
                  000054f8    00000056     grlib.lib : widget.obj (.text:WidgetMessageSendPreOrder)
                  0000554e    00000002     --HOLE-- [fill = 0]
                  00005550    00000054     Display_Parameters_main.obj (.text:OnRxStatusPaint)
                  000055a4    00000054     Display_Parameters_main.obj (.text:OnSYNCStatusPaint)
                  000055f8    00000050     rtsv7M4_T_le_v4SPD16_eabi.lib : boot.obj (.text)
                  00005648    0000004c     grlib.lib : widget.obj (.text:WidgetRemove)
                  00005694    0000004c     rtsv7M4_T_le_v4SPD16_eabi.lib : cpy_tbl.obj (.text)
                  000056e0    0000004a     grlib.lib : string.obj (.text:UpdateContextCharMapping)
                  0000572a    00000002     --HOLE-- [fill = 0]
                  0000572c    00000048     driverlib.lib : gpio.obj (.text:GPIOPinConfigure)
                  00005774    00000046     grlib.lib : line.obj (.text:GrLineDrawH)
                  000057ba    00000046               : line.obj (.text:GrLineDrawV)
                  00005800    00000044     rtsv7M4_T_le_v4SPD16_eabi.lib : exit.obj (.text)
                  00005844    00000044                                   : fd_tou_t2.obj (.text)
                  00005888    00000042     driverlib.lib : ssi.obj (.text:SSIConfigSetExpClk)
                  000058ca    00000002     --HOLE-- [fill = 0]
                  000058cc    00000040     Display_Parameters_main.obj (.text:SysTickIntHandler)
                  0000590c    00000040     rtsv7M4_T_le_v4SPD16_eabi.lib : u_divt2.obj (.text)
                  0000594c    0000003a     grlib.lib : string.obj (.text:FontGlyphDataGet)
                  00005986    00000038     rtsv7M4_T_le_v4SPD16_eabi.lib : fs_tod_t2.obj (.text)
                  000059be    00000036     grlib.lib : line.obj (.text:GrClipCodeGet)
                  000059f4    00000036     Display_Parameters_main.obj (.text:GrStringDrawRight)
                  00005a2a    00000002     --HOLE-- [fill = 0]
                  00005a2c    00000034     driverlib.lib : sysctl.obj (.text:SysCtlPeripheralEnable)
                  00005a60    00000032     ustdlib.obj (.text:usprintf)
                  00005a92    0000002e     rtsv7M4_T_le_v4SPD16_eabi.lib : i_tofd_t2.obj (.text)
                  00005ac0    0000002c     driverlib.lib : adc.obj (.text:ADCSequenceConfigure)
                  00005aec    0000002a                   : gpio.obj (.text:GPIODirModeSet)
                  00005b16    0000002a     grlib.lib : string.obj (.text:GrFontBaselineGet)
                  00005b40    0000002a               : string.obj (.text:GrFontHeightGet)
                  00005b6a    0000002a               : string.obj (.text:GrStringNextCharGet)
                  00005b94    0000002a               : widget.obj (.text:WidgetIsInTree)
                  00005bbe    00000028     Kentec320x240x16_ssd2119_8bit.obj (.text:Kentec320x240x16_SSD2119ColorTranslate)
                  00005be6    00000002     --HOLE-- [fill = 0]
                  00005be8    00000028     driverlib.lib : timer.obj (.text:TimerConfigure)
                  00005c10    00000026     grlib.lib : string.obj (.text:GrFontInfoGet)
                  00005c36    00000024     uartstdio.obj (.text:UARTprintf)
                  00005c5a    00000024     grlib.lib : widget.obj (.text:WidgetAdd)
                  00005c7e    00000022               : string.obj (.text:GrFontGlyphDataGet)
                  00005ca0    00000022               : pushbutton.obj (.text:RectangularButtonMsgProc)
                  00005cc2    0000001e               : string.obj (.text:GrFontCodepageGet)
                  00005ce0    0000001c               : widget.obj (.text:WidgetPointerMessage)
                  00005cfc    00000018     driverlib.lib : timer.obj (.text:TimerControlTrigger)
                  00005d14    00000018     rtsv7M4_T_le_v4SPD16_eabi.lib : args_main.obj (.text)
                  00005d2c    00000014     grlib.lib : canvas.obj (.text:CanvasMsgProc)
                  00005d40    00000014     touch.obj (.text:TouchScreenCallbackSet)
                  00005d54    00000014     grlib.lib : widget.obj (.text:WidgetMutexGet)
                  00005d68    00000014     rtsv7M4_T_le_v4SPD16_eabi.lib : _lock.obj (.text)
                  00005d7c    00000012     driverlib.lib : adc.obj (.text:ADCHardwareOversampleConfigure)
                  00005d8e    00000012                   : gpio.obj (.text:GPIOPinTypeGPIOOutput)
                  00005da0    00000012                   : gpio.obj (.text:GPIOPinTypeSSI)
                  00005db2    00000012     grlib.lib : string.obj (.text:GrStringDraw)
                  00005dc4    00000012     driverlib.lib : timer.obj (.text:TimerLoadSet)
                  00005dd6    00000010                   : adc.obj (.text:ADCIntEnable)
                  00005de6    00000002     --HOLE-- [fill = 0]
                  00005de8    00000010                   : fpu.obj (.text:FPUEnable)
                  00005df8    00000010                   : fpu.obj (.text:FPULazyStackingEnable)
                  00005e08    00000010                   : mpu.obj (.text:MPUEnable)
                  00005e18    00000010                   : udma.obj (.text:uDMAEnable)
                  00005e28    0000000e                   : adc.obj (.text:ADCSequenceEnable)
                  00005e36    0000000e     grlib.lib : image.obj (.text:GrImageDraw)
                  00005e44    0000000e     driverlib.lib : timer.obj (.text:TimerEnable)
                  00005e52    0000000e     rtsv7M4_T_le_v4SPD16_eabi.lib : copy_decompress_none.obj (.text:decompress:none)
                  00005e60    0000000c     driverlib.lib : ssi.obj (.text:SSIDataGet)
                  00005e6c    0000000c     rtsv7M4_T_le_v4SPD16_eabi.lib : copy_zero_init.obj (.text:decompress:ZI)
                  00005e78    0000000c     driverlib.lib : udma.obj (.text:uDMAControlBaseSet)
                  00005e84    0000000a     Kentec320x240x16_ssd2119_8bit.obj (.text:Kentec320x240x16_SSD2119Flush)
                  00005e8e    0000000a     driverlib.lib : ssi.obj (.text:SSIEnable)
                  00005e98    0000000a                   : ssi.obj (.text:SSIIntStatus)
                  00005ea2    00000008     grlib.lib : charmap.obj (.text:GrMapISO8859_1_Unicode)
                  00005eaa    00000008     driverlib.lib : ssi.obj (.text:SSIIntEnable)
                  00005eb2    00000006                   : gpio.obj (.text:GPIOPinWrite)
                  00005eb8    00000006     grlib.lib : string.obj (.text:GrContextFontSet)
                  00005ebe    00000006     tm4c123gh6pm_startup_ccs.obj (.text:ResetISR)
                  00005ec4    00000006     driverlib.lib : sysctl.obj (.text:SysCtlDelay)
                  00005eca    00000006                   : uart.obj (.text:UARTClockSourceSet)
                  00005ed0    00000006     grlib.lib : widget.obj (.text:WidgetMutexPut)
                  00005ed6    00000006     rtsv7M4_T_le_v4SPD16_eabi.lib : copy_decompress_rle.obj (.text:decompress:rle24)
                  00005edc    00000004     driverlib.lib : ssi.obj (.text:SSIIntClear)
                  00005ee0    00000004     grlib.lib : widget.obj (.text:WidgetDefaultMsgProc)
                  00005ee4    00000004     rtsv7M4_T_le_v4SPD16_eabi.lib : pre_init.obj (.text)

.const     0    00005ee8    000019e4     
                  00005ee8    0000095e     grlib.lib : fontcm20.obj (.const:.string:g_pui8Cm20Data)
                  00006846    00000002     --HOLE-- [fill = 0]
                  00006848    0000065a               : fontcm14.obj (.const:.string:g_pui8Cm14Data)
                  00006ea2    00000210     images.obj (.const:.string:g_pucBlue50x50)
                  000070b2    0000020e     images.obj (.const:.string:g_pucBlue50x50Press)
                  000072c0    00000140     Display_Parameters_main.obj (.const:.string:$P$T0$13)
                  00007400    00000116     Display_Parameters_main.obj (.const:.string)
                  00007516    00000002     --HOLE-- [fill = 0]
                  00007518    000000c8     grlib.lib : fontcm14.obj (.const:g_sFontCm14)
                  000075e0    000000c8               : fontcm20.obj (.const:g_sFontCm20)
                  000076a8    00000078     driverlib.lib : gpio.obj (.const:g_pui32GPIOBaseAddrs)
                  00007720    00000070                   : interrupt.obj (.const)
                  00007790    0000006c                   : sysctl.obj (.const:g_pui32Xtals)
                  000077fc    00000038     touch.obj (.const:g_lTouchParameters)
                  00007834    00000028     Kentec320x240x16_ssd2119_8bit.obj (.const:g_sKentec320x240x16_SSD2119)
                  0000785c    0000001c     uartstdio.obj (.const)
                  00007878    0000001c     ustdlib.obj (.const)
                  00007894    00000012     uartstdio.obj (.const:.string)
                  000078a6    00000002     --HOLE-- [fill = 0]
                  000078a8    00000012     ustdlib.obj (.const:.string)
                  000078ba    00000002     --HOLE-- [fill = 0]
                  000078bc    00000010     grlib.lib : context.obj (.const)

.cinit     0    000078d0    000004a0     
                  000078d0    0000047b     (.cinit..data.load) [load image, compression = rle]
                  00007d4b    00000001     --HOLE-- [fill = 0]
                  00007d4c    0000000c     (__TI_handler_table)
                  00007d58    00000008     (.cinit..bss.load) [load image, compression = zero_init]
                  00007d60    00000010     (__TI_cinit_table)

.init_array 
*          0    00000000    00000000     UNINITIALIZED

.bss       0    20000000    00000818     UNINITIALIZED
                  20000000    00000400     Display_Parameters_main.obj (.bss:sDMAControlTable)
                  20000400    00000200     Display_Parameters_main.obj (.bss:g_ulDataRx2)
                  20000600    00000140     grlib.lib : widget.obj (.bss:g_psMQ)
                  20000740    00000020               : image.obj (.bss)
                  20000760    00000010     (.common:g_psSamples)
                  20000770    0000000c     (.common:g_pui32Colors)
                  2000077c    0000000c     (.common:val10_string$10)
                  20000788    0000000c     (.common:val8_string$8)
                  20000794    0000000c     (.common:val9_string$9)
                  200007a0    0000000c     (.common:val_AGC_Str$1)
                  200007ac    0000000c     (.common:val_BER_Str$7)
                  200007b8    0000000c     (.common:val_CRC_Str$6)
                  200007c4    0000000c     (.common:val_EVM_Str$4)
                  200007d0    0000000c     (.common:val_FRAME_Str$5)
                  200007dc    0000000c     (.common:val_HOLD_Str$3)
                  200007e8    0000000c     (.common:val_LOCK_Str$2)
                  200007f4    00000004               : context.obj (.bss)
                  200007f8    00000004     (.common:g_pfnTSHandler)
                  200007fc    00000004     (.common:g_plParmSet)
                  20000800    00000004     (.common:g_ulButtonState)
                  20000804    00000004     (.common:g_ulButtonState2)
                  20000808    00000004     (.common:g_ulPanel)
                  2000080c    00000004     (.common:g_ulPreviousPanel)
                  20000810    00000004     (.common:g_ulTSState)
                  20000814    00000002     (.common:g_sTouchX)
                  20000816    00000002     (.common:g_sTouchY)

.data      0    20000818    0000080c     UNINITIALIZED
                  20000818    00000280     Display_Parameters_main.obj (.data:g_psPushButtons2)
                  20000a98    000001c0     Display_Parameters_main.obj (.data:g_psPanels)
                  20000c58    000000b0     Display_Parameters_main.obj (.data)
                  20000d08    00000080     Display_Parameters_main.obj (.data:g_psButtonCanvas)
                  20000d88    00000050     Display_Parameters_main.obj (.data:g_sNext)
                  20000dd8    00000050     Display_Parameters_main.obj (.data:g_sPrevious)
                  20000e28    00000040     Display_Parameters_main.obj (.data:g_sLED_Display)
                  20000e68    00000040     Display_Parameters_main.obj (.data:g_sPLLStatus)
                  20000ea8    00000040     Display_Parameters_main.obj (.data:g_sRxStatus)
                  20000ee8    00000040     Display_Parameters_main.obj (.data:g_sSYNCStatus)
                  20000f28    00000040     Display_Parameters_main.obj (.data:g_sStatusData)
                  20000f68    00000040     Display_Parameters_main.obj (.data:g_sTitle)
                  20000fa8    0000002d     grlib.lib : widget.obj (.data)
                  20000fd5    00000003     --HOLE--
                  20000fd8    00000024     Display_Parameters_main.obj (.data:g_pcPanelNames)
                  20000ffc    00000008     Kentec320x240x16_ssd2119_8bit.obj (.data)
                  20001004    00000008     rtsv7M4_T_le_v4SPD16_eabi.lib : _lock.obj (.data)
                  2000100c    00000008                                   : exit.obj (.data)
                  20001014    00000005     uartstdio.obj (.data)
                  20001019    00000003     --HOLE--
                  2000101c    00000004     rtsv7M4_T_le_v4SPD16_eabi.lib : stkdepth_vars.obj (.data)
                  20001020    00000004     touch.obj (.data)

.TI.noinit 
*          0    20000000    00000000     UNINITIALIZED

.TI.persistent 
*          0    20000818    00000000     UNINITIALIZED

.stack     0    20001024    00000400     UNINITIALIZED
                  20001024    00000400     --HOLE--


LINKER GENERATED COPY TABLES

__TI_cinit_table @ 00007d60 records: 2, size/record: 8, table size: 16
	.data: load addr=000078d0, load size=0000047b bytes, run addr=20000818, run size=0000080c bytes, compression=rle
	.bss: load addr=00007d58, load size=00000008 bytes, run addr=20000000, run size=00000818 bytes, compression=zero_init


LINKER GENERATED HANDLER TABLE

__TI_handler_table @ 00007d4c records: 3, size/record: 4, table size: 12
	index: 0, handler: __TI_decompress_rle24
	index: 1, handler: __TI_decompress_none
	index: 2, handler: __TI_zero_init


GLOBAL SYMBOLS: SORTED ALPHABETICALLY BY Name 

address   name                          
-------   ----                          
00005d7d  ADCHardwareOversampleConfigure
00005dd7  ADCIntEnable                  
00005ac1  ADCSequenceConfigure          
00005e29  ADCSequenceEnable             
00004ead  ADCSequenceStepConfigure      
00005801  C$$EXIT                       
00005d2d  CanvasMsgProc                 
00004c69  ConfigureUART                 
00005de9  FPUEnable                     
00005df9  FPULazyStackingEnable         
00005aed  GPIODirModeSet                
000045ff  GPIOPadConfigSet              
0000572d  GPIOPinConfigure              
00005d8f  GPIOPinTypeGPIOOutput         
00005da1  GPIOPinTypeSSI                
00005eb3  GPIOPinWrite                  
00003889  GrCircleFill                  
000052c5  GrContextClipRegionSet        
00005eb9  GrContextFontSet              
00005135  GrContextInit                 
00004479  GrDefaultStringRenderer       
00005b17  GrFontBaselineGet             
00005cc3  GrFontCodepageGet             
00005c7f  GrFontGlyphDataGet            
000025bf  GrFontGlyphRender             
00005b41  GrFontHeightGet               
00005c11  GrFontInfoGet                 
00005e37  GrImageDraw                   
000040a5  GrLineDraw                    
00005775  GrLineDrawH                   
000057bb  GrLineDrawV                   
00005ea3  GrMapISO8859_1_Unicode        
000050cd  GrRectDraw                    
00004a71  GrRectFill                    
00005db3  GrStringDraw                  
000059f5  GrStringDrawRight             
00005b6b  GrStringNextCharGet           
00004ff9  GrStringWidthGet              
00004cdd  InitSPI1                      
00005329  IntDisable                    
00005389  IntEnable                     
00002011  Kentec320x240x16_SSD2119Init  
00005e09  MPUEnable                     
00002825  OnBlockDiagramPaint           
00004bf1  OnButtonPress2                
000035e1  OnDataPaint                   
000019ad  OnLEDStatusPaint              
00003c4d  OnNext                        
00003d75  OnPLLButtonPress              
00004d51  OnPLLStatusPaint              
000039d1  OnPrevious                    
00003e85  OnRxButtonPress               
00005551  OnRxStatusPaint               
00003f95  OnSYNCButtonPress             
000055a5  OnSYNCStatusPaint             
00005ca1  RectangularButtonMsgProc      
00005ebf  ResetISR                      
UNDEFED   SHT$$INIT_ARRAY$$Base         
UNDEFED   SHT$$INIT_ARRAY$$Limit        
00003315  SSI1IntHandler                
00005889  SSIConfigSetExpClk            
00005e61  SSIDataGet                    
00005e8f  SSIEnable                     
00005edd  SSIIntClear                   
00005eab  SSIIntEnable                  
00005e99  SSIIntStatus                  
000046b9  SysCtlClockGet                
00005ec5  SysCtlDelay                   
00005a2d  SysCtlPeripheralEnable        
000058cd  SysTickIntHandler             
20000d02  SysTick_Semafore              
00005be9  TimerConfigure                
00005cfd  TimerControlTrigger           
00005e45  TimerEnable                   
00005dc5  TimerLoadSet                  
00005d41  TouchScreenCallbackSet        
000041a5  TouchScreenInit               
0000373d  TouchScreenIntHandler         
00005ecb  UARTClockSourceSet            
00004dc5  UARTStdioConfig               
00005c37  UARTprintf                    
00001d05  UARTvprintf                   
00005445  UARTwrite                     
00005c5b  WidgetAdd                     
00005ee1  WidgetDefaultMsgProc          
0000429d  WidgetMessageQueueAdd         
000051fd  WidgetMessageQueueProcess     
0000476d  WidgetMessageSendPostOrder    
000054f9  WidgetMessageSendPreOrder     
00005d55  WidgetMutexGet                
00005ed1  WidgetMutexPut                
00005ce1  WidgetPointerMessage          
00005649  WidgetRemove                  
20001000  WriteCommand                  
20000ffc  WriteData                     
20001424  __STACK_END                   
00000400  __STACK_SIZE                  
20001224  __STACK_TOP                   
00007d60  __TI_CINIT_Base               
00007d70  __TI_CINIT_Limit              
00007d4c  __TI_Handler_Table_Base       
00007d58  __TI_Handler_Table_Limit      
00004f8d  __TI_auto_init                
2000100c  __TI_cleanup_ptr              
00005e53  __TI_decompress_none          
00005ed7  __TI_decompress_rle24         
20001010  __TI_dtors_ptr                
00000000  __TI_static_base__            
00005e6d  __TI_zero_init                
00004f1d  __aeabi_d2f                   
00005845  __aeabi_d2uiz                 
00002e73  __aeabi_dadd                  
00003b15  __aeabi_ddiv                  
00002e69  __aeabi_dsub                  
00005987  __aeabi_f2d                   
00005a93  __aeabi_i2d                   
00004af7  __aeabi_idiv0                 
00004b75  __aeabi_memclr                
00004b75  __aeabi_memclr4               
00004b75  __aeabi_memclr8               
0000481d  __aeabi_memcpy                
0000481d  __aeabi_memcpy4               
0000481d  __aeabi_memcpy8               
00004b77  __aeabi_memset                
00004b77  __aeabi_memset4               
00004b77  __aeabi_memset8               
0000590d  __aeabi_uidiv                 
0000590d  __aeabi_uidivmod              
ffffffff  __binit__                     
ffffffff  __c_args__                    
20001024  __stack                       
00005d15  _args_main                    
000055f9  _c_int00                      
20001004  _lock                         
00005d77  _nop                          
00005d6f  _register_lock                
00005d69  _register_unlock              
00005ee5  _system_pre_init              
20001008  _unlock                       
00005805  abort                         
ffffffff  binit                         
00005695  copy_in                       
0000580d  exit                          
20000ce8  fADC_Val                      
20000c64  fAGC                          
20000c58  fBER                          
20000cd0  fBIsense1                     
20000cdc  fBIsense2                     
20000c7c  fBTemp1                       
20000c88  fBTemp2                       
20000c94  fBTempInt                     
20000ca0  fBVin0                        
20000cac  fBVin1                        
20000cb8  fBVin2                        
20000cc4  fBVin3                        
20000c78  fCRC                          
20000c70  fEVM                          
20000c74  fFrame                        
20000c6c  fHold                         
20000c68  fLock                         
20000cec  fRsense                       
20000c5c  fTemp2                        
20000c60  fTempInt                      
20000cf0  fVref0                        
20000cf4  fVref1                        
20000cf8  fVref2                        
20000cfc  fVref3                        
00005261  float_to_int_and_fract        
000077fc  g_lTouchParameters            
20000fd8  g_pcPanelNames                
00000000  g_pfnVectors                  
200007fc  g_plParmSet                   
20000d08  g_psButtonCanvas              
000078bc  g_psDefaultCodePointMapTable  
20000a98  g_psPanels                    
20000818  g_psPushButtons2              
00006ea2  g_pucBlue50x50                
000070b2  g_pucBlue50x50Press           
20000770  g_pui32Colors                 
00007518  g_sFontCm14                   
000075e0  g_sFontCm20                   
00007834  g_sKentec320x240x16_SSD2119   
20000e28  g_sLED_Display                
20000d88  g_sNext                       
20000e68  g_sPLLStatus                  
20000dd8  g_sPrevious                   
20000fa8  g_sRoot                       
20000ea8  g_sRxStatus                   
20000ee8  g_sSYNCStatus                 
20000f28  g_sStatusData                 
20000f68  g_sTitle                      
20001020  g_sTouchMin                   
20000814  g_sTouchX                     
20000816  g_sTouchY                     
20000800  g_ulButtonState               
20000804  g_ulButtonState2              
20000400  g_ulDataRx2                   
20000808  g_ulPanel                     
2000080c  g_ulPreviousPanel             
20000d04  g_ulSSI1RXFF                  
20000d00  i16average                    
0000026d  main                          
2000101c  main_func_sp                  
0000481d  memcpy                        
00004b7d  memset                        
20000000  sDMAControlTable              
00005e79  uDMAControlBaseSet            
00005e19  uDMAEnable                    
00005a61  usprintf                      
000054a1  ustrncpy                      
00001201  uvsnprintf                    


GLOBAL SYMBOLS: SORTED BY Symbol Address 

address   name                          
-------   ----                          
00000000  __TI_static_base__            
00000000  g_pfnVectors                  
0000026d  main                          
00000400  __STACK_SIZE                  
00001201  uvsnprintf                    
000019ad  OnLEDStatusPaint              
00001d05  UARTvprintf                   
00002011  Kentec320x240x16_SSD2119Init  
000025bf  GrFontGlyphRender             
00002825  OnBlockDiagramPaint           
00002e69  __aeabi_dsub                  
00002e73  __aeabi_dadd                  
00003315  SSI1IntHandler                
000035e1  OnDataPaint                   
0000373d  TouchScreenIntHandler         
00003889  GrCircleFill                  
000039d1  OnPrevious                    
00003b15  __aeabi_ddiv                  
00003c4d  OnNext                        
00003d75  OnPLLButtonPress              
00003e85  OnRxButtonPress               
00003f95  OnSYNCButtonPress             
000040a5  GrLineDraw                    
000041a5  TouchScreenInit               
0000429d  WidgetMessageQueueAdd         
00004479  GrDefaultStringRenderer       
000045ff  GPIOPadConfigSet              
000046b9  SysCtlClockGet                
0000476d  WidgetMessageSendPostOrder    
0000481d  __aeabi_memcpy                
0000481d  __aeabi_memcpy4               
0000481d  __aeabi_memcpy8               
0000481d  memcpy                        
00004a71  GrRectFill                    
00004af7  __aeabi_idiv0                 
00004b75  __aeabi_memclr                
00004b75  __aeabi_memclr4               
00004b75  __aeabi_memclr8               
00004b77  __aeabi_memset                
00004b77  __aeabi_memset4               
00004b77  __aeabi_memset8               
00004b7d  memset                        
00004bf1  OnButtonPress2                
00004c69  ConfigureUART                 
00004cdd  InitSPI1                      
00004d51  OnPLLStatusPaint              
00004dc5  UARTStdioConfig               
00004ead  ADCSequenceStepConfigure      
00004f1d  __aeabi_d2f                   
00004f8d  __TI_auto_init                
00004ff9  GrStringWidthGet              
000050cd  GrRectDraw                    
00005135  GrContextInit                 
000051fd  WidgetMessageQueueProcess     
00005261  float_to_int_and_fract        
000052c5  GrContextClipRegionSet        
00005329  IntDisable                    
00005389  IntEnable                     
00005445  UARTwrite                     
000054a1  ustrncpy                      
000054f9  WidgetMessageSendPreOrder     
00005551  OnRxStatusPaint               
000055a5  OnSYNCStatusPaint             
000055f9  _c_int00                      
00005649  WidgetRemove                  
00005695  copy_in                       
0000572d  GPIOPinConfigure              
00005775  GrLineDrawH                   
000057bb  GrLineDrawV                   
00005801  C$$EXIT                       
00005805  abort                         
0000580d  exit                          
00005845  __aeabi_d2uiz                 
00005889  SSIConfigSetExpClk            
000058cd  SysTickIntHandler             
0000590d  __aeabi_uidiv                 
0000590d  __aeabi_uidivmod              
00005987  __aeabi_f2d                   
000059f5  GrStringDrawRight             
00005a2d  SysCtlPeripheralEnable        
00005a61  usprintf                      
00005a93  __aeabi_i2d                   
00005ac1  ADCSequenceConfigure          
00005aed  GPIODirModeSet                
00005b17  GrFontBaselineGet             
00005b41  GrFontHeightGet               
00005b6b  GrStringNextCharGet           
00005be9  TimerConfigure                
00005c11  GrFontInfoGet                 
00005c37  UARTprintf                    
00005c5b  WidgetAdd                     
00005c7f  GrFontGlyphDataGet            
00005ca1  RectangularButtonMsgProc      
00005cc3  GrFontCodepageGet             
00005ce1  WidgetPointerMessage          
00005cfd  TimerControlTrigger           
00005d15  _args_main                    
00005d2d  CanvasMsgProc                 
00005d41  TouchScreenCallbackSet        
00005d55  WidgetMutexGet                
00005d69  _register_unlock              
00005d6f  _register_lock                
00005d77  _nop                          
00005d7d  ADCHardwareOversampleConfigure
00005d8f  GPIOPinTypeGPIOOutput         
00005da1  GPIOPinTypeSSI                
00005db3  GrStringDraw                  
00005dc5  TimerLoadSet                  
00005dd7  ADCIntEnable                  
00005de9  FPUEnable                     
00005df9  FPULazyStackingEnable         
00005e09  MPUEnable                     
00005e19  uDMAEnable                    
00005e29  ADCSequenceEnable             
00005e37  GrImageDraw                   
00005e45  TimerEnable                   
00005e53  __TI_decompress_none          
00005e61  SSIDataGet                    
00005e6d  __TI_zero_init                
00005e79  uDMAControlBaseSet            
00005e8f  SSIEnable                     
00005e99  SSIIntStatus                  
00005ea3  GrMapISO8859_1_Unicode        
00005eab  SSIIntEnable                  
00005eb3  GPIOPinWrite                  
00005eb9  GrContextFontSet              
00005ebf  ResetISR                      
00005ec5  SysCtlDelay                   
00005ecb  UARTClockSourceSet            
00005ed1  WidgetMutexPut                
00005ed7  __TI_decompress_rle24         
00005edd  SSIIntClear                   
00005ee1  WidgetDefaultMsgProc          
00005ee5  _system_pre_init              
00006ea2  g_pucBlue50x50                
000070b2  g_pucBlue50x50Press           
00007518  g_sFontCm14                   
000075e0  g_sFontCm20                   
000077fc  g_lTouchParameters            
00007834  g_sKentec320x240x16_SSD2119   
000078bc  g_psDefaultCodePointMapTable  
00007d4c  __TI_Handler_Table_Base       
00007d58  __TI_Handler_Table_Limit      
00007d60  __TI_CINIT_Base               
00007d70  __TI_CINIT_Limit              
20000000  sDMAControlTable              
20000400  g_ulDataRx2                   
20000770  g_pui32Colors                 
200007fc  g_plParmSet                   
20000800  g_ulButtonState               
20000804  g_ulButtonState2              
20000808  g_ulPanel                     
2000080c  g_ulPreviousPanel             
20000814  g_sTouchX                     
20000816  g_sTouchY                     
20000818  g_psPushButtons2              
20000a98  g_psPanels                    
20000c58  fBER                          
20000c5c  fTemp2                        
20000c60  fTempInt                      
20000c64  fAGC                          
20000c68  fLock                         
20000c6c  fHold                         
20000c70  fEVM                          
20000c74  fFrame                        
20000c78  fCRC                          
20000c7c  fBTemp1                       
20000c88  fBTemp2                       
20000c94  fBTempInt                     
20000ca0  fBVin0                        
20000cac  fBVin1                        
20000cb8  fBVin2                        
20000cc4  fBVin3                        
20000cd0  fBIsense1                     
20000cdc  fBIsense2                     
20000ce8  fADC_Val                      
20000cec  fRsense                       
20000cf0  fVref0                        
20000cf4  fVref1                        
20000cf8  fVref2                        
20000cfc  fVref3                        
20000d00  i16average                    
20000d02  SysTick_Semafore              
20000d04  g_ulSSI1RXFF                  
20000d08  g_psButtonCanvas              
20000d88  g_sNext                       
20000dd8  g_sPrevious                   
20000e28  g_sLED_Display                
20000e68  g_sPLLStatus                  
20000ea8  g_sRxStatus                   
20000ee8  g_sSYNCStatus                 
20000f28  g_sStatusData                 
20000f68  g_sTitle                      
20000fa8  g_sRoot                       
20000fd8  g_pcPanelNames                
20000ffc  WriteData                     
20001000  WriteCommand                  
20001004  _lock                         
20001008  _unlock                       
2000100c  __TI_cleanup_ptr              
20001010  __TI_dtors_ptr                
2000101c  main_func_sp                  
20001020  g_sTouchMin                   
20001024  __stack                       
20001224  __STACK_TOP                   
20001424  __STACK_END                   
ffffffff  __binit__                     
ffffffff  __c_args__                    
ffffffff  binit                         
UNDEFED   SHT$$INIT_ARRAY$$Base         
UNDEFED   SHT$$INIT_ARRAY$$Limit        

[211 symbols]
