<?xml version="1.0"?>
<link_info>
   <banner>TI ARM Linker PC v16.9.1.LTS</banner>
   <copyright>Copyright (c) 1996-2015 Texas Instruments Incorporated</copyright>
   <link_time>0x58c07454</link_time>
   <link_errors>0x0</link_errors>
   <output_file>Display_Parameters.out</output_file>
   <entry_point>
      <name>_c_int00</name>
      <address>0x5bc5</address>
   </entry_point>
   <input_file_list>
      <input_file id="fl-2">
         <path>.\</path>
         <kind>object</kind>
         <file>Kentec320x240x16_ssd2119_8bit.obj</file>
         <name>Kentec320x240x16_ssd2119_8bit.obj</name>
      </input_file>
      <input_file id="fl-3">
         <path>.\</path>
         <kind>object</kind>
         <file>ZC706_SPI_Display.obj</file>
         <name>ZC706_SPI_Display.obj</name>
      </input_file>
      <input_file id="fl-4">
         <path>.\</path>
         <kind>object</kind>
         <file>images.obj</file>
         <name>images.obj</name>
      </input_file>
      <input_file id="fl-5">
         <path>.\</path>
         <kind>object</kind>
         <file>tm4c123gh6pm_startup_ccs.obj</file>
         <name>tm4c123gh6pm_startup_ccs.obj</name>
      </input_file>
      <input_file id="fl-6">
         <path>.\</path>
         <kind>object</kind>
         <file>touch.obj</file>
         <name>touch.obj</name>
      </input_file>
      <input_file id="fl-7">
         <path>.\</path>
         <kind>object</kind>
         <file>ustdlib.obj</file>
         <name>ustdlib.obj</name>
      </input_file>
      <input_file id="fl-8">
         <path>.\drivers\</path>
         <kind>object</kind>
         <file>rgb.obj</file>
         <name>rgb.obj</name>
      </input_file>
      <input_file id="fl-9">
         <path>.\utils\</path>
         <kind>object</kind>
         <file>uartstdio.obj</file>
         <name>uartstdio.obj</name>
      </input_file>
      <input_file id="fl-c6">
         <path>D:\ti\ccsv7\tools\compiler\ti-cgt-arm_16.9.1.LTS\lib\</path>
         <kind>archive</kind>
         <file>rtsv7M4_T_le_v4SPD16_eabi.lib</file>
         <name>boot.obj</name>
      </input_file>
      <input_file id="fl-c7">
         <path>D:\ti\ccsv7\tools\compiler\ti-cgt-arm_16.9.1.LTS\lib\</path>
         <kind>archive</kind>
         <file>rtsv7M4_T_le_v4SPD16_eabi.lib</file>
         <name>copy_decompress_lzss.obj</name>
      </input_file>
      <input_file id="fl-c8">
         <path>D:\ti\ccsv7\tools\compiler\ti-cgt-arm_16.9.1.LTS\lib\</path>
         <kind>archive</kind>
         <file>rtsv7M4_T_le_v4SPD16_eabi.lib</file>
         <name>copy_decompress_none.obj</name>
      </input_file>
      <input_file id="fl-c9">
         <path>D:\ti\ccsv7\tools\compiler\ti-cgt-arm_16.9.1.LTS\lib\</path>
         <kind>archive</kind>
         <file>rtsv7M4_T_le_v4SPD16_eabi.lib</file>
         <name>copy_zero_init.obj</name>
      </input_file>
      <input_file id="fl-ca">
         <path>D:\ti\ccsv7\tools\compiler\ti-cgt-arm_16.9.1.LTS\lib\</path>
         <kind>archive</kind>
         <file>rtsv7M4_T_le_v4SPD16_eabi.lib</file>
         <name>exit.obj</name>
      </input_file>
      <input_file id="fl-cb">
         <path>D:\ti\ccsv7\tools\compiler\ti-cgt-arm_16.9.1.LTS\lib\</path>
         <kind>archive</kind>
         <file>rtsv7M4_T_le_v4SPD16_eabi.lib</file>
         <name>fd_add_t2.obj</name>
      </input_file>
      <input_file id="fl-cc">
         <path>D:\ti\ccsv7\tools\compiler\ti-cgt-arm_16.9.1.LTS\lib\</path>
         <kind>archive</kind>
         <file>rtsv7M4_T_le_v4SPD16_eabi.lib</file>
         <name>fd_div_t2.obj</name>
      </input_file>
      <input_file id="fl-cd">
         <path>D:\ti\ccsv7\tools\compiler\ti-cgt-arm_16.9.1.LTS\lib\</path>
         <kind>archive</kind>
         <file>rtsv7M4_T_le_v4SPD16_eabi.lib</file>
         <name>fd_mul_t2.obj</name>
      </input_file>
      <input_file id="fl-ce">
         <path>D:\ti\ccsv7\tools\compiler\ti-cgt-arm_16.9.1.LTS\lib\</path>
         <kind>archive</kind>
         <file>rtsv7M4_T_le_v4SPD16_eabi.lib</file>
         <name>fd_tos_t2.obj</name>
      </input_file>
      <input_file id="fl-cf">
         <path>D:\ti\ccsv7\tools\compiler\ti-cgt-arm_16.9.1.LTS\lib\</path>
         <kind>archive</kind>
         <file>rtsv7M4_T_le_v4SPD16_eabi.lib</file>
         <name>fd_tou_t2.obj</name>
      </input_file>
      <input_file id="fl-d0">
         <path>D:\ti\ccsv7\tools\compiler\ti-cgt-arm_16.9.1.LTS\lib\</path>
         <kind>archive</kind>
         <file>rtsv7M4_T_le_v4SPD16_eabi.lib</file>
         <name>fs_tod_t2.obj</name>
      </input_file>
      <input_file id="fl-d1">
         <path>D:\ti\ccsv7\tools\compiler\ti-cgt-arm_16.9.1.LTS\lib\</path>
         <kind>archive</kind>
         <file>rtsv7M4_T_le_v4SPD16_eabi.lib</file>
         <name>fs_toull_t2.obj</name>
      </input_file>
      <input_file id="fl-d2">
         <path>D:\ti\ccsv7\tools\compiler\ti-cgt-arm_16.9.1.LTS\lib\</path>
         <kind>archive</kind>
         <file>rtsv7M4_T_le_v4SPD16_eabi.lib</file>
         <name>i_tofd_t2.obj</name>
      </input_file>
      <input_file id="fl-d3">
         <path>D:\ti\ccsv7\tools\compiler\ti-cgt-arm_16.9.1.LTS\lib\</path>
         <kind>archive</kind>
         <file>rtsv7M4_T_le_v4SPD16_eabi.lib</file>
         <name>memcpy_t2.obj</name>
      </input_file>
      <input_file id="fl-d4">
         <path>D:\ti\ccsv7\tools\compiler\ti-cgt-arm_16.9.1.LTS\lib\</path>
         <kind>archive</kind>
         <file>rtsv7M4_T_le_v4SPD16_eabi.lib</file>
         <name>memset_t2.obj</name>
      </input_file>
      <input_file id="fl-d5">
         <path>D:\ti\ccsv7\tools\compiler\ti-cgt-arm_16.9.1.LTS\lib\</path>
         <kind>archive</kind>
         <file>rtsv7M4_T_le_v4SPD16_eabi.lib</file>
         <name>mpu_init.obj</name>
      </input_file>
      <input_file id="fl-d6">
         <path>D:\ti\ccsv7\tools\compiler\ti-cgt-arm_16.9.1.LTS\lib\</path>
         <kind>archive</kind>
         <file>rtsv7M4_T_le_v4SPD16_eabi.lib</file>
         <name>pre_init.obj</name>
      </input_file>
      <input_file id="fl-d7">
         <path>D:\ti\ccsv7\tools\compiler\ti-cgt-arm_16.9.1.LTS\lib\</path>
         <kind>archive</kind>
         <file>rtsv7M4_T_le_v4SPD16_eabi.lib</file>
         <name>stkdepth_vars.obj</name>
      </input_file>
      <input_file id="fl-d8">
         <path>D:\ti\ccsv7\tools\compiler\ti-cgt-arm_16.9.1.LTS\lib\</path>
         <kind>archive</kind>
         <file>rtsv7M4_T_le_v4SPD16_eabi.lib</file>
         <name>u_divt2.obj</name>
      </input_file>
      <input_file id="fl-d9">
         <path>D:\ti\ccsv7\tools\compiler\ti-cgt-arm_16.9.1.LTS\lib\</path>
         <kind>archive</kind>
         <file>rtsv7M4_T_le_v4SPD16_eabi.lib</file>
         <name>_lock.obj</name>
      </input_file>
      <input_file id="fl-da">
         <path>D:\ti\ccsv7\tools\compiler\ti-cgt-arm_16.9.1.LTS\lib\</path>
         <kind>archive</kind>
         <file>rtsv7M4_T_le_v4SPD16_eabi.lib</file>
         <name>args_main.obj</name>
      </input_file>
      <input_file id="fl-db">
         <path>D:\ti\ccsv7\tools\compiler\ti-cgt-arm_16.9.1.LTS\lib\</path>
         <kind>archive</kind>
         <file>rtsv7M4_T_le_v4SPD16_eabi.lib</file>
         <name>autoinit.obj</name>
      </input_file>
      <input_file id="fl-dc">
         <path>D:\ti\ccsv7\tools\compiler\ti-cgt-arm_16.9.1.LTS\lib\</path>
         <kind>archive</kind>
         <file>rtsv7M4_T_le_v4SPD16_eabi.lib</file>
         <name>cpy_tbl.obj</name>
      </input_file>
      <input_file id="fl-dd">
         <path>D:\ti\ccsv7\tools\compiler\ti-cgt-arm_16.9.1.LTS\lib\</path>
         <kind>archive</kind>
         <file>rtsv7M4_T_le_v4SPD16_eabi.lib</file>
         <name>i_div0.obj</name>
      </input_file>
      <input_file id="fl-de">
         <path>D:\ti\ccsv7\tools\compiler\ti-cgt-arm_16.9.1.LTS\lib\</path>
         <kind>archive</kind>
         <file>rtsv7M4_T_le_v4SPD16_eabi.lib</file>
         <name>startup.obj</name>
      </input_file>
      <input_file id="fl-df">
         <path>C:\ti\TivaWare_C_Series-1.0\driverlib\ccs\Debug\</path>
         <kind>archive</kind>
         <file>driverlib.lib</file>
         <name>udma.obj</name>
      </input_file>
      <input_file id="fl-e0">
         <path>C:\ti\TivaWare_C_Series-1.0\driverlib\ccs\Debug\</path>
         <kind>archive</kind>
         <file>driverlib.lib</file>
         <name>uart.obj</name>
      </input_file>
      <input_file id="fl-e1">
         <path>C:\ti\TivaWare_C_Series-1.0\driverlib\ccs\Debug\</path>
         <kind>archive</kind>
         <file>driverlib.lib</file>
         <name>timer.obj</name>
      </input_file>
      <input_file id="fl-e2">
         <path>C:\ti\TivaWare_C_Series-1.0\driverlib\ccs\Debug\</path>
         <kind>archive</kind>
         <file>driverlib.lib</file>
         <name>sysctl.obj</name>
      </input_file>
      <input_file id="fl-e3">
         <path>C:\ti\TivaWare_C_Series-1.0\driverlib\ccs\Debug\</path>
         <kind>archive</kind>
         <file>driverlib.lib</file>
         <name>ssi.obj</name>
      </input_file>
      <input_file id="fl-e4">
         <path>C:\ti\TivaWare_C_Series-1.0\driverlib\ccs\Debug\</path>
         <kind>archive</kind>
         <file>driverlib.lib</file>
         <name>mpu.obj</name>
      </input_file>
      <input_file id="fl-e5">
         <path>C:\ti\TivaWare_C_Series-1.0\driverlib\ccs\Debug\</path>
         <kind>archive</kind>
         <file>driverlib.lib</file>
         <name>interrupt.obj</name>
      </input_file>
      <input_file id="fl-e6">
         <path>C:\ti\TivaWare_C_Series-1.0\driverlib\ccs\Debug\</path>
         <kind>archive</kind>
         <file>driverlib.lib</file>
         <name>gpio.obj</name>
      </input_file>
      <input_file id="fl-e7">
         <path>C:\ti\TivaWare_C_Series-1.0\driverlib\ccs\Debug\</path>
         <kind>archive</kind>
         <file>driverlib.lib</file>
         <name>fpu.obj</name>
      </input_file>
      <input_file id="fl-e8">
         <path>C:\ti\TivaWare_C_Series-1.0\driverlib\ccs\Debug\</path>
         <kind>archive</kind>
         <file>driverlib.lib</file>
         <name>cpu.obj</name>
      </input_file>
      <input_file id="fl-e9">
         <path>C:\ti\TivaWare_C_Series-1.0\driverlib\ccs\Debug\</path>
         <kind>archive</kind>
         <file>driverlib.lib</file>
         <name>adc.obj</name>
      </input_file>
      <input_file id="fl-ea">
         <path>C:\ti\TivaWare_C_Series-1.0\grlib\ccs\Debug\</path>
         <kind>archive</kind>
         <file>grlib.lib</file>
         <name>fontcm20.obj</name>
      </input_file>
      <input_file id="fl-eb">
         <path>C:\ti\TivaWare_C_Series-1.0\grlib\ccs\Debug\</path>
         <kind>archive</kind>
         <file>grlib.lib</file>
         <name>fontcm14.obj</name>
      </input_file>
      <input_file id="fl-ec">
         <path>C:\ti\TivaWare_C_Series-1.0\grlib\ccs\Debug\</path>
         <kind>archive</kind>
         <file>grlib.lib</file>
         <name>widget.obj</name>
      </input_file>
      <input_file id="fl-ed">
         <path>C:\ti\TivaWare_C_Series-1.0\grlib\ccs\Debug\</path>
         <kind>archive</kind>
         <file>grlib.lib</file>
         <name>string.obj</name>
      </input_file>
      <input_file id="fl-ee">
         <path>C:\ti\TivaWare_C_Series-1.0\grlib\ccs\Debug\</path>
         <kind>archive</kind>
         <file>grlib.lib</file>
         <name>rectangle.obj</name>
      </input_file>
      <input_file id="fl-ef">
         <path>C:\ti\TivaWare_C_Series-1.0\grlib\ccs\Debug\</path>
         <kind>archive</kind>
         <file>grlib.lib</file>
         <name>pushbutton.obj</name>
      </input_file>
      <input_file id="fl-f0">
         <path>C:\ti\TivaWare_C_Series-1.0\grlib\ccs\Debug\</path>
         <kind>archive</kind>
         <file>grlib.lib</file>
         <name>line.obj</name>
      </input_file>
      <input_file id="fl-f1">
         <path>C:\ti\TivaWare_C_Series-1.0\grlib\ccs\Debug\</path>
         <kind>archive</kind>
         <file>grlib.lib</file>
         <name>image.obj</name>
      </input_file>
      <input_file id="fl-f2">
         <path>C:\ti\TivaWare_C_Series-1.0\grlib\ccs\Debug\</path>
         <kind>archive</kind>
         <file>grlib.lib</file>
         <name>context.obj</name>
      </input_file>
      <input_file id="fl-f3">
         <path>C:\ti\TivaWare_C_Series-1.0\grlib\ccs\Debug\</path>
         <kind>archive</kind>
         <file>grlib.lib</file>
         <name>circle.obj</name>
      </input_file>
      <input_file id="fl-f4">
         <path>C:\ti\TivaWare_C_Series-1.0\grlib\ccs\Debug\</path>
         <kind>archive</kind>
         <file>grlib.lib</file>
         <name>charmap.obj</name>
      </input_file>
      <input_file id="fl-f5">
         <path>C:\ti\TivaWare_C_Series-1.0\grlib\ccs\Debug\</path>
         <kind>archive</kind>
         <file>grlib.lib</file>
         <name>canvas.obj</name>
      </input_file>
   </input_file_list>
   <object_component_list>
      <object_component id="oc-f">
         <name>.intvecs</name>
         <load_address>0x0</load_address>
         <run_address>0x0</run_address>
         <size>0x26c</size>
         <input_file_ref idref="fl-5"/>
      </object_component>
      <object_component id="oc-f6">
         <name>.text:main</name>
         <load_address>0x26c</load_address>
         <run_address>0x26c</run_address>
         <size>0x13b4</size>
         <input_file_ref idref="fl-3"/>
      </object_component>
      <object_component id="oc-420">
         <name>.text:uvsnprintf</name>
         <load_address>0x1620</load_address>
         <run_address>0x1620</run_address>
         <size>0x438</size>
         <input_file_ref idref="fl-7"/>
      </object_component>
      <object_component id="oc-620">
         <name>.text:Internai32ImageDraw</name>
         <load_address>0x1a58</load_address>
         <run_address>0x1a58</run_address>
         <size>0x374</size>
         <input_file_ref idref="fl-f1"/>
      </object_component>
      <object_component id="oc-564">
         <name>.text:OnLEDStatusPaint</name>
         <load_address>0x1dcc</load_address>
         <run_address>0x1dcc</run_address>
         <size>0x358</size>
         <input_file_ref idref="fl-3"/>
      </object_component>
      <object_component id="oc-367">
         <name>.text:UARTvprintf</name>
         <load_address>0x2124</load_address>
         <run_address>0x2124</run_address>
         <size>0x30c</size>
         <input_file_ref idref="fl-9"/>
      </object_component>
      <object_component id="oc-177">
         <name>.text:Kentec320x240x16_SSD2119Init</name>
         <load_address>0x2430</load_address>
         <run_address>0x2430</run_address>
         <size>0x2f4</size>
         <input_file_ref idref="fl-2"/>
      </object_component>
      <object_component id="oc-629">
         <name>.text:PixelTransparentDraw</name>
         <load_address>0x2724</load_address>
         <run_address>0x2724</run_address>
         <size>0x2ba</size>
         <input_file_ref idref="fl-f1"/>
      </object_component>
      <object_component id="oc-48e">
         <name>.text:GrFontGlyphRender</name>
         <load_address>0x29de</load_address>
         <run_address>0x29de</run_address>
         <size>0x266</size>
         <input_file_ref idref="fl-ed"/>
      </object_component>
      <object_component id="oc-55c">
         <name>.text:OnBlockDiagramPaint</name>
         <load_address>0x2c44</load_address>
         <run_address>0x2c44</run_address>
         <size>0x224</size>
         <input_file_ref idref="fl-3"/>
      </object_component>
      <object_component id="oc-aa">
         <name>.text:TouchScreenDebouncer</name>
         <load_address>0x2e68</load_address>
         <run_address>0x2e68</run_address>
         <size>0x218</size>
         <input_file_ref idref="fl-6"/>
      </object_component>
      <object_component id="oc-3a6">
         <name>.text:Kentec320x240x16_SSD2119PixelDrawMultiple</name>
         <load_address>0x3080</load_address>
         <run_address>0x3080</run_address>
         <size>0x208</size>
         <input_file_ref idref="fl-2"/>
      </object_component>
      <object_component id="oc-22e">
         <name>.text</name>
         <load_address>0x3288</load_address>
         <run_address>0x3288</run_address>
         <size>0x1b6</size>
         <input_file_ref idref="fl-cb"/>
      </object_component>
      <object_component id="oc-553">
         <name>.text:CanvasPaint</name>
         <load_address>0x343e</load_address>
         <run_address>0x343e</run_address>
         <size>0x188</size>
         <input_file_ref idref="fl-f5"/>
      </object_component>
      <object_component id="oc-538">
         <name>.text:RectangularButtonPaint</name>
         <load_address>0x35c6</load_address>
         <run_address>0x35c6</run_address>
         <size>0x16e</size>
         <input_file_ref idref="fl-ef"/>
      </object_component>
      <object_component id="oc-4f">
         <name>.text:SSI1IntHandler</name>
         <load_address>0x3734</load_address>
         <run_address>0x3734</run_address>
         <size>0x16c</size>
         <input_file_ref idref="fl-3"/>
      </object_component>
      <object_component id="oc-3b8">
         <name>.text:Kentec320x240x16_SSD2119RectFill</name>
         <load_address>0x38a0</load_address>
         <run_address>0x38a0</run_address>
         <size>0x160</size>
         <input_file_ref idref="fl-2"/>
      </object_component>
      <object_component id="oc-49">
         <name>.text:TouchScreenIntHandler</name>
         <load_address>0x3a00</load_address>
         <run_address>0x3a00</run_address>
         <size>0x14c</size>
         <input_file_ref idref="fl-6"/>
      </object_component>
      <object_component id="oc-253">
         <name>.text:GrCircleFill</name>
         <load_address>0x3b4c</load_address>
         <run_address>0x3b4c</run_address>
         <size>0x146</size>
         <input_file_ref idref="fl-f3"/>
      </object_component>
      <object_component id="oc-37">
         <name>.text:FaultISR</name>
         <load_address>0x3c92</load_address>
         <run_address>0x3c92</run_address>
         <size>0x2</size>
         <input_file_ref idref="fl-5"/>
      </object_component>
      <object_component id="oc-3ed">
         <name>.text:OnPrevious</name>
         <load_address>0x3c94</load_address>
         <run_address>0x3c94</run_address>
         <size>0x144</size>
         <input_file_ref idref="fl-3"/>
      </object_component>
      <object_component id="oc-56c">
         <name>.text:OnDataPaint</name>
         <load_address>0x3dd8</load_address>
         <run_address>0x3dd8</run_address>
         <size>0x13c</size>
         <input_file_ref idref="fl-3"/>
      </object_component>
      <object_component id="oc-15b">
         <name>.text</name>
         <load_address>0x3f14</load_address>
         <run_address>0x3f14</run_address>
         <size>0x136</size>
         <input_file_ref idref="fl-cc"/>
      </object_component>
      <object_component id="oc-3d">
         <name>.text:IntDefaultHandler</name>
         <load_address>0x404a</load_address>
         <run_address>0x404a</run_address>
         <size>0x2</size>
         <input_file_ref idref="fl-5"/>
      </object_component>
      <object_component id="oc-3fd">
         <name>.text:OnNext</name>
         <load_address>0x404c</load_address>
         <run_address>0x404c</run_address>
         <size>0x128</size>
         <input_file_ref idref="fl-3"/>
      </object_component>
      <object_component id="oc-445">
         <name>.text:OnPLLButtonPress</name>
         <load_address>0x4174</load_address>
         <run_address>0x4174</run_address>
         <size>0x110</size>
         <input_file_ref idref="fl-3"/>
      </object_component>
      <object_component id="oc-451">
         <name>.text:OnRXMSGButtonPress</name>
         <load_address>0x4284</load_address>
         <run_address>0x4284</run_address>
         <size>0x110</size>
         <input_file_ref idref="fl-3"/>
      </object_component>
      <object_component id="oc-43f">
         <name>.text:OnRxButtonPress</name>
         <load_address>0x4394</load_address>
         <run_address>0x4394</run_address>
         <size>0x110</size>
         <input_file_ref idref="fl-3"/>
      </object_component>
      <object_component id="oc-44b">
         <name>.text:OnSYNCButtonPress</name>
         <load_address>0x44a4</load_address>
         <run_address>0x44a4</run_address>
         <size>0x110</size>
         <input_file_ref idref="fl-3"/>
      </object_component>
      <object_component id="oc-25f">
         <name>.text:GrLineDraw</name>
         <load_address>0x45b4</load_address>
         <run_address>0x45b4</run_address>
         <size>0x100</size>
         <input_file_ref idref="fl-f0"/>
      </object_component>
      <object_component id="oc-276">
         <name>.text</name>
         <load_address>0x46b4</load_address>
         <run_address>0x46b4</run_address>
         <size>0xfc</size>
         <input_file_ref idref="fl-cd"/>
      </object_component>
      <object_component id="oc-1ba">
         <name>.text:TouchScreenInit</name>
         <load_address>0x47b0</load_address>
         <run_address>0x47b0</run_address>
         <size>0xf8</size>
         <input_file_ref idref="fl-6"/>
      </object_component>
      <object_component id="oc-1cc">
         <name>.text:WidgetMessageQueueAdd</name>
         <load_address>0x48a8</load_address>
         <run_address>0x48a8</run_address>
         <size>0xf0</size>
         <input_file_ref idref="fl-ec"/>
      </object_component>
      <object_component id="oc-53e">
         <name>.text:RectangularButtonClick</name>
         <load_address>0x4998</load_address>
         <run_address>0x4998</run_address>
         <size>0xec</size>
         <input_file_ref idref="fl-ef"/>
      </object_component>
      <object_component id="oc-2b8">
         <name>.text:GrDefaultStringRenderer</name>
         <load_address>0x4a84</load_address>
         <run_address>0x4a84</run_address>
         <size>0xca</size>
         <input_file_ref idref="fl-ed"/>
      </object_component>
      <object_component id="oc-462">
         <name>.text:GrLineClip</name>
         <load_address>0x4b4e</load_address>
         <run_address>0x4b4e</run_address>
         <size>0xbc</size>
         <input_file_ref idref="fl-f0"/>
      </object_component>
      <object_component id="oc-4d0">
         <name>.text:GPIOPadConfigSet</name>
         <load_address>0x4c0a</load_address>
         <run_address>0x4c0a</run_address>
         <size>0xb8</size>
         <input_file_ref idref="fl-e6"/>
      </object_component>
      <object_component id="oc-31">
         <name>.text:NmiSR</name>
         <load_address>0x4cc2</load_address>
         <run_address>0x4cc2</run_address>
         <size>0x2</size>
         <input_file_ref idref="fl-5"/>
      </object_component>
      <object_component id="oc-32b">
         <name>.text:SysCtlClockGet</name>
         <load_address>0x4cc4</load_address>
         <run_address>0x4cc4</run_address>
         <size>0xb4</size>
         <input_file_ref idref="fl-e2"/>
      </object_component>
      <object_component id="oc-399">
         <name>.text:WidgetMessageSendPostOrder</name>
         <load_address>0x4d78</load_address>
         <run_address>0x4d78</run_address>
         <size>0xb0</size>
         <input_file_ref idref="fl-ec"/>
      </object_component>
      <object_component id="oc-63">
         <name>.text</name>
         <load_address>0x4e28</load_address>
         <run_address>0x4e28</run_address>
         <size>0x9c</size>
         <input_file_ref idref="fl-d3"/>
      </object_component>
      <object_component id="oc-2ae">
         <name>.text:InitGPIOLCDInterface</name>
         <load_address>0x4ec4</load_address>
         <run_address>0x4ec4</run_address>
         <size>0x98</size>
         <input_file_ref idref="fl-2"/>
      </object_component>
      <object_component id="oc-3ac">
         <name>.text:Kentec320x240x16_SSD2119LineDrawH</name>
         <load_address>0x4f5c</load_address>
         <run_address>0x4f5c</run_address>
         <size>0x90</size>
         <input_file_ref idref="fl-2"/>
      </object_component>
      <object_component id="oc-3b2">
         <name>.text:Kentec320x240x16_SSD2119LineDrawV</name>
         <load_address>0x4fec</load_address>
         <run_address>0x4fec</run_address>
         <size>0x90</size>
         <input_file_ref idref="fl-2"/>
      </object_component>
      <object_component id="oc-183">
         <name>.text:GrRectFill</name>
         <load_address>0x507c</load_address>
         <run_address>0x507c</run_address>
         <size>0x86</size>
         <input_file_ref idref="fl-ee"/>
      </object_component>
      <object_component id="oc-5d9">
         <name>.text</name>
         <load_address>0x5102</load_address>
         <run_address>0x5102</run_address>
         <size>0x2</size>
         <input_file_ref idref="fl-dd"/>
      </object_component>
      <object_component id="oc-481">
         <name>.text:WriteCommandGPIO</name>
         <load_address>0x5104</load_address>
         <run_address>0x5104</run_address>
         <size>0x7c</size>
         <input_file_ref idref="fl-2"/>
      </object_component>
      <object_component id="oc-6f">
         <name>.text</name>
         <load_address>0x5180</load_address>
         <run_address>0x5180</run_address>
         <size>0x7a</size>
         <input_file_ref idref="fl-d4"/>
      </object_component>
      <object_component id="oc-7b">
         <name>.text</name>
         <load_address>0x51fa</load_address>
         <run_address>0x51fa</run_address>
         <size>0x2</size>
         <input_file_ref idref="fl-d5"/>
      </object_component>
      <object_component id="oc-457">
         <name>.text:OnButtonPress2</name>
         <load_address>0x51fc</load_address>
         <run_address>0x51fc</run_address>
         <size>0x78</size>
         <input_file_ref idref="fl-3"/>
      </object_component>
      <object_component id="oc-1d2">
         <name>.text:ConfigureUART</name>
         <load_address>0x5274</load_address>
         <run_address>0x5274</run_address>
         <size>0x74</size>
         <input_file_ref idref="fl-3"/>
      </object_component>
      <object_component id="oc-1de">
         <name>.text:InitSPI1</name>
         <load_address>0x52e8</load_address>
         <run_address>0x52e8</run_address>
         <size>0x74</size>
         <input_file_ref idref="fl-3"/>
      </object_component>
      <object_component id="oc-360">
         <name>.text:UARTStdioConfig</name>
         <load_address>0x535c</load_address>
         <run_address>0x535c</run_address>
         <size>0x74</size>
         <input_file_ref idref="fl-9"/>
      </object_component>
      <object_component id="oc-47b">
         <name>.text:WriteDataGPIO</name>
         <load_address>0x53d0</load_address>
         <run_address>0x53d0</run_address>
         <size>0x74</size>
         <input_file_ref idref="fl-2"/>
      </object_component>
      <object_component id="oc-307">
         <name>.text:ADCSequenceStepConfigure</name>
         <load_address>0x5444</load_address>
         <run_address>0x5444</run_address>
         <size>0x70</size>
         <input_file_ref idref="fl-e9"/>
      </object_component>
      <object_component id="oc-584">
         <name>.text:OnSYNCStatusPaint</name>
         <load_address>0x54b4</load_address>
         <run_address>0x54b4</run_address>
         <size>0x70</size>
         <input_file_ref idref="fl-3"/>
      </object_component>
      <object_component id="oc-87">
         <name>.text</name>
         <load_address>0x5524</load_address>
         <run_address>0x5524</run_address>
         <size>0x70</size>
         <input_file_ref idref="fl-db"/>
      </object_component>
      <object_component id="oc-160">
         <name>.text</name>
         <load_address>0x5594</load_address>
         <run_address>0x5594</run_address>
         <size>0x6e</size>
         <input_file_ref idref="fl-ce"/>
      </object_component>
      <object_component id="oc-ee">
         <name>.text</name>
         <load_address>0x5602</load_address>
         <run_address>0x5602</run_address>
         <size>0x2</size>
         <input_file_ref idref="fl-de"/>
      </object_component>
      <object_component id="oc-57c">
         <name>.text:OnPLLStatusPaint</name>
         <load_address>0x5604</load_address>
         <run_address>0x5604</run_address>
         <size>0x6c</size>
         <input_file_ref idref="fl-3"/>
      </object_component>
      <object_component id="oc-195">
         <name>.text:GrStringWidthGet</name>
         <load_address>0x5670</load_address>
         <run_address>0x5670</run_address>
         <size>0x6a</size>
         <input_file_ref idref="fl-ed"/>
      </object_component>
      <object_component id="oc-12">
         <name>.text:decompress:lzss</name>
         <load_address>0x56da</load_address>
         <run_address>0x56da</run_address>
         <size>0x68</size>
         <input_file_ref idref="fl-c7"/>
      </object_component>
      <object_component id="oc-189">
         <name>.text:GrRectDraw</name>
         <load_address>0x5742</load_address>
         <run_address>0x5742</run_address>
         <size>0x66</size>
         <input_file_ref idref="fl-ee"/>
      </object_component>
      <object_component id="oc-17d">
         <name>.text:GrContextInit</name>
         <load_address>0x57a8</load_address>
         <run_address>0x57a8</run_address>
         <size>0x64</size>
         <input_file_ref idref="fl-f2"/>
      </object_component>
      <object_component id="oc-3a0">
         <name>.text:Kentec320x240x16_SSD2119PixelDraw</name>
         <load_address>0x580c</load_address>
         <run_address>0x580c</run_address>
         <size>0x64</size>
         <input_file_ref idref="fl-2"/>
      </object_component>
      <object_component id="oc-1f0">
         <name>.text:WidgetMessageQueueProcess</name>
         <load_address>0x5870</load_address>
         <run_address>0x5870</run_address>
         <size>0x64</size>
         <input_file_ref idref="fl-ec"/>
      </object_component>
      <object_component id="oc-21d">
         <name>.text:float_to_int_and_fract</name>
         <load_address>0x58d4</load_address>
         <run_address>0x58d4</run_address>
         <size>0x64</size>
         <input_file_ref idref="fl-3"/>
      </object_component>
      <object_component id="oc-5e6">
         <name>.text:GrContextClipRegionSet</name>
         <load_address>0x5938</load_address>
         <run_address>0x5938</run_address>
         <size>0x62</size>
         <input_file_ref idref="fl-f2"/>
      </object_component>
      <object_component id="oc-217">
         <name>.text:IntDisable</name>
         <load_address>0x599c</load_address>
         <run_address>0x599c</run_address>
         <size>0x60</size>
         <input_file_ref idref="fl-e5"/>
      </object_component>
      <object_component id="oc-1ea">
         <name>.text:IntEnable</name>
         <load_address>0x59fc</load_address>
         <run_address>0x59fc</run_address>
         <size>0x60</size>
         <input_file_ref idref="fl-e5"/>
      </object_component>
      <object_component id="oc-4b3">
         <name>.text:FontWideGlyphDataGet</name>
         <load_address>0x5a5c</load_address>
         <run_address>0x5a5c</run_address>
         <size>0x5c</size>
         <input_file_ref idref="fl-ed"/>
      </object_component>
      <object_component id="oc-508">
         <name>.text:UARTwrite</name>
         <load_address>0x5ab8</load_address>
         <run_address>0x5ab8</run_address>
         <size>0x5c</size>
         <input_file_ref idref="fl-9"/>
      </object_component>
      <object_component id="oc-594">
         <name>.text:ustrncpy</name>
         <load_address>0x5b14</load_address>
         <run_address>0x5b14</run_address>
         <size>0x58</size>
         <input_file_ref idref="fl-7"/>
      </object_component>
      <object_component id="oc-393">
         <name>.text:WidgetMessageSendPreOrder</name>
         <load_address>0x5b6c</load_address>
         <run_address>0x5b6c</run_address>
         <size>0x56</size>
         <input_file_ref idref="fl-ec"/>
      </object_component>
      <object_component id="oc-24">
         <name>.text</name>
         <load_address>0x5bc4</load_address>
         <run_address>0x5bc4</run_address>
         <size>0x54</size>
         <input_file_ref idref="fl-c6"/>
      </object_component>
      <object_component id="oc-93">
         <name>.text</name>
         <load_address>0x5c18</load_address>
         <run_address>0x5c18</run_address>
         <size>0x54</size>
         <input_file_ref idref="fl-ca"/>
      </object_component>
      <object_component id="oc-58c">
         <name>.text:OnRXMSGStatusPaint</name>
         <load_address>0x5c6c</load_address>
         <run_address>0x5c6c</run_address>
         <size>0x50</size>
         <input_file_ref idref="fl-3"/>
      </object_component>
      <object_component id="oc-574">
         <name>.text:OnRxStatusPaint</name>
         <load_address>0x5cbc</load_address>
         <run_address>0x5cbc</run_address>
         <size>0x50</size>
         <input_file_ref idref="fl-3"/>
      </object_component>
      <object_component id="oc-54b">
         <name>.text:WidgetRemove</name>
         <load_address>0x5d0c</load_address>
         <run_address>0x5d0c</run_address>
         <size>0x4c</size>
         <input_file_ref idref="fl-ec"/>
      </object_component>
      <object_component id="oc-e8">
         <name>.text</name>
         <load_address>0x5d58</load_address>
         <run_address>0x5d58</run_address>
         <size>0x4c</size>
         <input_file_ref idref="fl-dc"/>
      </object_component>
      <object_component id="oc-2d4">
         <name>.text:UpdateContextCharMapping</name>
         <load_address>0x5da4</load_address>
         <run_address>0x5da4</run_address>
         <size>0x4a</size>
         <input_file_ref idref="fl-ed"/>
      </object_component>
      <object_component id="oc-374">
         <name>.text:GPIOPinConfigure</name>
         <load_address>0x5df0</load_address>
         <run_address>0x5df0</run_address>
         <size>0x48</size>
         <input_file_ref idref="fl-e6"/>
      </object_component>
      <object_component id="oc-26a">
         <name>.text:GrLineDrawH</name>
         <load_address>0x5e38</load_address>
         <run_address>0x5e38</run_address>
         <size>0x46</size>
         <input_file_ref idref="fl-f0"/>
      </object_component>
      <object_component id="oc-2cd">
         <name>.text:GrLineDrawV</name>
         <load_address>0x5e7e</load_address>
         <run_address>0x5e7e</run_address>
         <size>0x46</size>
         <input_file_ref idref="fl-f0"/>
      </object_component>
      <object_component id="oc-265">
         <name>.text</name>
         <load_address>0x5ec4</load_address>
         <run_address>0x5ec4</run_address>
         <size>0x44</size>
         <input_file_ref idref="fl-cf"/>
      </object_component>
      <object_component id="oc-380">
         <name>.text:SSIConfigSetExpClk</name>
         <load_address>0x5f08</load_address>
         <run_address>0x5f08</run_address>
         <size>0x42</size>
         <input_file_ref idref="fl-e3"/>
      </object_component>
      <object_component id="oc-43">
         <name>.text:SysTickIntHandler</name>
         <load_address>0x5f4c</load_address>
         <run_address>0x5f4c</run_address>
         <size>0x40</size>
         <input_file_ref idref="fl-3"/>
      </object_component>
      <object_component id="oc-50e">
         <name>.text</name>
         <load_address>0x5f8c</load_address>
         <run_address>0x5f8c</run_address>
         <size>0x40</size>
         <input_file_ref idref="fl-d8"/>
      </object_component>
      <object_component id="oc-4b9">
         <name>.text:FontGlyphDataGet</name>
         <load_address>0x5fcc</load_address>
         <run_address>0x5fcc</run_address>
         <size>0x3a</size>
         <input_file_ref idref="fl-ed"/>
      </object_component>
      <object_component id="oc-229">
         <name>.text</name>
         <load_address>0x6006</load_address>
         <run_address>0x6006</run_address>
         <size>0x38</size>
         <input_file_ref idref="fl-d0"/>
      </object_component>
      <object_component id="oc-5b3">
         <name>.text:GrClipCodeGet</name>
         <load_address>0x603e</load_address>
         <run_address>0x603e</run_address>
         <size>0x36</size>
         <input_file_ref idref="fl-f0"/>
      </object_component>
      <object_component id="oc-259">
         <name>.text:GrStringDrawRight</name>
         <load_address>0x6074</load_address>
         <run_address>0x6074</run_address>
         <size>0x36</size>
         <input_file_ref idref="fl-3"/>
      </object_component>
      <object_component id="oc-1a7">
         <name>.text:SysCtlPeripheralEnable</name>
         <load_address>0x60ac</load_address>
         <run_address>0x60ac</run_address>
         <size>0x34</size>
         <input_file_ref idref="fl-e2"/>
      </object_component>
      <object_component id="oc-223">
         <name>.text:usprintf</name>
         <load_address>0x60e0</load_address>
         <run_address>0x60e0</run_address>
         <size>0x32</size>
         <input_file_ref idref="fl-7"/>
      </object_component>
      <object_component id="oc-156">
         <name>.text</name>
         <load_address>0x6112</load_address>
         <run_address>0x6112</run_address>
         <size>0x2e</size>
         <input_file_ref idref="fl-d2"/>
      </object_component>
      <object_component id="oc-301">
         <name>.text:ADCSequenceConfigure</name>
         <load_address>0x6140</load_address>
         <run_address>0x6140</run_address>
         <size>0x2c</size>
         <input_file_ref idref="fl-e9"/>
      </object_component>
      <object_component id="oc-4d6">
         <name>.text:GPIODirModeSet</name>
         <load_address>0x616c</load_address>
         <run_address>0x616c</run_address>
         <size>0x2a</size>
         <input_file_ref idref="fl-e6"/>
      </object_component>
      <object_component id="oc-19b">
         <name>.text:GrFontBaselineGet</name>
         <load_address>0x6196</load_address>
         <run_address>0x6196</run_address>
         <size>0x2a</size>
         <input_file_ref idref="fl-ed"/>
      </object_component>
      <object_component id="oc-5fe">
         <name>.text:GrFontHeightGet</name>
         <load_address>0x61c0</load_address>
         <run_address>0x61c0</run_address>
         <size>0x2a</size>
         <input_file_ref idref="fl-ed"/>
      </object_component>
      <object_component id="oc-2dc">
         <name>.text:GrStringNextCharGet</name>
         <load_address>0x61ea</load_address>
         <run_address>0x61ea</run_address>
         <size>0x2a</size>
         <input_file_ref idref="fl-ed"/>
      </object_component>
      <object_component id="oc-525">
         <name>.text:WidgetIsInTree</name>
         <load_address>0x6214</load_address>
         <run_address>0x6214</run_address>
         <size>0x2a</size>
         <input_file_ref idref="fl-ec"/>
      </object_component>
      <object_component id="oc-3be">
         <name>.text:Kentec320x240x16_SSD2119ColorTranslate</name>
         <load_address>0x623e</load_address>
         <run_address>0x623e</run_address>
         <size>0x28</size>
         <input_file_ref idref="fl-2"/>
      </object_component>
      <object_component id="oc-325">
         <name>.text:TimerConfigure</name>
         <load_address>0x6268</load_address>
         <run_address>0x6268</run_address>
         <size>0x28</size>
         <input_file_ref idref="fl-e1"/>
      </object_component>
      <object_component id="oc-2e8">
         <name>.text:GrFontInfoGet</name>
         <load_address>0x6290</load_address>
         <run_address>0x6290</run_address>
         <size>0x26</size>
         <input_file_ref idref="fl-ed"/>
      </object_component>
      <object_component id="oc-1d8">
         <name>.text:UARTprintf</name>
         <load_address>0x62b6</load_address>
         <run_address>0x62b6</run_address>
         <size>0x24</size>
         <input_file_ref idref="fl-9"/>
      </object_component>
      <object_component id="oc-1c6">
         <name>.text:WidgetAdd</name>
         <load_address>0x62da</load_address>
         <run_address>0x62da</run_address>
         <size>0x24</size>
         <input_file_ref idref="fl-ec"/>
      </object_component>
      <object_component id="oc-2e2">
         <name>.text:GrFontGlyphDataGet</name>
         <load_address>0x62fe</load_address>
         <run_address>0x62fe</run_address>
         <size>0x22</size>
         <input_file_ref idref="fl-ed"/>
      </object_component>
      <object_component id="oc-3e0">
         <name>.text:RectangularButtonMsgProc</name>
         <load_address>0x6320</load_address>
         <run_address>0x6320</run_address>
         <size>0x22</size>
         <input_file_ref idref="fl-ef"/>
      </object_component>
      <object_component id="oc-4a4">
         <name>.text:GrFontCodepageGet</name>
         <load_address>0x6342</load_address>
         <run_address>0x6342</run_address>
         <size>0x1e</size>
         <input_file_ref idref="fl-ed"/>
      </object_component>
      <object_component id="oc-1fd">
         <name>.text:WidgetPointerMessage</name>
         <load_address>0x6360</load_address>
         <run_address>0x6360</run_address>
         <size>0x1c</size>
         <input_file_ref idref="fl-ec"/>
      </object_component>
      <object_component id="oc-337">
         <name>.text:TimerControlTrigger</name>
         <load_address>0x637c</load_address>
         <run_address>0x637c</run_address>
         <size>0x18</size>
         <input_file_ref idref="fl-e1"/>
      </object_component>
      <object_component id="oc-8d">
         <name>.text</name>
         <load_address>0x6394</load_address>
         <run_address>0x6394</run_address>
         <size>0x18</size>
         <input_file_ref idref="fl-da"/>
      </object_component>
      <object_component id="oc-3f5">
         <name>.text:CanvasMsgProc</name>
         <load_address>0x63ac</load_address>
         <run_address>0x63ac</run_address>
         <size>0x14</size>
         <input_file_ref idref="fl-f5"/>
      </object_component>
      <object_component id="oc-1c0">
         <name>.text:TouchScreenCallbackSet</name>
         <load_address>0x63c0</load_address>
         <run_address>0x63c0</run_address>
         <size>0x14</size>
         <input_file_ref idref="fl-6"/>
      </object_component>
      <object_component id="oc-34a">
         <name>.text:WidgetMutexGet</name>
         <load_address>0x63d4</load_address>
         <run_address>0x63d4</run_address>
         <size>0x14</size>
         <input_file_ref idref="fl-ec"/>
      </object_component>
      <object_component id="oc-288">
         <name>.text</name>
         <load_address>0x63e8</load_address>
         <run_address>0x63e8</run_address>
         <size>0x14</size>
         <input_file_ref idref="fl-d9"/>
      </object_component>
      <object_component id="oc-2fb">
         <name>.text:ADCHardwareOversampleConfigure</name>
         <load_address>0x63fc</load_address>
         <run_address>0x63fc</run_address>
         <size>0x12</size>
         <input_file_ref idref="fl-e9"/>
      </object_component>
      <object_component id="oc-319">
         <name>.text:GPIOPinTypeGPIOOutput</name>
         <load_address>0x640e</load_address>
         <run_address>0x640e</run_address>
         <size>0x12</size>
         <input_file_ref idref="fl-e6"/>
      </object_component>
      <object_component id="oc-37a">
         <name>.text:GPIOPinTypeSSI</name>
         <load_address>0x6420</load_address>
         <run_address>0x6420</run_address>
         <size>0x12</size>
         <input_file_ref idref="fl-e6"/>
      </object_component>
      <object_component id="oc-1a1">
         <name>.text:GrStringDraw</name>
         <load_address>0x6432</load_address>
         <run_address>0x6432</run_address>
         <size>0x12</size>
         <input_file_ref idref="fl-ed"/>
      </object_component>
      <object_component id="oc-331">
         <name>.text:TimerLoadSet</name>
         <load_address>0x6444</load_address>
         <run_address>0x6444</run_address>
         <size>0x12</size>
         <input_file_ref idref="fl-e1"/>
      </object_component>
      <object_component id="oc-313">
         <name>.text:ADCIntEnable</name>
         <load_address>0x6456</load_address>
         <run_address>0x6456</run_address>
         <size>0x10</size>
         <input_file_ref idref="fl-e9"/>
      </object_component>
      <object_component id="oc-165">
         <name>.text:FPUEnable</name>
         <load_address>0x6468</load_address>
         <run_address>0x6468</run_address>
         <size>0x10</size>
         <input_file_ref idref="fl-e7"/>
      </object_component>
      <object_component id="oc-16b">
         <name>.text:FPULazyStackingEnable</name>
         <load_address>0x6478</load_address>
         <run_address>0x6478</run_address>
         <size>0x10</size>
         <input_file_ref idref="fl-e7"/>
      </object_component>
      <object_component id="oc-171">
         <name>.text:MPUEnable</name>
         <load_address>0x6488</load_address>
         <run_address>0x6488</run_address>
         <size>0x10</size>
         <input_file_ref idref="fl-e4"/>
      </object_component>
      <object_component id="oc-1b4">
         <name>.text:uDMAEnable</name>
         <load_address>0x6498</load_address>
         <run_address>0x6498</run_address>
         <size>0x10</size>
         <input_file_ref idref="fl-df"/>
      </object_component>
      <object_component id="oc-30d">
         <name>.text:ADCSequenceEnable</name>
         <load_address>0x64a8</load_address>
         <run_address>0x64a8</run_address>
         <size>0xe</size>
         <input_file_ref idref="fl-e9"/>
      </object_component>
      <object_component id="oc-5ec">
         <name>.text:GrImageDraw</name>
         <load_address>0x64b6</load_address>
         <run_address>0x64b6</run_address>
         <size>0xe</size>
         <input_file_ref idref="fl-f1"/>
      </object_component>
      <object_component id="oc-33d">
         <name>.text:TimerEnable</name>
         <load_address>0x64c4</load_address>
         <run_address>0x64c4</run_address>
         <size>0xe</size>
         <input_file_ref idref="fl-e1"/>
      </object_component>
      <object_component id="oc-18">
         <name>.text:decompress:none</name>
         <load_address>0x64d2</load_address>
         <run_address>0x64d2</run_address>
         <size>0xe</size>
         <input_file_ref idref="fl-c8"/>
      </object_component>
      <object_component id="oc-be">
         <name>.text:SSIDataGet</name>
         <load_address>0x64e0</load_address>
         <run_address>0x64e0</run_address>
         <size>0xc</size>
         <input_file_ref idref="fl-e3"/>
      </object_component>
      <object_component id="oc-1e">
         <name>.text:decompress:ZI</name>
         <load_address>0x64ec</load_address>
         <run_address>0x64ec</run_address>
         <size>0xc</size>
         <input_file_ref idref="fl-c9"/>
      </object_component>
      <object_component id="oc-1ae">
         <name>.text:uDMAControlBaseSet</name>
         <load_address>0x64f8</load_address>
         <run_address>0x64f8</run_address>
         <size>0xc</size>
         <input_file_ref idref="fl-df"/>
      </object_component>
      <object_component id="oc-3c4">
         <name>.text:Kentec320x240x16_SSD2119Flush</name>
         <load_address>0x6504</load_address>
         <run_address>0x6504</run_address>
         <size>0xa</size>
         <input_file_ref idref="fl-2"/>
      </object_component>
      <object_component id="oc-386">
         <name>.text:SSIEnable</name>
         <load_address>0x650e</load_address>
         <run_address>0x650e</run_address>
         <size>0xa</size>
         <input_file_ref idref="fl-e3"/>
      </object_component>
      <object_component id="oc-b8">
         <name>.text:SSIIntStatus</name>
         <load_address>0x6518</load_address>
         <run_address>0x6518</run_address>
         <size>0xa</size>
         <input_file_ref idref="fl-e3"/>
      </object_component>
      <object_component id="oc-495">
         <name>.text:GrMapISO8859_1_Unicode</name>
         <load_address>0x6522</load_address>
         <run_address>0x6522</run_address>
         <size>0x8</size>
         <input_file_ref idref="fl-f4"/>
      </object_component>
      <object_component id="oc-1e4">
         <name>.text:SSIIntEnable</name>
         <load_address>0x652a</load_address>
         <run_address>0x652a</run_address>
         <size>0x8</size>
         <input_file_ref idref="fl-e3"/>
      </object_component>
      <object_component id="oc-31f">
         <name>.text:GPIOPinWrite</name>
         <load_address>0x6532</load_address>
         <run_address>0x6532</run_address>
         <size>0x6</size>
         <input_file_ref idref="fl-e6"/>
      </object_component>
      <object_component id="oc-18f">
         <name>.text:GrContextFontSet</name>
         <load_address>0x6538</load_address>
         <run_address>0x6538</run_address>
         <size>0x6</size>
         <input_file_ref idref="fl-ed"/>
      </object_component>
      <object_component id="oc-2b">
         <name>.text:ResetISR</name>
         <load_address>0x653e</load_address>
         <run_address>0x653e</run_address>
         <size>0x6</size>
         <input_file_ref idref="fl-5"/>
      </object_component>
      <object_component id="oc-1ad">
         <name>.text:SysCtlDelay</name>
         <load_address>0x6544</load_address>
         <run_address>0x6544</run_address>
         <size>0x6</size>
         <input_file_ref idref="fl-e2"/>
      </object_component>
      <object_component id="oc-35a">
         <name>.text:UARTClockSourceSet</name>
         <load_address>0x654a</load_address>
         <run_address>0x654a</run_address>
         <size>0x6</size>
         <input_file_ref idref="fl-e0"/>
      </object_component>
      <object_component id="oc-34b">
         <name>.text:WidgetMutexPut</name>
         <load_address>0x6550</load_address>
         <run_address>0x6550</run_address>
         <size>0x6</size>
         <input_file_ref idref="fl-ec"/>
      </object_component>
      <object_component id="oc-c4">
         <name>.text:SSIIntClear</name>
         <load_address>0x6556</load_address>
         <run_address>0x6556</run_address>
         <size>0x4</size>
         <input_file_ref idref="fl-e3"/>
      </object_component>
      <object_component id="oc-3d3">
         <name>.text:WidgetDefaultMsgProc</name>
         <load_address>0x655a</load_address>
         <run_address>0x655a</run_address>
         <size>0x4</size>
         <input_file_ref idref="fl-ec"/>
      </object_component>
      <object_component id="oc-81">
         <name>.text</name>
         <load_address>0x655e</load_address>
         <run_address>0x655e</run_address>
         <size>0x4</size>
         <input_file_ref idref="fl-d6"/>
      </object_component>
      <object_component id="oc-3cc">
         <name>.const:.string:g_pui8Cm20Data</name>
         <load_address>0x6564</load_address>
         <run_address>0x6564</run_address>
         <size>0x95e</size>
         <input_file_ref idref="fl-ea"/>
      </object_component>
      <object_component id="oc-5a5">
         <name>.const:.string:g_pui8Cm14Data</name>
         <load_address>0x6ec4</load_address>
         <run_address>0x6ec4</run_address>
         <size>0x65a</size>
         <input_file_ref idref="fl-eb"/>
      </object_component>
      <object_component id="oc-3e7">
         <name>.const:.string:g_pucBlue50x50</name>
         <load_address>0x751e</load_address>
         <run_address>0x751e</run_address>
         <size>0x210</size>
         <input_file_ref idref="fl-4"/>
      </object_component>
      <object_component id="oc-3ea">
         <name>.const:.string:g_pucBlue50x50Press</name>
         <load_address>0x772e</load_address>
         <run_address>0x772e</run_address>
         <size>0x20e</size>
         <input_file_ref idref="fl-4"/>
      </object_component>
      <object_component id="oc-3e6">
         <name>.const:.string</name>
         <load_address>0x793c</load_address>
         <run_address>0x793c</run_address>
         <size>0xfa</size>
         <input_file_ref idref="fl-3"/>
      </object_component>
      <object_component id="oc-43c">
         <name>.const:g_sFontCm14</name>
         <load_address>0x7a38</load_address>
         <run_address>0x7a38</run_address>
         <size>0xc8</size>
         <input_file_ref idref="fl-eb"/>
      </object_component>
      <object_component id="oc-1f9">
         <name>.const:g_sFontCm20</name>
         <load_address>0x7b00</load_address>
         <run_address>0x7b00</run_address>
         <size>0xc8</size>
         <input_file_ref idref="fl-ea"/>
      </object_component>
      <object_component id="oc-519">
         <name>.const:g_pui32GPIOBaseAddrs</name>
         <load_address>0x7bc8</load_address>
         <run_address>0x7bc8</run_address>
         <size>0x78</size>
         <input_file_ref idref="fl-e6"/>
      </object_component>
      <object_component id="oc-38e">
         <name>.const</name>
         <load_address>0x7c40</load_address>
         <run_address>0x7c40</run_address>
         <size>0x70</size>
         <input_file_ref idref="fl-e5"/>
      </object_component>
      <object_component id="oc-4e1">
         <name>.const:g_pui32Xtals</name>
         <load_address>0x7cb0</load_address>
         <run_address>0x7cb0</run_address>
         <size>0x6c</size>
         <input_file_ref idref="fl-e2"/>
      </object_component>
      <object_component id="oc-343">
         <name>.const:g_lTouchParameters</name>
         <load_address>0x7d1c</load_address>
         <run_address>0x7d1c</run_address>
         <size>0x38</size>
         <input_file_ref idref="fl-6"/>
      </object_component>
      <object_component id="oc-1f6">
         <name>.const:g_sKentec320x240x16_SSD2119</name>
         <load_address>0x7d54</load_address>
         <run_address>0x7d54</run_address>
         <size>0x28</size>
         <input_file_ref idref="fl-2"/>
      </object_component>
      <object_component id="oc-5e0">
         <name>.const:.string</name>
         <load_address>0x7d7c</load_address>
         <run_address>0x7d7c</run_address>
         <size>0x12</size>
         <input_file_ref idref="fl-9"/>
      </object_component>
      <object_component id="oc-614">
         <name>.const:.string</name>
         <load_address>0x7d90</load_address>
         <run_address>0x7d90</run_address>
         <size>0x12</size>
         <input_file_ref idref="fl-7"/>
      </object_component>
      <object_component id="oc-2be">
         <name>.const</name>
         <load_address>0x7da4</load_address>
         <run_address>0x7da4</run_address>
         <size>0x10</size>
         <input_file_ref idref="fl-f2"/>
      </object_component>
      <object_component id="oc-504">
         <name>.const:g_ui32UARTBase</name>
         <load_address>0x7db4</load_address>
         <run_address>0x7db4</run_address>
         <size>0xc</size>
         <input_file_ref idref="fl-9"/>
      </object_component>
      <object_component id="oc-4fb">
         <name>.const:g_ui32UARTPeriph</name>
         <load_address>0x7dc0</load_address>
         <run_address>0x7dc0</run_address>
         <size>0xc</size>
         <input_file_ref idref="fl-9"/>
      </object_component>
      <object_component id="oc-513">
         <name>.const</name>
         <load_address>0x7dcc</load_address>
         <run_address>0x7dcc</run_address>
         <size>0x4</size>
         <input_file_ref idref="fl-9"/>
      </object_component>
      <object_component id="oc-59a">
         <name>.const</name>
         <load_address>0x7dd0</load_address>
         <run_address>0x7dd0</run_address>
         <size>0x4</size>
         <input_file_ref idref="fl-7"/>
      </object_component>
      <object_component id="oc-659">
         <name>.cinit..data.load</name>
         <load_address>0x7dd8</load_address>
         <run_address>0x7dd8</run_address>
         <size>0x208</size>
      </object_component>
      <object_component id="oc-657">
         <name>__TI_handler_table</name>
         <load_address>0x7fe0</load_address>
         <run_address>0x7fe0</run_address>
         <size>0xc</size>
      </object_component>
      <object_component id="oc-65a">
         <name>.cinit..bss.load</name>
         <load_address>0x7ff0</load_address>
         <run_address>0x7ff0</run_address>
         <size>0x8</size>
      </object_component>
      <object_component id="oc-658">
         <name>__TI_cinit_table</name>
         <load_address>0x7ff8</load_address>
         <run_address>0x7ff8</run_address>
         <size>0x10</size>
      </object_component>
      <object_component id="oc-2b4">
         <name>.data</name>
         <load_address>0x20000b10</load_address>
         <run_address>0x20000b10</run_address>
         <size>0x8</size>
         <input_file_ref idref="fl-2"/>
      </object_component>
      <object_component id="oc-a1">
         <name>.data</name>
         <load_address>0x200008a0</load_address>
         <run_address>0x200008a0</run_address>
         <size>0x48</size>
         <input_file_ref idref="fl-3"/>
      </object_component>
      <object_component id="oc-273">
         <name>.data:iAGC_Curve</name>
         <load_address>0x20000500</load_address>
         <run_address>0x20000500</run_address>
         <size>0x140</size>
         <input_file_ref idref="fl-3"/>
      </object_component>
      <object_component id="oc-27b">
         <name>.data:iCRC_Curve</name>
         <load_address>0x20000640</load_address>
         <run_address>0x20000640</run_address>
         <size>0x140</size>
         <input_file_ref idref="fl-3"/>
      </object_component>
      <object_component id="oc-24f">
         <name>.data:g_psPushButtons2</name>
         <load_address>0x20000280</load_address>
         <run_address>0x20000280</run_address>
         <size>0x280</size>
         <input_file_ref idref="fl-3"/>
      </object_component>
      <object_component id="oc-405">
         <name>.data:g_psButtonCanvas</name>
         <load_address>0x20000780</load_address>
         <run_address>0x20000780</run_address>
         <size>0x80</size>
         <input_file_ref idref="fl-3"/>
      </object_component>
      <object_component id="oc-408">
         <name>.data:g_sLED_Display</name>
         <load_address>0x200008e8</load_address>
         <run_address>0x200008e8</run_address>
         <size>0x40</size>
         <input_file_ref idref="fl-3"/>
      </object_component>
      <object_component id="oc-40b">
         <name>.data:g_sStatusData</name>
         <load_address>0x20000a28</load_address>
         <run_address>0x20000a28</run_address>
         <size>0x40</size>
         <input_file_ref idref="fl-3"/>
      </object_component>
      <object_component id="oc-40e">
         <name>.data:g_sRxStatus</name>
         <load_address>0x200009a8</load_address>
         <run_address>0x200009a8</run_address>
         <size>0x40</size>
         <input_file_ref idref="fl-3"/>
      </object_component>
      <object_component id="oc-411">
         <name>.data:g_sPLLStatus</name>
         <load_address>0x20000928</load_address>
         <run_address>0x20000928</run_address>
         <size>0x40</size>
         <input_file_ref idref="fl-3"/>
      </object_component>
      <object_component id="oc-414">
         <name>.data:g_sSYNCStatus</name>
         <load_address>0x200009e8</load_address>
         <run_address>0x200009e8</run_address>
         <size>0x40</size>
         <input_file_ref idref="fl-3"/>
      </object_component>
      <object_component id="oc-417">
         <name>.data:g_sRXMSGStatus</name>
         <load_address>0x20000968</load_address>
         <run_address>0x20000968</run_address>
         <size>0x40</size>
         <input_file_ref idref="fl-3"/>
      </object_component>
      <object_component id="oc-210">
         <name>.data:g_psPanels</name>
         <load_address>0x20000000</load_address>
         <run_address>0x20000000</run_address>
         <size>0x280</size>
         <input_file_ref idref="fl-3"/>
      </object_component>
      <object_component id="oc-213">
         <name>.data:g_pcPanelNames</name>
         <load_address>0x20000ad8</load_address>
         <run_address>0x20000ad8</run_address>
         <size>0x24</size>
         <input_file_ref idref="fl-3"/>
      </object_component>
      <object_component id="oc-206">
         <name>.data:g_sPrevious</name>
         <load_address>0x20000850</load_address>
         <run_address>0x20000850</run_address>
         <size>0x50</size>
         <input_file_ref idref="fl-3"/>
      </object_component>
      <object_component id="oc-209">
         <name>.data:g_sTitle</name>
         <load_address>0x20000a68</load_address>
         <run_address>0x20000a68</run_address>
         <size>0x40</size>
         <input_file_ref idref="fl-3"/>
      </object_component>
      <object_component id="oc-20c">
         <name>.data:g_sNext</name>
         <load_address>0x20000800</load_address>
         <run_address>0x20000800</run_address>
         <size>0x50</size>
         <input_file_ref idref="fl-3"/>
      </object_component>
      <object_component id="oc-111">
         <name>.data</name>
         <load_address>0x20000b24</load_address>
         <run_address>0x20000b24</run_address>
         <size>0x4</size>
         <input_file_ref idref="fl-6"/>
      </object_component>
      <object_component id="oc-4fe">
         <name>.data</name>
         <load_address>0x20000b18</load_address>
         <run_address>0x20000b18</run_address>
         <size>0x5</size>
         <input_file_ref idref="fl-9"/>
      </object_component>
      <object_component id="oc-fe">
         <name>.data:$O1$$</name>
         <load_address>0x20000afc</load_address>
         <run_address>0x20000afc</run_address>
         <size>0xc</size>
         <input_file_ref idref="fl-ca"/>
      </object_component>
      <object_component id="oc-99">
         <name>.data</name>
         <load_address>0x20000b20</load_address>
         <run_address>0x20000b20</run_address>
         <size>0x4</size>
         <input_file_ref idref="fl-d7"/>
      </object_component>
      <object_component id="oc-101">
         <name>.data:$O1$$</name>
         <load_address>0x20000b08</load_address>
         <run_address>0x20000b08</run_address>
         <size>0x8</size>
         <input_file_ref idref="fl-d9"/>
      </object_component>
      <object_component id="oc-203">
         <name>.data</name>
         <load_address>0x20000aa8</load_address>
         <run_address>0x20000aa8</run_address>
         <size>0x2d</size>
         <input_file_ref idref="fl-ec"/>
      </object_component>
      <object_component id="oc-233">
         <name>.bss:val_AGC_Str</name>
         <uninitialized>true</uninitialized>
         <run_address>0x2000139c</run_address>
         <size>0x14</size>
         <input_file_ref idref="fl-3"/>
      </object_component>
      <object_component id="oc-236">
         <name>.bss:val_LOCK_Str</name>
         <uninitialized>true</uninitialized>
         <run_address>0x20001414</run_address>
         <size>0x14</size>
         <input_file_ref idref="fl-3"/>
      </object_component>
      <object_component id="oc-239">
         <name>.bss:val_HOLD_Str</name>
         <uninitialized>true</uninitialized>
         <run_address>0x20001400</run_address>
         <size>0x14</size>
         <input_file_ref idref="fl-3"/>
      </object_component>
      <object_component id="oc-23d">
         <name>.bss:val_EVM_Str</name>
         <uninitialized>true</uninitialized>
         <run_address>0x200013d8</run_address>
         <size>0x14</size>
         <input_file_ref idref="fl-3"/>
      </object_component>
      <object_component id="oc-240">
         <name>.bss:val_FRAME_Str</name>
         <uninitialized>true</uninitialized>
         <run_address>0x200013ec</run_address>
         <size>0x14</size>
         <input_file_ref idref="fl-3"/>
      </object_component>
      <object_component id="oc-243">
         <name>.bss:val_CRC_Str</name>
         <uninitialized>true</uninitialized>
         <run_address>0x200013c4</run_address>
         <size>0x14</size>
         <input_file_ref idref="fl-3"/>
      </object_component>
      <object_component id="oc-246">
         <name>.bss:val_BER_Str</name>
         <uninitialized>true</uninitialized>
         <run_address>0x200013b0</run_address>
         <size>0x14</size>
         <input_file_ref idref="fl-3"/>
      </object_component>
      <object_component id="oc-249">
         <name>.bss:val8_string</name>
         <uninitialized>true</uninitialized>
         <run_address>0x20001374</run_address>
         <size>0x14</size>
         <input_file_ref idref="fl-3"/>
      </object_component>
      <object_component id="oc-24c">
         <name>.bss:val9_string</name>
         <uninitialized>true</uninitialized>
         <run_address>0x20001388</run_address>
         <size>0x14</size>
         <input_file_ref idref="fl-3"/>
      </object_component>
      <object_component id="oc-270">
         <name>.bss:val10_string</name>
         <uninitialized>true</uninitialized>
         <run_address>0x20001360</run_address>
         <size>0x14</size>
         <input_file_ref idref="fl-3"/>
      </object_component>
      <object_component id="oc-b0">
         <name>.bss</name>
         <uninitialized>true</uninitialized>
         <run_address>0x20001444</run_address>
         <size>0x8</size>
         <input_file_ref idref="fl-6"/>
      </object_component>
      <object_component id="oc-114">
         <name>.bss:g_psSamples</name>
         <uninitialized>true</uninitialized>
         <run_address>0x20001428</run_address>
         <size>0x10</size>
         <input_file_ref idref="fl-6"/>
      </object_component>
      <object_component id="oc-351">
         <name>.bss:g_psMQ</name>
         <uninitialized>true</uninitialized>
         <run_address>0x20001200</run_address>
         <size>0x140</size>
         <input_file_ref idref="fl-ec"/>
      </object_component>
      <object_component id="oc-62f">
         <name>.bss</name>
         <uninitialized>true</uninitialized>
         <run_address>0x20001340</run_address>
         <size>0x20</size>
         <input_file_ref idref="fl-f1"/>
      </object_component>
      <object_component id="oc-2c1">
         <name>.bss</name>
         <uninitialized>true</uninitialized>
         <run_address>0x2000144c</run_address>
         <size>0x4</size>
         <input_file_ref idref="fl-f2"/>
      </object_component>
      <object_component id="oc-23c">
         <name>.common:my_noise</name>
         <uninitialized>true</uninitialized>
         <run_address>0x20001464</run_address>
         <size>0x4</size>
      </object_component>
      <object_component id="oc-ca">
         <name>.common:g_ulDataRx2</name>
         <uninitialized>true</uninitialized>
         <run_address>0x20001000</run_address>
         <size>0x200</size>
      </object_component>
      <object_component id="oc-1fc">
         <name>.common:sDMAControlTable</name>
         <uninitialized>true</uninitialized>
         <run_address>0x20000c00</run_address>
         <size>0x400</size>
      </object_component>
      <object_component id="oc-216">
         <name>.common:g_pui32Colors</name>
         <uninitialized>true</uninitialized>
         <run_address>0x20001438</run_address>
         <size>0xc</size>
      </object_component>
      <object_component id="oc-252">
         <name>.common:g_ulButtonState</name>
         <uninitialized>true</uninitialized>
         <run_address>0x20001454</run_address>
         <size>0x4</size>
      </object_component>
      <object_component id="oc-5af">
         <name>.common:g_ulButtonState2</name>
         <uninitialized>true</uninitialized>
         <run_address>0x20001458</run_address>
         <size>0x4</size>
      </object_component>
      <object_component id="oc-20f">
         <name>.common:g_ulPanel</name>
         <uninitialized>true</uninitialized>
         <run_address>0x2000145c</run_address>
         <size>0x4</size>
      </object_component>
      <object_component id="oc-551">
         <name>.common:g_ulPreviousPanel</name>
         <uninitialized>true</uninitialized>
         <run_address>0x20001460</run_address>
         <size>0x4</size>
      </object_component>
      <object_component id="oc-110">
         <name>.common:g_plParmSet</name>
         <uninitialized>true</uninitialized>
         <run_address>0x20001450</run_address>
         <size>0x4</size>
      </object_component>
      <object_component id="oc-b3">
         <name>.common:g_sTouchX</name>
         <uninitialized>true</uninitialized>
         <run_address>0x20001468</run_address>
         <size>0x2</size>
      </object_component>
      <object_component id="oc-b6">
         <name>.common:g_sTouchY</name>
         <uninitialized>true</uninitialized>
         <run_address>0x2000146a</run_address>
         <size>0x2</size>
      </object_component>
      <object_component id="oc-2a">
         <name>.stack</name>
         <uninitialized>true</uninitialized>
         <run_address>0x2000146c</run_address>
         <size>0x0</size>
         <input_file_ref idref="fl-c6"/>
      </object_component>
      <object_component id="oc-65b">
         <name>.stack</name>
         <uninitialized>true</uninitialized>
         <run_address>0x2000146c</run_address>
         <size>0x0</size>
      </object_component>
      <object_component id="oc-298">
         <name>.debug_info</name>
         <load_address>0x0</load_address>
         <run_address>0x0</run_address>
         <size>0x3a4</size>
         <input_file_ref idref="fl-2"/>
      </object_component>
      <object_component id="oc-2b5">
         <name>.debug_info</name>
         <load_address>0x3a4</load_address>
         <run_address>0x3a4</run_address>
         <size>0x10d</size>
         <input_file_ref idref="fl-2"/>
      </object_component>
      <object_component id="oc-1f7">
         <name>.debug_info</name>
         <load_address>0x4b1</load_address>
         <run_address>0x4b1</run_address>
         <size>0x107</size>
         <input_file_ref idref="fl-2"/>
      </object_component>
      <object_component id="oc-47c">
         <name>.debug_info</name>
         <load_address>0x5b8</load_address>
         <run_address>0x5b8</run_address>
         <size>0x173</size>
         <input_file_ref idref="fl-2"/>
      </object_component>
      <object_component id="oc-482">
         <name>.debug_info</name>
         <load_address>0x72b</load_address>
         <run_address>0x72b</run_address>
         <size>0x179</size>
         <input_file_ref idref="fl-2"/>
      </object_component>
      <object_component id="oc-2af">
         <name>.debug_info</name>
         <load_address>0x8a4</load_address>
         <run_address>0x8a4</run_address>
         <size>0x2cb</size>
         <input_file_ref idref="fl-2"/>
      </object_component>
      <object_component id="oc-178">
         <name>.debug_info</name>
         <load_address>0xb6f</load_address>
         <run_address>0xb6f</run_address>
         <size>0x376</size>
         <input_file_ref idref="fl-2"/>
      </object_component>
      <object_component id="oc-3a1">
         <name>.debug_info</name>
         <load_address>0xee5</load_address>
         <run_address>0xee5</run_address>
         <size>0x246</size>
         <input_file_ref idref="fl-2"/>
      </object_component>
      <object_component id="oc-3a7">
         <name>.debug_info</name>
         <load_address>0x112b</load_address>
         <run_address>0x112b</run_address>
         <size>0x308</size>
         <input_file_ref idref="fl-2"/>
      </object_component>
      <object_component id="oc-3ad">
         <name>.debug_info</name>
         <load_address>0x1433</load_address>
         <run_address>0x1433</run_address>
         <size>0x260</size>
         <input_file_ref idref="fl-2"/>
      </object_component>
      <object_component id="oc-3b3">
         <name>.debug_info</name>
         <load_address>0x1693</load_address>
         <run_address>0x1693</run_address>
         <size>0x260</size>
         <input_file_ref idref="fl-2"/>
      </object_component>
      <object_component id="oc-3b9">
         <name>.debug_info</name>
         <load_address>0x18f3</load_address>
         <run_address>0x18f3</run_address>
         <size>0x2ad</size>
         <input_file_ref idref="fl-2"/>
      </object_component>
      <object_component id="oc-3bf">
         <name>.debug_info</name>
         <load_address>0x1ba0</load_address>
         <run_address>0x1ba0</run_address>
         <size>0x1f4</size>
         <input_file_ref idref="fl-2"/>
      </object_component>
      <object_component id="oc-3c5">
         <name>.debug_info</name>
         <load_address>0x1d94</load_address>
         <run_address>0x1d94</run_address>
         <size>0x1af</size>
         <input_file_ref idref="fl-2"/>
      </object_component>
      <object_component id="oc-11c">
         <name>.debug_info</name>
         <load_address>0x1f43</load_address>
         <run_address>0x1f43</run_address>
         <size>0x6bd</size>
         <input_file_ref idref="fl-2"/>
      </object_component>
      <object_component id="oc-10b">
         <name>.debug_info</name>
         <load_address>0x2600</load_address>
         <run_address>0x2600</run_address>
         <size>0x8b</size>
         <input_file_ref idref="fl-2"/>
      </object_component>
      <object_component id="oc-489">
         <name>.debug_info</name>
         <load_address>0x268b</load_address>
         <run_address>0x268b</run_address>
         <size>0x39</size>
         <input_file_ref idref="fl-2"/>
      </object_component>
      <object_component id="oc-a5">
         <name>.debug_info</name>
         <load_address>0x26c4</load_address>
         <run_address>0x26c4</run_address>
         <size>0x18b</size>
         <input_file_ref idref="fl-2"/>
      </object_component>
      <object_component id="oc-cb">
         <name>.debug_info</name>
         <load_address>0x284f</load_address>
         <run_address>0x284f</run_address>
         <size>0xfd0</size>
         <input_file_ref idref="fl-3"/>
      </object_component>
      <object_component id="oc-a2">
         <name>.debug_info</name>
         <load_address>0x381f</load_address>
         <run_address>0x381f</run_address>
         <size>0x2fe</size>
         <input_file_ref idref="fl-3"/>
      </object_component>
      <object_component id="oc-274">
         <name>.debug_info</name>
         <load_address>0x3b1d</load_address>
         <run_address>0x3b1d</run_address>
         <size>0xd8</size>
         <input_file_ref idref="fl-3"/>
      </object_component>
      <object_component id="oc-27c">
         <name>.debug_info</name>
         <load_address>0x3bf5</load_address>
         <run_address>0x3bf5</run_address>
         <size>0xd8</size>
         <input_file_ref idref="fl-3"/>
      </object_component>
      <object_component id="oc-234">
         <name>.debug_info</name>
         <load_address>0x3ccd</load_address>
         <run_address>0x3ccd</run_address>
         <size>0xd9</size>
         <input_file_ref idref="fl-3"/>
      </object_component>
      <object_component id="oc-237">
         <name>.debug_info</name>
         <load_address>0x3da6</load_address>
         <run_address>0x3da6</run_address>
         <size>0xdb</size>
         <input_file_ref idref="fl-3"/>
      </object_component>
      <object_component id="oc-23a">
         <name>.debug_info</name>
         <load_address>0x3e81</load_address>
         <run_address>0x3e81</run_address>
         <size>0xdb</size>
         <input_file_ref idref="fl-3"/>
      </object_component>
      <object_component id="oc-23e">
         <name>.debug_info</name>
         <load_address>0x3f5c</load_address>
         <run_address>0x3f5c</run_address>
         <size>0xd9</size>
         <input_file_ref idref="fl-3"/>
      </object_component>
      <object_component id="oc-241">
         <name>.debug_info</name>
         <load_address>0x4035</load_address>
         <run_address>0x4035</run_address>
         <size>0xdd</size>
         <input_file_ref idref="fl-3"/>
      </object_component>
      <object_component id="oc-244">
         <name>.debug_info</name>
         <load_address>0x4112</load_address>
         <run_address>0x4112</run_address>
         <size>0xd9</size>
         <input_file_ref idref="fl-3"/>
      </object_component>
      <object_component id="oc-247">
         <name>.debug_info</name>
         <load_address>0x41eb</load_address>
         <run_address>0x41eb</run_address>
         <size>0xd9</size>
         <input_file_ref idref="fl-3"/>
      </object_component>
      <object_component id="oc-24a">
         <name>.debug_info</name>
         <load_address>0x42c4</load_address>
         <run_address>0x42c4</run_address>
         <size>0xd9</size>
         <input_file_ref idref="fl-3"/>
      </object_component>
      <object_component id="oc-24d">
         <name>.debug_info</name>
         <load_address>0x439d</load_address>
         <run_address>0x439d</run_address>
         <size>0xd9</size>
         <input_file_ref idref="fl-3"/>
      </object_component>
      <object_component id="oc-271">
         <name>.debug_info</name>
         <load_address>0x4476</load_address>
         <run_address>0x4476</run_address>
         <size>0xdb</size>
         <input_file_ref idref="fl-3"/>
      </object_component>
      <object_component id="oc-250">
         <name>.debug_info</name>
         <load_address>0x4551</load_address>
         <run_address>0x4551</run_address>
         <size>0xe5</size>
         <input_file_ref idref="fl-3"/>
      </object_component>
      <object_component id="oc-406">
         <name>.debug_info</name>
         <load_address>0x4636</load_address>
         <run_address>0x4636</run_address>
         <size>0xe5</size>
         <input_file_ref idref="fl-3"/>
      </object_component>
      <object_component id="oc-409">
         <name>.debug_info</name>
         <load_address>0x471b</load_address>
         <run_address>0x471b</run_address>
         <size>0xe1</size>
         <input_file_ref idref="fl-3"/>
      </object_component>
      <object_component id="oc-40c">
         <name>.debug_info</name>
         <load_address>0x47fc</load_address>
         <run_address>0x47fc</run_address>
         <size>0xdf</size>
         <input_file_ref idref="fl-3"/>
      </object_component>
      <object_component id="oc-40f">
         <name>.debug_info</name>
         <load_address>0x48db</load_address>
         <run_address>0x48db</run_address>
         <size>0xdb</size>
         <input_file_ref idref="fl-3"/>
      </object_component>
      <object_component id="oc-412">
         <name>.debug_info</name>
         <load_address>0x49b6</load_address>
         <run_address>0x49b6</run_address>
         <size>0xdd</size>
         <input_file_ref idref="fl-3"/>
      </object_component>
      <object_component id="oc-415">
         <name>.debug_info</name>
         <load_address>0x4a93</load_address>
         <run_address>0x4a93</run_address>
         <size>0xdf</size>
         <input_file_ref idref="fl-3"/>
      </object_component>
      <object_component id="oc-418">
         <name>.debug_info</name>
[...]
      </symbol>
      <symbol id="sm-4e4">
         <name>g_lTouchParameters</name>
         <value>0x7d1c</value>
         <object_component_ref idref="oc-343"/>
      </symbol>
      <symbol id="sm-4e5">
         <name>TouchScreenIntHandler</name>
         <value>0x3a01</value>
         <object_component_ref idref="oc-49"/>
      </symbol>
      <symbol id="sm-546">
         <name>uvsnprintf</name>
         <value>0x1621</value>
         <object_component_ref idref="oc-420"/>
      </symbol>
      <symbol id="sm-547">
         <name>ustrncpy</name>
         <value>0x5b15</value>
         <object_component_ref idref="oc-594"/>
      </symbol>
      <symbol id="sm-548">
         <name>usprintf</name>
         <value>0x60e1</value>
         <object_component_ref idref="oc-223"/>
      </symbol>
      <symbol id="sm-5cb">
         <name>UARTStdioConfig</name>
         <value>0x535d</value>
         <object_component_ref idref="oc-360"/>
      </symbol>
      <symbol id="sm-5cc">
         <name>UARTwrite</name>
         <value>0x5ab9</value>
         <object_component_ref idref="oc-508"/>
      </symbol>
      <symbol id="sm-5cd">
         <name>UARTprintf</name>
         <value>0x62b7</value>
         <object_component_ref idref="oc-1d8"/>
      </symbol>
      <symbol id="sm-5ce">
         <name>UARTvprintf</name>
         <value>0x2125</value>
         <object_component_ref idref="oc-367"/>
      </symbol>
      <symbol id="sm-5df">
         <name>_c_int00</name>
         <value>0x5bc5</value>
         <object_component_ref idref="oc-24"/>
      </symbol>
      <symbol id="sm-5e0">
         <name>__stack</name>
         <value>0x2000146c</value>
         <object_component_ref idref="oc-2a"/>
      </symbol>
      <symbol id="sm-5fe">
         <name>__TI_decompress_lzss</name>
         <value>0x56db</value>
         <object_component_ref idref="oc-12"/>
      </symbol>
      <symbol id="sm-615">
         <name>__TI_decompress_none</name>
         <value>0x64d3</value>
         <object_component_ref idref="oc-18"/>
      </symbol>
      <symbol id="sm-62c">
         <name>__TI_zero_init</name>
         <value>0x64ed</value>
         <object_component_ref idref="oc-1e"/>
      </symbol>
      <symbol id="sm-64d">
         <name>C$$EXIT</name>
         <value>0x5c19</value>
         <object_component_ref idref="oc-93"/>
      </symbol>
      <symbol id="sm-64e">
         <name>abort</name>
         <value>0x5c1d</value>
         <object_component_ref idref="oc-93"/>
      </symbol>
      <symbol id="sm-64f">
         <name>exit</name>
         <value>0x5c25</value>
         <object_component_ref idref="oc-93"/>
      </symbol>
      <symbol id="sm-650">
         <name>__TI_dtors_ptr</name>
         <value>0x20000b00</value>
         <object_component_ref idref="oc-fe"/>
      </symbol>
      <symbol id="sm-651">
         <name>__TI_cleanup_ptr</name>
         <value>0x20000afc</value>
         <object_component_ref idref="oc-fe"/>
      </symbol>
      <symbol id="sm-652">
         <name>__TI_enable_exit_profile_output</name>
         <value>0x20000b04</value>
         <object_component_ref idref="oc-fe"/>
      </symbol>
      <symbol id="sm-669">
         <name>__aeabi_dsub</name>
         <value>0x3289</value>
         <object_component_ref idref="oc-22e"/>
      </symbol>
      <symbol id="sm-66a">
         <name>__aeabi_dadd</name>
         <value>0x3293</value>
         <object_component_ref idref="oc-22e"/>
      </symbol>
      <symbol id="sm-67e">
         <name>__aeabi_ddiv</name>
         <value>0x3f15</value>
         <object_component_ref idref="oc-15b"/>
      </symbol>
      <symbol id="sm-689">
         <name>__aeabi_dmul</name>
         <value>0x46b5</value>
         <object_component_ref idref="oc-276"/>
      </symbol>
      <symbol id="sm-695">
         <name>__aeabi_d2f</name>
         <value>0x5595</value>
         <object_component_ref idref="oc-160"/>
      </symbol>
      <symbol id="sm-69f">
         <name>__aeabi_d2uiz</name>
         <value>0x5ec5</value>
         <object_component_ref idref="oc-265"/>
      </symbol>
      <symbol id="sm-6aa">
         <name>__aeabi_f2d</name>
         <value>0x6007</value>
         <object_component_ref idref="oc-229"/>
      </symbol>
      <symbol id="sm-6b5">
         <name>__aeabi_i2d</name>
         <value>0x6113</value>
         <object_component_ref idref="oc-156"/>
      </symbol>
      <symbol id="sm-6d0">
         <name>memcpy</name>
         <value>0x4e29</value>
         <object_component_ref idref="oc-63"/>
      </symbol>
      <symbol id="sm-6d1">
         <name>__aeabi_memcpy</name>
         <value>0x4e29</value>
         <object_component_ref idref="oc-63"/>
      </symbol>
      <symbol id="sm-6d2">
         <name>__aeabi_memcpy8</name>
         <value>0x4e29</value>
         <object_component_ref idref="oc-63"/>
      </symbol>
      <symbol id="sm-6d3">
         <name>__aeabi_memcpy4</name>
         <value>0x4e29</value>
         <object_component_ref idref="oc-63"/>
      </symbol>
      <symbol id="sm-6e2">
         <name>__aeabi_memset</name>
         <value>0x5183</value>
         <object_component_ref idref="oc-6f"/>
      </symbol>
      <symbol id="sm-6e3">
         <name>memset</name>
         <value>0x5189</value>
         <object_component_ref idref="oc-6f"/>
      </symbol>
      <symbol id="sm-6e4">
         <name>__aeabi_memset8</name>
         <value>0x5183</value>
         <object_component_ref idref="oc-6f"/>
      </symbol>
      <symbol id="sm-6e5">
         <name>__aeabi_memset4</name>
         <value>0x5183</value>
         <object_component_ref idref="oc-6f"/>
      </symbol>
      <symbol id="sm-6e6">
         <name>__aeabi_memclr8</name>
         <value>0x5181</value>
         <object_component_ref idref="oc-6f"/>
      </symbol>
      <symbol id="sm-6e7">
         <name>__aeabi_memclr4</name>
         <value>0x5181</value>
         <object_component_ref idref="oc-6f"/>
      </symbol>
      <symbol id="sm-6e8">
         <name>__aeabi_memclr</name>
         <value>0x5181</value>
         <object_component_ref idref="oc-6f"/>
      </symbol>
      <symbol id="sm-6f2">
         <name>__mpu_init</name>
         <value>0x51fb</value>
         <object_component_ref idref="oc-7b"/>
      </symbol>
      <symbol id="sm-6fc">
         <name>_system_pre_init</name>
         <value>0x655f</value>
         <object_component_ref idref="oc-81"/>
      </symbol>
      <symbol id="sm-704">
         <name>main_func_sp</name>
         <value>0x20000b20</value>
         <object_component_ref idref="oc-99"/>
      </symbol>
      <symbol id="sm-713">
         <name>__aeabi_uidivmod</name>
         <value>0x5f8d</value>
         <object_component_ref idref="oc-50e"/>
      </symbol>
      <symbol id="sm-714">
         <name>__aeabi_uidiv</name>
         <value>0x5f8d</value>
         <object_component_ref idref="oc-50e"/>
      </symbol>
      <symbol id="sm-72d">
         <name>_nop</name>
         <value>0x63f7</value>
         <object_component_ref idref="oc-288"/>
      </symbol>
      <symbol id="sm-72e">
         <name>_lock</name>
         <value>0x20000b08</value>
         <object_component_ref idref="oc-101"/>
      </symbol>
      <symbol id="sm-72f">
         <name>_unlock</name>
         <value>0x20000b0c</value>
         <object_component_ref idref="oc-101"/>
      </symbol>
      <symbol id="sm-730">
         <name>_register_lock</name>
         <value>0x63ef</value>
         <object_component_ref idref="oc-288"/>
      </symbol>
      <symbol id="sm-731">
         <name>_register_unlock</name>
         <value>0x63e9</value>
         <object_component_ref idref="oc-288"/>
      </symbol>
      <symbol id="sm-745">
         <name>_args_main</name>
         <value>0x6395</value>
         <object_component_ref idref="oc-8d"/>
      </symbol>
      <symbol id="sm-76f">
         <name>__TI_auto_init</name>
         <value>0x5525</value>
         <object_component_ref idref="oc-87"/>
      </symbol>
      <symbol id="sm-789">
         <name>copy_in</name>
         <value>0x5d59</value>
         <object_component_ref idref="oc-e8"/>
      </symbol>
      <symbol id="sm-793">
         <name>__aeabi_idiv0</name>
         <value>0x5103</value>
         <object_component_ref idref="oc-5d9"/>
      </symbol>
      <symbol id="sm-79d">
         <name>_system_post_cinit</name>
         <value>0x5603</value>
         <object_component_ref idref="oc-ee"/>
      </symbol>
      <symbol id="sm-7c5">
         <name>uDMAEnable</name>
         <value>0x6499</value>
         <object_component_ref idref="oc-1b4"/>
      </symbol>
      <symbol id="sm-7c6">
         <name>uDMAControlBaseSet</name>
         <value>0x64f9</value>
         <object_component_ref idref="oc-1ae"/>
      </symbol>
      <symbol id="sm-7d3">
         <name>UARTClockSourceSet</name>
         <value>0x654b</value>
         <object_component_ref idref="oc-35a"/>
      </symbol>
      <symbol id="sm-7fa">
         <name>TimerLoadSet</name>
         <value>0x6445</value>
         <object_component_ref idref="oc-331"/>
      </symbol>
      <symbol id="sm-7fb">
         <name>TimerEnable</name>
         <value>0x64c5</value>
         <object_component_ref idref="oc-33d"/>
      </symbol>
      <symbol id="sm-7fc">
         <name>TimerControlTrigger</name>
         <value>0x637d</value>
         <object_component_ref idref="oc-337"/>
      </symbol>
      <symbol id="sm-7fd">
         <name>TimerConfigure</name>
         <value>0x6269</value>
         <object_component_ref idref="oc-325"/>
      </symbol>
      <symbol id="sm-82a">
         <name>SysCtlDelay</name>
         <value>0x6545</value>
         <object_component_ref idref="oc-1ad"/>
      </symbol>
      <symbol id="sm-82b">
         <name>SysCtlPeripheralEnable</name>
         <value>0x60ad</value>
         <object_component_ref idref="oc-1a7"/>
      </symbol>
      <symbol id="sm-82c">
         <name>SysCtlClockGet</name>
         <value>0x4cc5</value>
         <object_component_ref idref="oc-32b"/>
      </symbol>
      <symbol id="sm-868">
         <name>SSIDataGet</name>
         <value>0x64e1</value>
         <object_component_ref idref="oc-be"/>
      </symbol>
      <symbol id="sm-869">
         <name>SSIIntClear</name>
         <value>0x6557</value>
         <object_component_ref idref="oc-c4"/>
      </symbol>
      <symbol id="sm-86a">
         <name>SSIIntStatus</name>
         <value>0x6519</value>
         <object_component_ref idref="oc-b8"/>
      </symbol>
      <symbol id="sm-86b">
         <name>SSIConfigSetExpClk</name>
         <value>0x5f09</value>
         <object_component_ref idref="oc-380"/>
      </symbol>
      <symbol id="sm-86c">
         <name>SSIIntEnable</name>
         <value>0x652b</value>
         <object_component_ref idref="oc-1e4"/>
      </symbol>
      <symbol id="sm-86d">
         <name>SSIEnable</name>
         <value>0x650f</value>
         <object_component_ref idref="oc-386"/>
      </symbol>
      <symbol id="sm-87c">
         <name>MPUEnable</name>
         <value>0x6489</value>
         <object_component_ref idref="oc-171"/>
      </symbol>
      <symbol id="sm-8b4">
         <name>IntEnable</name>
         <value>0x59fd</value>
         <object_component_ref idref="oc-1ea"/>
      </symbol>
      <symbol id="sm-8b5">
         <name>IntDisable</name>
         <value>0x599d</value>
         <object_component_ref idref="oc-217"/>
      </symbol>
      <symbol id="sm-8f5">
         <name>GPIOPinConfigure</name>
         <value>0x5df1</value>
         <object_component_ref idref="oc-374"/>
      </symbol>
      <symbol id="sm-8f6">
         <name>GPIOPinTypeGPIOOutput</name>
         <value>0x640f</value>
         <object_component_ref idref="oc-319"/>
      </symbol>
      <symbol id="sm-8f7">
         <name>GPIODirModeSet</name>
         <value>0x616d</value>
         <object_component_ref idref="oc-4d6"/>
      </symbol>
      <symbol id="sm-8f8">
         <name>GPIOPinWrite</name>
         <value>0x6533</value>
         <object_component_ref idref="oc-31f"/>
      </symbol>
      <symbol id="sm-8f9">
         <name>GPIOPadConfigSet</name>
         <value>0x4c0b</value>
         <object_component_ref idref="oc-4d0"/>
      </symbol>
      <symbol id="sm-8fa">
         <name>GPIOPinTypeSSI</name>
         <value>0x6421</value>
         <object_component_ref idref="oc-37a"/>
      </symbol>
      <symbol id="sm-910">
         <name>FPULazyStackingEnable</name>
         <value>0x6479</value>
         <object_component_ref idref="oc-16b"/>
      </symbol>
      <symbol id="sm-911">
         <name>FPUEnable</name>
         <value>0x6469</value>
         <object_component_ref idref="oc-165"/>
      </symbol>
      <symbol id="sm-947">
         <name>ADCSequenceEnable</name>
         <value>0x64a9</value>
         <object_component_ref idref="oc-30d"/>
      </symbol>
      <symbol id="sm-948">
         <name>ADCSequenceConfigure</name>
         <value>0x6141</value>
         <object_component_ref idref="oc-301"/>
      </symbol>
      <symbol id="sm-949">
         <name>ADCIntEnable</name>
         <value>0x6457</value>
         <object_component_ref idref="oc-313"/>
      </symbol>
      <symbol id="sm-94a">
         <name>ADCSequenceStepConfigure</name>
         <value>0x5445</value>
         <object_component_ref idref="oc-307"/>
      </symbol>
      <symbol id="sm-94b">
         <name>ADCHardwareOversampleConfigure</name>
         <value>0x63fd</value>
         <object_component_ref idref="oc-2fb"/>
      </symbol>
      <symbol id="sm-96c">
         <name>g_sFontCm20</name>
         <value>0x7b00</value>
         <object_component_ref idref="oc-1f9"/>
      </symbol>
      <symbol id="sm-97e">
         <name>g_sFontCm14</name>
         <value>0x7a38</value>
         <object_component_ref idref="oc-43c"/>
      </symbol>
      <symbol id="sm-a70">
         <name>g_sRoot</name>
         <value>0x20000aa8</value>
         <object_component_ref idref="oc-203"/>
      </symbol>
      <symbol id="sm-a71">
         <name>WidgetMessageQueueAdd</name>
         <value>0x48a9</value>
         <object_component_ref idref="oc-1cc"/>
      </symbol>
      <symbol id="sm-a72">
         <name>WidgetMessageSendPostOrder</name>
         <value>0x4d79</value>
         <object_component_ref idref="oc-399"/>
      </symbol>
      <symbol id="sm-a73">
         <name>WidgetAdd</name>
         <value>0x62db</value>
         <object_component_ref idref="oc-1c6"/>
      </symbol>
      <symbol id="sm-a74">
         <name>WidgetRemove</name>
         <value>0x5d0d</value>
         <object_component_ref idref="oc-54b"/>
      </symbol>
      <symbol id="sm-a75">
         <name>WidgetDefaultMsgProc</name>
         <value>0x655b</value>
         <object_component_ref idref="oc-3d3"/>
      </symbol>
      <symbol id="sm-a76">
         <name>WidgetMutexPut</name>
         <value>0x6551</value>
         <object_component_ref idref="oc-34b"/>
      </symbol>
      <symbol id="sm-a77">
         <name>WidgetMessageQueueProcess</name>
         <value>0x5871</value>
         <object_component_ref idref="oc-1f0"/>
      </symbol>
      <symbol id="sm-a78">
         <name>WidgetMutexGet</name>
         <value>0x63d5</value>
         <object_component_ref idref="oc-34a"/>
      </symbol>
      <symbol id="sm-a79">
         <name>WidgetPointerMessage</name>
         <value>0x6361</value>
         <object_component_ref idref="oc-1fd"/>
      </symbol>
      <symbol id="sm-a7a">
         <name>WidgetMessageSendPreOrder</name>
         <value>0x5b6d</value>
         <object_component_ref idref="oc-393"/>
      </symbol>
      <symbol id="sm-bad">
         <name>GrFontInfoGet</name>
         <value>0x6291</value>
         <object_component_ref idref="oc-2e8"/>
      </symbol>
      <symbol id="sm-bae">
         <name>GrDefaultStringRenderer</name>
         <value>0x4a85</value>
         <object_component_ref idref="oc-2b8"/>
      </symbol>
      <symbol id="sm-baf">
         <name>GrFontGlyphRender</name>
         <value>0x29df</value>
         <object_component_ref idref="oc-48e"/>
      </symbol>
      <symbol id="sm-bb0">
         <name>GrFontHeightGet</name>
         <value>0x61c1</value>
         <object_component_ref idref="oc-5fe"/>
      </symbol>
      <symbol id="sm-bb1">
         <name>GrContextFontSet</name>
         <value>0x6539</value>
         <object_component_ref idref="oc-18f"/>
      </symbol>
      <symbol id="sm-bb2">
         <name>GrFontGlyphDataGet</name>
         <value>0x62ff</value>
         <object_component_ref idref="oc-2e2"/>
      </symbol>
      <symbol id="sm-bb3">
         <name>GrStringDraw</name>
         <value>0x6433</value>
         <object_component_ref idref="oc-1a1"/>
      </symbol>
      <symbol id="sm-bb4">
         <name>GrFontCodepageGet</name>
         <value>0x6343</value>
         <object_component_ref idref="oc-4a4"/>
      </symbol>
      <symbol id="sm-bb5">
         <name>GrStringNextCharGet</name>
         <value>0x61eb</value>
         <object_component_ref idref="oc-2dc"/>
      </symbol>
      <symbol id="sm-bb6">
         <name>GrStringWidthGet</name>
         <value>0x5671</value>
         <object_component_ref idref="oc-195"/>
      </symbol>
      <symbol id="sm-bb7">
         <name>GrFontBaselineGet</name>
         <value>0x6197</value>
         <object_component_ref idref="oc-19b"/>
      </symbol>
      <symbol id="sm-bd3">
         <name>GrRectFill</name>
         <value>0x507d</value>
         <object_component_ref idref="oc-183"/>
      </symbol>
      <symbol id="sm-bd4">
         <name>GrRectDraw</name>
         <value>0x5743</value>
         <object_component_ref idref="oc-189"/>
      </symbol>
      <symbol id="sm-c0c">
         <name>RectangularButtonMsgProc</name>
         <value>0x6321</value>
         <object_component_ref idref="oc-3e0"/>
      </symbol>
      <symbol id="sm-c6f">
         <name>GrLineDrawH</name>
         <value>0x5e39</value>
         <object_component_ref idref="oc-26a"/>
      </symbol>
      <symbol id="sm-c70">
         <name>GrLineDrawV</name>
         <value>0x5e7f</value>
         <object_component_ref idref="oc-2cd"/>
      </symbol>
      <symbol id="sm-c71">
         <name>GrLineDraw</name>
         <value>0x45b5</value>
         <object_component_ref idref="oc-25f"/>
      </symbol>
      <symbol id="sm-d58">
         <name>GrImageDraw</name>
         <value>0x64b7</value>
         <object_component_ref idref="oc-5ec"/>
      </symbol>
      <symbol id="sm-d87">
         <name>GrContextInit</name>
         <value>0x57a9</value>
         <object_component_ref idref="oc-17d"/>
      </symbol>
      <symbol id="sm-d88">
         <name>GrContextClipRegionSet</name>
         <value>0x5939</value>
         <object_component_ref idref="oc-5e6"/>
      </symbol>
      <symbol id="sm-d89">
         <name>g_psDefaultCodePointMapTable</name>
         <value>0x7da4</value>
         <object_component_ref idref="oc-2be"/>
      </symbol>
      <symbol id="sm-dcc">
         <name>GrCircleFill</name>
         <value>0x3b4d</value>
         <object_component_ref idref="oc-253"/>
      </symbol>
      <symbol id="sm-dd9">
         <name>GrMapISO8859_1_Unicode</name>
         <value>0x6523</value>
         <object_component_ref idref="oc-495"/>
      </symbol>
      <symbol id="sm-dff">
         <name>CanvasMsgProc</name>
         <value>0x63ad</value>
         <object_component_ref idref="oc-3f5"/>
      </symbol>
      <symbol id="sm-e00">
         <name>__TI_static_base__</name>
         <value>0x0</value>
      </symbol>
      <symbol id="sm-e03">
         <name>SHT$$INIT_ARRAY$$Limit</name>
         <value>0x0</value>
      </symbol>
      <symbol id="sm-e04">
         <name>SHT$$INIT_ARRAY$$Base</name>
         <value>0x0</value>
      </symbol>
   </symbol_table>
   <title>Link successful</title>
</link_info>
