<?xml version="1.0"?>
<link_info>
   <banner>TI ARM Linker PC v16.9.1.LTS</banner>
   <copyright>Copyright (c) 1996-2015 Texas Instruments Incorporated</copyright>
   <link_time>0x58c85135</link_time>
   <link_errors>0x0</link_errors>
   <output_file>Display_Parameters.out</output_file>
   <entry_point>
      <name>_c_int00</name>
      <address>0x6531</address>
   </entry_point>
   <input_file_list>
      <input_file id="fl-2">
         <path>.\</path>
         <kind>object</kind>
         <file>Kentec320x240x16_ssd2119_8bit.obj</file>
         <name>Kentec320x240x16_ssd2119_8bit.obj</name>
      </input_file>
      <input_file id="fl-3">
         <path>.\</path>
         <kind>object</kind>
         <file>ZC706_SPI_Display.obj</file>
         <name>ZC706_SPI_Display.obj</name>
      </input_file>
      <input_file id="fl-4">
         <path>.\</path>
         <kind>object</kind>
         <file>images.obj</file>
         <name>images.obj</name>
      </input_file>
      <input_file id="fl-5">
         <path>.\</path>
         <kind>object</kind>
         <file>tm4c123gh6pm_startup_ccs.obj</file>
         <name>tm4c123gh6pm_startup_ccs.obj</name>
      </input_file>
      <input_file id="fl-6">
         <path>.\</path>
         <kind>object</kind>
         <file>touch.obj</file>
         <name>touch.obj</name>
      </input_file>
      <input_file id="fl-7">
         <path>.\</path>
         <kind>object</kind>
         <file>ustdlib.obj</file>
         <name>ustdlib.obj</name>
      </input_file>
      <input_file id="fl-8">
         <path>.\drivers\</path>
         <kind>object</kind>
         <file>rgb.obj</file>
         <name>rgb.obj</name>
      </input_file>
      <input_file id="fl-9">
         <path>.\utils\</path>
         <kind>object</kind>
         <file>uartstdio.obj</file>
         <name>uartstdio.obj</name>
      </input_file>
      <input_file id="fl-c6">
         <path>D:\ti\ccsv7\tools\compiler\ti-cgt-arm_16.9.1.LTS\lib\</path>
         <kind>archive</kind>
         <file>rtsv7M4_T_le_v4SPD16_eabi.lib</file>
         <name>boot.obj</name>
      </input_file>
      <input_file id="fl-c7">
         <path>D:\ti\ccsv7\tools\compiler\ti-cgt-arm_16.9.1.LTS\lib\</path>
         <kind>archive</kind>
         <file>rtsv7M4_T_le_v4SPD16_eabi.lib</file>
         <name>copy_decompress_lzss.obj</name>
      </input_file>
      <input_file id="fl-c8">
         <path>D:\ti\ccsv7\tools\compiler\ti-cgt-arm_16.9.1.LTS\lib\</path>
         <kind>archive</kind>
         <file>rtsv7M4_T_le_v4SPD16_eabi.lib</file>
         <name>copy_decompress_none.obj</name>
      </input_file>
      <input_file id="fl-c9">
         <path>D:\ti\ccsv7\tools\compiler\ti-cgt-arm_16.9.1.LTS\lib\</path>
         <kind>archive</kind>
         <file>rtsv7M4_T_le_v4SPD16_eabi.lib</file>
         <name>copy_zero_init.obj</name>
      </input_file>
      <input_file id="fl-ca">
         <path>D:\ti\ccsv7\tools\compiler\ti-cgt-arm_16.9.1.LTS\lib\</path>
         <kind>archive</kind>
         <file>rtsv7M4_T_le_v4SPD16_eabi.lib</file>
         <name>e_log10.obj</name>
      </input_file>
      <input_file id="fl-cb">
         <path>D:\ti\ccsv7\tools\compiler\ti-cgt-arm_16.9.1.LTS\lib\</path>
         <kind>archive</kind>
         <file>rtsv7M4_T_le_v4SPD16_eabi.lib</file>
         <name>errno.obj</name>
      </input_file>
      <input_file id="fl-cc">
         <path>D:\ti\ccsv7\tools\compiler\ti-cgt-arm_16.9.1.LTS\lib\</path>
         <kind>archive</kind>
         <file>rtsv7M4_T_le_v4SPD16_eabi.lib</file>
         <name>exit.obj</name>
      </input_file>
      <input_file id="fl-cd">
         <path>D:\ti\ccsv7\tools\compiler\ti-cgt-arm_16.9.1.LTS\lib\</path>
         <kind>archive</kind>
         <file>rtsv7M4_T_le_v4SPD16_eabi.lib</file>
         <name>fd_add_t2.obj</name>
      </input_file>
      <input_file id="fl-ce">
         <path>D:\ti\ccsv7\tools\compiler\ti-cgt-arm_16.9.1.LTS\lib\</path>
         <kind>archive</kind>
         <file>rtsv7M4_T_le_v4SPD16_eabi.lib</file>
         <name>fd_cmp_t2.obj</name>
      </input_file>
      <input_file id="fl-cf">
         <path>D:\ti\ccsv7\tools\compiler\ti-cgt-arm_16.9.1.LTS\lib\</path>
         <kind>archive</kind>
         <file>rtsv7M4_T_le_v4SPD16_eabi.lib</file>
         <name>fd_div_t2.obj</name>
      </input_file>
      <input_file id="fl-d0">
         <path>D:\ti\ccsv7\tools\compiler\ti-cgt-arm_16.9.1.LTS\lib\</path>
         <kind>archive</kind>
         <file>rtsv7M4_T_le_v4SPD16_eabi.lib</file>
         <name>fd_mul_t2.obj</name>
      </input_file>
      <input_file id="fl-d1">
         <path>D:\ti\ccsv7\tools\compiler\ti-cgt-arm_16.9.1.LTS\lib\</path>
         <kind>archive</kind>
         <file>rtsv7M4_T_le_v4SPD16_eabi.lib</file>
         <name>fd_toi_t2.obj</name>
      </input_file>
      <input_file id="fl-d2">
         <path>D:\ti\ccsv7\tools\compiler\ti-cgt-arm_16.9.1.LTS\lib\</path>
         <kind>archive</kind>
         <file>rtsv7M4_T_le_v4SPD16_eabi.lib</file>
         <name>fd_tos_t2.obj</name>
      </input_file>
      <input_file id="fl-d3">
         <path>D:\ti\ccsv7\tools\compiler\ti-cgt-arm_16.9.1.LTS\lib\</path>
         <kind>archive</kind>
         <file>rtsv7M4_T_le_v4SPD16_eabi.lib</file>
         <name>fs_tod_t2.obj</name>
      </input_file>
      <input_file id="fl-d4">
         <path>D:\ti\ccsv7\tools\compiler\ti-cgt-arm_16.9.1.LTS\lib\</path>
         <kind>archive</kind>
         <file>rtsv7M4_T_le_v4SPD16_eabi.lib</file>
         <name>fs_toull_t2.obj</name>
      </input_file>
      <input_file id="fl-d5">
         <path>D:\ti\ccsv7\tools\compiler\ti-cgt-arm_16.9.1.LTS\lib\</path>
         <kind>archive</kind>
         <file>rtsv7M4_T_le_v4SPD16_eabi.lib</file>
         <name>i_tofd_t2.obj</name>
      </input_file>
      <input_file id="fl-d6">
         <path>D:\ti\ccsv7\tools\compiler\ti-cgt-arm_16.9.1.LTS\lib\</path>
         <kind>archive</kind>
         <file>rtsv7M4_T_le_v4SPD16_eabi.lib</file>
         <name>memcpy_t2.obj</name>
      </input_file>
      <input_file id="fl-d7">
         <path>D:\ti\ccsv7\tools\compiler\ti-cgt-arm_16.9.1.LTS\lib\</path>
         <kind>archive</kind>
         <file>rtsv7M4_T_le_v4SPD16_eabi.lib</file>
         <name>memset_t2.obj</name>
      </input_file>
      <input_file id="fl-d8">
         <path>D:\ti\ccsv7\tools\compiler\ti-cgt-arm_16.9.1.LTS\lib\</path>
         <kind>archive</kind>
         <file>rtsv7M4_T_le_v4SPD16_eabi.lib</file>
         <name>mpu_init.obj</name>
      </input_file>
      <input_file id="fl-d9">
         <path>D:\ti\ccsv7\tools\compiler\ti-cgt-arm_16.9.1.LTS\lib\</path>
         <kind>archive</kind>
         <file>rtsv7M4_T_le_v4SPD16_eabi.lib</file>
         <name>pre_init.obj</name>
      </input_file>
      <input_file id="fl-da">
         <path>D:\ti\ccsv7\tools\compiler\ti-cgt-arm_16.9.1.LTS\lib\</path>
         <kind>archive</kind>
         <file>rtsv7M4_T_le_v4SPD16_eabi.lib</file>
         <name>stkdepth_vars.obj</name>
      </input_file>
      <input_file id="fl-db">
         <path>D:\ti\ccsv7\tools\compiler\ti-cgt-arm_16.9.1.LTS\lib\</path>
         <kind>archive</kind>
         <file>rtsv7M4_T_le_v4SPD16_eabi.lib</file>
         <name>u_divt2.obj</name>
      </input_file>
      <input_file id="fl-dc">
         <path>D:\ti\ccsv7\tools\compiler\ti-cgt-arm_16.9.1.LTS\lib\</path>
         <kind>archive</kind>
         <file>rtsv7M4_T_le_v4SPD16_eabi.lib</file>
         <name>_lock.obj</name>
      </input_file>
      <input_file id="fl-dd">
         <path>D:\ti\ccsv7\tools\compiler\ti-cgt-arm_16.9.1.LTS\lib\</path>
         <kind>archive</kind>
         <file>rtsv7M4_T_le_v4SPD16_eabi.lib</file>
         <name>args_main.obj</name>
      </input_file>
      <input_file id="fl-de">
         <path>D:\ti\ccsv7\tools\compiler\ti-cgt-arm_16.9.1.LTS\lib\</path>
         <kind>archive</kind>
         <file>rtsv7M4_T_le_v4SPD16_eabi.lib</file>
         <name>autoinit.obj</name>
      </input_file>
      <input_file id="fl-df">
         <path>D:\ti\ccsv7\tools\compiler\ti-cgt-arm_16.9.1.LTS\lib\</path>
         <kind>archive</kind>
         <file>rtsv7M4_T_le_v4SPD16_eabi.lib</file>
         <name>cpy_tbl.obj</name>
      </input_file>
      <input_file id="fl-e0">
         <path>D:\ti\ccsv7\tools\compiler\ti-cgt-arm_16.9.1.LTS\lib\</path>
         <kind>archive</kind>
         <file>rtsv7M4_T_le_v4SPD16_eabi.lib</file>
         <name>i_div0.obj</name>
      </input_file>
      <input_file id="fl-e1">
         <path>D:\ti\ccsv7\tools\compiler\ti-cgt-arm_16.9.1.LTS\lib\</path>
         <kind>archive</kind>
         <file>rtsv7M4_T_le_v4SPD16_eabi.lib</file>
         <name>startup.obj</name>
      </input_file>
      <input_file id="fl-e2">
         <path>C:\ti\TivaWare_C_Series-1.0\driverlib\ccs\Debug\</path>
         <kind>archive</kind>
         <file>driverlib.lib</file>
         <name>udma.obj</name>
      </input_file>
      <input_file id="fl-e3">
         <path>C:\ti\TivaWare_C_Series-1.0\driverlib\ccs\Debug\</path>
         <kind>archive</kind>
         <file>driverlib.lib</file>
         <name>uart.obj</name>
      </input_file>
      <input_file id="fl-e4">
         <path>C:\ti\TivaWare_C_Series-1.0\driverlib\ccs\Debug\</path>
         <kind>archive</kind>
         <file>driverlib.lib</file>
         <name>timer.obj</name>
      </input_file>
      <input_file id="fl-e5">
         <path>C:\ti\TivaWare_C_Series-1.0\driverlib\ccs\Debug\</path>
         <kind>archive</kind>
         <file>driverlib.lib</file>
         <name>sysctl.obj</name>
      </input_file>
      <input_file id="fl-e6">
         <path>C:\ti\TivaWare_C_Series-1.0\driverlib\ccs\Debug\</path>
         <kind>archive</kind>
         <file>driverlib.lib</file>
         <name>ssi.obj</name>
      </input_file>
      <input_file id="fl-e7">
         <path>C:\ti\TivaWare_C_Series-1.0\driverlib\ccs\Debug\</path>
         <kind>archive</kind>
         <file>driverlib.lib</file>
         <name>mpu.obj</name>
      </input_file>
      <input_file id="fl-e8">
         <path>C:\ti\TivaWare_C_Series-1.0\driverlib\ccs\Debug\</path>
         <kind>archive</kind>
         <file>driverlib.lib</file>
         <name>interrupt.obj</name>
      </input_file>
      <input_file id="fl-e9">
         <path>C:\ti\TivaWare_C_Series-1.0\driverlib\ccs\Debug\</path>
         <kind>archive</kind>
         <file>driverlib.lib</file>
         <name>gpio.obj</name>
      </input_file>
      <input_file id="fl-ea">
         <path>C:\ti\TivaWare_C_Series-1.0\driverlib\ccs\Debug\</path>
         <kind>archive</kind>
         <file>driverlib.lib</file>
         <name>fpu.obj</name>
      </input_file>
      <input_file id="fl-eb">
         <path>C:\ti\TivaWare_C_Series-1.0\driverlib\ccs\Debug\</path>
         <kind>archive</kind>
         <file>driverlib.lib</file>
         <name>cpu.obj</name>
      </input_file>
      <input_file id="fl-ec">
         <path>C:\ti\TivaWare_C_Series-1.0\driverlib\ccs\Debug\</path>
         <kind>archive</kind>
         <file>driverlib.lib</file>
         <name>adc.obj</name>
      </input_file>
      <input_file id="fl-ed">
         <path>C:\ti\TivaWare_C_Series-1.0\grlib\ccs\Debug\</path>
         <kind>archive</kind>
         <file>grlib.lib</file>
         <name>fontcm20.obj</name>
      </input_file>
      <input_file id="fl-ee">
         <path>C:\ti\TivaWare_C_Series-1.0\grlib\ccs\Debug\</path>
         <kind>archive</kind>
         <file>grlib.lib</file>
         <name>fontcm14.obj</name>
      </input_file>
      <input_file id="fl-ef">
         <path>C:\ti\TivaWare_C_Series-1.0\grlib\ccs\Debug\</path>
         <kind>archive</kind>
         <file>grlib.lib</file>
         <name>fontcm12.obj</name>
      </input_file>
      <input_file id="fl-f0">
         <path>C:\ti\TivaWare_C_Series-1.0\grlib\ccs\Debug\</path>
         <kind>archive</kind>
         <file>grlib.lib</file>
         <name>widget.obj</name>
      </input_file>
      <input_file id="fl-f1">
         <path>C:\ti\TivaWare_C_Series-1.0\grlib\ccs\Debug\</path>
         <kind>archive</kind>
         <file>grlib.lib</file>
         <name>string.obj</name>
      </input_file>
      <input_file id="fl-f2">
         <path>C:\ti\TivaWare_C_Series-1.0\grlib\ccs\Debug\</path>
         <kind>archive</kind>
         <file>grlib.lib</file>
         <name>rectangle.obj</name>
      </input_file>
      <input_file id="fl-f3">
         <path>C:\ti\TivaWare_C_Series-1.0\grlib\ccs\Debug\</path>
         <kind>archive</kind>
         <file>grlib.lib</file>
         <name>pushbutton.obj</name>
      </input_file>
      <input_file id="fl-f4">
         <path>C:\ti\TivaWare_C_Series-1.0\grlib\ccs\Debug\</path>
         <kind>archive</kind>
         <file>grlib.lib</file>
         <name>line.obj</name>
      </input_file>
      <input_file id="fl-f5">
         <path>C:\ti\TivaWare_C_Series-1.0\grlib\ccs\Debug\</path>
         <kind>archive</kind>
         <file>grlib.lib</file>
         <name>image.obj</name>
      </input_file>
      <input_file id="fl-f6">
         <path>C:\ti\TivaWare_C_Series-1.0\grlib\ccs\Debug\</path>
         <kind>archive</kind>
         <file>grlib.lib</file>
         <name>context.obj</name>
      </input_file>
      <input_file id="fl-f7">
         <path>C:\ti\TivaWare_C_Series-1.0\grlib\ccs\Debug\</path>
         <kind>archive</kind>
         <file>grlib.lib</file>
         <name>circle.obj</name>
      </input_file>
      <input_file id="fl-f8">
         <path>C:\ti\TivaWare_C_Series-1.0\grlib\ccs\Debug\</path>
         <kind>archive</kind>
         <file>grlib.lib</file>
         <name>charmap.obj</name>
      </input_file>
      <input_file id="fl-f9">
         <path>C:\ti\TivaWare_C_Series-1.0\grlib\ccs\Debug\</path>
         <kind>archive</kind>
         <file>grlib.lib</file>
         <name>canvas.obj</name>
      </input_file>
   </input_file_list>
   <object_component_list>
      <object_component id="oc-f">
         <name>.intvecs</name>
         <load_address>0x0</load_address>
         <run_address>0x0</run_address>
         <size>0x26c</size>
         <input_file_ref idref="fl-5"/>
      </object_component>
      <object_component id="oc-f6">
         <name>.text:main</name>
         <load_address>0x26c</load_address>
         <run_address>0x26c</run_address>
         <size>0x1484</size>
         <input_file_ref idref="fl-3"/>
      </object_component>
      <object_component id="oc-3c1">
         <name>.text:uvsnprintf</name>
         <load_address>0x16f0</load_address>
         <run_address>0x16f0</run_address>
         <size>0x438</size>
         <input_file_ref idref="fl-7"/>
      </object_component>
      <object_component id="oc-26f">
         <name>.text:UpdateScope</name>
         <load_address>0x1b28</load_address>
         <run_address>0x1b28</run_address>
         <size>0x390</size>
         <input_file_ref idref="fl-3"/>
      </object_component>
      <object_component id="oc-659">
         <name>.text:Internai32ImageDraw</name>
         <load_address>0x1eb8</load_address>
         <run_address>0x1eb8</run_address>
         <size>0x374</size>
         <input_file_ref idref="fl-f5"/>
      </object_component>
      <object_component id="oc-59e">
         <name>.text:OnLEDStatusPaint</name>
         <load_address>0x222c</load_address>
         <run_address>0x222c</run_address>
         <size>0x358</size>
         <input_file_ref idref="fl-3"/>
      </object_component>
      <object_component id="oc-376">
         <name>.text:UARTvprintf</name>
         <load_address>0x2584</load_address>
         <run_address>0x2584</run_address>
         <size>0x30c</size>
         <input_file_ref idref="fl-9"/>
      </object_component>
      <object_component id="oc-206">
         <name>.text</name>
         <load_address>0x2890</load_address>
         <run_address>0x2890</run_address>
         <size>0x2f8</size>
         <input_file_ref idref="fl-ca"/>
      </object_component>
      <object_component id="oc-177">
         <name>.text:Kentec320x240x16_SSD2119Init</name>
         <load_address>0x2b88</load_address>
         <run_address>0x2b88</run_address>
         <size>0x2f4</size>
         <input_file_ref idref="fl-2"/>
      </object_component>
      <object_component id="oc-663">
         <name>.text:PixelTransparentDraw</name>
         <load_address>0x2e7c</load_address>
         <run_address>0x2e7c</run_address>
         <size>0x2ba</size>
         <input_file_ref idref="fl-f5"/>
      </object_component>
      <object_component id="oc-4b2">
         <name>.text:GrFontGlyphRender</name>
         <load_address>0x3136</load_address>
         <run_address>0x3136</run_address>
         <size>0x266</size>
         <input_file_ref idref="fl-f1"/>
      </object_component>
      <object_component id="oc-596">
         <name>.text:OnBlockDiagramPaint</name>
         <load_address>0x339c</load_address>
         <run_address>0x339c</run_address>
         <size>0x224</size>
         <input_file_ref idref="fl-3"/>
      </object_component>
      <object_component id="oc-aa">
         <name>.text:TouchScreenDebouncer</name>
         <load_address>0x35c0</load_address>
         <run_address>0x35c0</run_address>
         <size>0x218</size>
         <input_file_ref idref="fl-6"/>
      </object_component>
      <object_component id="oc-3cf">
         <name>.text:Kentec320x240x16_SSD2119PixelDrawMultiple</name>
         <load_address>0x37d8</load_address>
         <run_address>0x37d8</run_address>
         <size>0x208</size>
         <input_file_ref idref="fl-2"/>
      </object_component>
      <object_component id="oc-201">
         <name>.text</name>
         <load_address>0x39e0</load_address>
         <run_address>0x39e0</run_address>
         <size>0x1b6</size>
         <input_file_ref idref="fl-cd"/>
      </object_component>
      <object_component id="oc-58d">
         <name>.text:CanvasPaint</name>
         <load_address>0x3b96</load_address>
         <run_address>0x3b96</run_address>
         <size>0x188</size>
         <input_file_ref idref="fl-f9"/>
      </object_component>
      <object_component id="oc-572">
         <name>.text:RectangularButtonPaint</name>
         <load_address>0x3d1e</load_address>
         <run_address>0x3d1e</run_address>
         <size>0x16e</size>
         <input_file_ref idref="fl-f3"/>
      </object_component>
      <object_component id="oc-4f">
         <name>.text:SSI1IntHandler</name>
         <load_address>0x3e8c</load_address>
         <run_address>0x3e8c</run_address>
         <size>0x16c</size>
         <input_file_ref idref="fl-3"/>
      </object_component>
      <object_component id="oc-3e1">
         <name>.text:Kentec320x240x16_SSD2119RectFill</name>
         <load_address>0x3ff8</load_address>
         <run_address>0x3ff8</run_address>
         <size>0x160</size>
         <input_file_ref idref="fl-2"/>
      </object_component>
      <object_component id="oc-49">
         <name>.text:TouchScreenIntHandler</name>
         <load_address>0x4158</load_address>
         <run_address>0x4158</run_address>
         <size>0x14c</size>
         <input_file_ref idref="fl-6"/>
      </object_component>
      <object_component id="oc-25c">
         <name>.text:GrCircleFill</name>
         <load_address>0x42a4</load_address>
         <run_address>0x42a4</run_address>
         <size>0x146</size>
         <input_file_ref idref="fl-f7"/>
      </object_component>
      <object_component id="oc-37">
         <name>.text:FaultISR</name>
         <load_address>0x43ea</load_address>
         <run_address>0x43ea</run_address>
         <size>0x2</size>
         <input_file_ref idref="fl-5"/>
      </object_component>
      <object_component id="oc-416">
         <name>.text:OnPrevious</name>
         <load_address>0x43ec</load_address>
         <run_address>0x43ec</run_address>
         <size>0x144</size>
         <input_file_ref idref="fl-3"/>
      </object_component>
      <object_component id="oc-5a6">
         <name>.text:OnDataPaint</name>
         <load_address>0x4530</load_address>
         <run_address>0x4530</run_address>
         <size>0x13c</size>
         <input_file_ref idref="fl-3"/>
      </object_component>
      <object_component id="oc-15b">
         <name>.text</name>
         <load_address>0x466c</load_address>
         <run_address>0x466c</run_address>
         <size>0x136</size>
         <input_file_ref idref="fl-cf"/>
      </object_component>
      <object_component id="oc-3d">
         <name>.text:IntDefaultHandler</name>
         <load_address>0x47a2</load_address>
         <run_address>0x47a2</run_address>
         <size>0x2</size>
         <input_file_ref idref="fl-5"/>
      </object_component>
      <object_component id="oc-426">
         <name>.text:OnNext</name>
         <load_address>0x47a4</load_address>
         <run_address>0x47a4</run_address>
         <size>0x128</size>
         <input_file_ref idref="fl-3"/>
      </object_component>
      <object_component id="oc-466">
         <name>.text:OnPLLButtonPress</name>
         <load_address>0x48cc</load_address>
         <run_address>0x48cc</run_address>
         <size>0x110</size>
         <input_file_ref idref="fl-3"/>
      </object_component>
      <object_component id="oc-472">
         <name>.text:OnRXMSGButtonPress</name>
         <load_address>0x49dc</load_address>
         <run_address>0x49dc</run_address>
         <size>0x110</size>
         <input_file_ref idref="fl-3"/>
      </object_component>
      <object_component id="oc-460">
         <name>.text:OnRxButtonPress</name>
         <load_address>0x4aec</load_address>
         <run_address>0x4aec</run_address>
         <size>0x110</size>
         <input_file_ref idref="fl-3"/>
      </object_component>
      <object_component id="oc-46c">
         <name>.text:OnSYNCButtonPress</name>
         <load_address>0x4bfc</load_address>
         <run_address>0x4bfc</run_address>
         <size>0x110</size>
         <input_file_ref idref="fl-3"/>
      </object_component>
      <object_component id="oc-481">
         <name>.text:GrLineDraw</name>
         <load_address>0x4d0c</load_address>
         <run_address>0x4d0c</run_address>
         <size>0x100</size>
         <input_file_ref idref="fl-f4"/>
      </object_component>
      <object_component id="oc-3b2">
         <name>.text</name>
         <load_address>0x4e0c</load_address>
         <run_address>0x4e0c</run_address>
         <size>0xfc</size>
         <input_file_ref idref="fl-d0"/>
      </object_component>
      <object_component id="oc-1ba">
         <name>.text:TouchScreenInit</name>
         <load_address>0x4f08</load_address>
         <run_address>0x4f08</run_address>
         <size>0xf8</size>
         <input_file_ref idref="fl-6"/>
      </object_component>
      <object_component id="oc-1cc">
         <name>.text:WidgetMessageQueueAdd</name>
         <load_address>0x5000</load_address>
         <run_address>0x5000</run_address>
         <size>0xf0</size>
         <input_file_ref idref="fl-f0"/>
      </object_component>
      <object_component id="oc-578">
         <name>.text:RectangularButtonClick</name>
         <load_address>0x50f0</load_address>
         <run_address>0x50f0</run_address>
         <size>0xec</size>
         <input_file_ref idref="fl-f3"/>
      </object_component>
      <object_component id="oc-2c1">
         <name>.text:GrDefaultStringRenderer</name>
         <load_address>0x51dc</load_address>
         <run_address>0x51dc</run_address>
         <size>0xca</size>
         <input_file_ref idref="fl-f1"/>
      </object_component>
      <object_component id="oc-5dc">
         <name>.text:GrLineClip</name>
         <load_address>0x52a6</load_address>
         <run_address>0x52a6</run_address>
         <size>0xbc</size>
         <input_file_ref idref="fl-f4"/>
      </object_component>
      <object_component id="oc-4f6">
         <name>.text:GPIOPadConfigSet</name>
         <load_address>0x5362</load_address>
         <run_address>0x5362</run_address>
         <size>0xb8</size>
         <input_file_ref idref="fl-e9"/>
      </object_component>
      <object_component id="oc-31">
         <name>.text:NmiSR</name>
         <load_address>0x541a</load_address>
         <run_address>0x541a</run_address>
         <size>0x2</size>
         <input_file_ref idref="fl-5"/>
      </object_component>
      <object_component id="oc-33a">
         <name>.text:SysCtlClockGet</name>
         <load_address>0x541c</load_address>
         <run_address>0x541c</run_address>
         <size>0xb4</size>
         <input_file_ref idref="fl-e5"/>
      </object_component>
      <object_component id="oc-3a8">
         <name>.text:WidgetMessageSendPostOrder</name>
         <load_address>0x54d0</load_address>
         <run_address>0x54d0</run_address>
         <size>0xb0</size>
         <input_file_ref idref="fl-f0"/>
      </object_component>
      <object_component id="oc-5be">
         <name>.text:OnSYNCStatusPaint</name>
         <load_address>0x5580</load_address>
         <run_address>0x5580</run_address>
         <size>0xac</size>
         <input_file_ref idref="fl-3"/>
      </object_component>
      <object_component id="oc-5b6">
         <name>.text:OnPLLStatusPaint</name>
         <load_address>0x562c</load_address>
         <run_address>0x562c</run_address>
         <size>0xa8</size>
         <input_file_ref idref="fl-3"/>
      </object_component>
      <object_component id="oc-63">
         <name>.text</name>
         <load_address>0x56d4</load_address>
         <run_address>0x56d4</run_address>
         <size>0x9c</size>
         <input_file_ref idref="fl-d6"/>
      </object_component>
      <object_component id="oc-2b7">
         <name>.text:InitGPIOLCDInterface</name>
         <load_address>0x5770</load_address>
         <run_address>0x5770</run_address>
         <size>0x98</size>
         <input_file_ref idref="fl-2"/>
      </object_component>
      <object_component id="oc-3d5">
         <name>.text:Kentec320x240x16_SSD2119LineDrawH</name>
         <load_address>0x5808</load_address>
         <run_address>0x5808</run_address>
         <size>0x90</size>
         <input_file_ref idref="fl-2"/>
      </object_component>
      <object_component id="oc-3db">
         <name>.text:Kentec320x240x16_SSD2119LineDrawV</name>
         <load_address>0x5898</load_address>
         <run_address>0x5898</run_address>
         <size>0x90</size>
         <input_file_ref idref="fl-2"/>
      </object_component>
      <object_component id="oc-5c6">
         <name>.text:OnRXMSGStatusPaint</name>
         <load_address>0x5928</load_address>
         <run_address>0x5928</run_address>
         <size>0x8c</size>
         <input_file_ref idref="fl-3"/>
      </object_component>
      <object_component id="oc-5ae">
         <name>.text:OnRxStatusPaint</name>
         <load_address>0x59b4</load_address>
         <run_address>0x59b4</run_address>
         <size>0x8c</size>
         <input_file_ref idref="fl-3"/>
      </object_component>
      <object_component id="oc-183">
         <name>.text:GrRectFill</name>
         <load_address>0x5a40</load_address>
         <run_address>0x5a40</run_address>
         <size>0x86</size>
         <input_file_ref idref="fl-f2"/>
      </object_component>
      <object_component id="oc-24b">
         <name>.text:__aeabi_cdrcmple</name>
         <load_address>0x5ac6</load_address>
         <run_address>0x5ac6</run_address>
         <size>0x86</size>
         <input_file_ref idref="fl-ce"/>
      </object_component>
      <object_component id="oc-4a5">
         <name>.text:WriteCommandGPIO</name>
         <load_address>0x5b4c</load_address>
         <run_address>0x5b4c</run_address>
         <size>0x7c</size>
         <input_file_ref idref="fl-2"/>
      </object_component>
      <object_component id="oc-6f">
         <name>.text</name>
         <load_address>0x5bc8</load_address>
         <run_address>0x5bc8</run_address>
         <size>0x7a</size>
         <input_file_ref idref="fl-d7"/>
      </object_component>
      <object_component id="oc-608">
         <name>.text</name>
         <load_address>0x5c42</load_address>
         <run_address>0x5c42</run_address>
         <size>0x2</size>
         <input_file_ref idref="fl-e0"/>
      </object_component>
      <object_component id="oc-478">
         <name>.text:OnButtonPress2</name>
         <load_address>0x5c44</load_address>
         <run_address>0x5c44</run_address>
         <size>0x78</size>
         <input_file_ref idref="fl-3"/>
      </object_component>
      <object_component id="oc-1d2">
         <name>.text:ConfigureUART</name>
         <load_address>0x5cbc</load_address>
         <run_address>0x5cbc</run_address>
         <size>0x74</size>
         <input_file_ref idref="fl-3"/>
      </object_component>
      <object_component id="oc-1de">
         <name>.text:InitSPI1</name>
         <load_address>0x5d30</load_address>
         <run_address>0x5d30</run_address>
         <size>0x74</size>
         <input_file_ref idref="fl-3"/>
      </object_component>
      <object_component id="oc-36f">
         <name>.text:UARTStdioConfig</name>
         <load_address>0x5da4</load_address>
         <run_address>0x5da4</run_address>
         <size>0x74</size>
         <input_file_ref idref="fl-9"/>
      </object_component>
      <object_component id="oc-49f">
         <name>.text:WriteDataGPIO</name>
         <load_address>0x5e18</load_address>
         <run_address>0x5e18</run_address>
         <size>0x74</size>
         <input_file_ref idref="fl-2"/>
      </object_component>
      <object_component id="oc-316">
         <name>.text:ADCSequenceStepConfigure</name>
         <load_address>0x5e8c</load_address>
         <run_address>0x5e8c</run_address>
         <size>0x70</size>
         <input_file_ref idref="fl-ec"/>
      </object_component>
      <object_component id="oc-87">
         <name>.text</name>
         <load_address>0x5efc</load_address>
         <run_address>0x5efc</run_address>
         <size>0x70</size>
         <input_file_ref idref="fl-de"/>
      </object_component>
      <object_component id="oc-160">
         <name>.text</name>
         <load_address>0x5f6c</load_address>
         <run_address>0x5f6c</run_address>
         <size>0x6e</size>
         <input_file_ref idref="fl-d2"/>
      </object_component>
      <object_component id="oc-195">
         <name>.text:GrStringWidthGet</name>
         <load_address>0x5fda</load_address>
         <run_address>0x5fda</run_address>
         <size>0x6a</size>
         <input_file_ref idref="fl-f1"/>
      </object_component>
      <object_component id="oc-12">
         <name>.text:decompress:lzss</name>
         <load_address>0x6044</load_address>
         <run_address>0x6044</run_address>
         <size>0x68</size>
         <input_file_ref idref="fl-c7"/>
      </object_component>
      <object_component id="oc-189">
         <name>.text:GrRectDraw</name>
         <load_address>0x60ac</load_address>
         <run_address>0x60ac</run_address>
         <size>0x66</size>
         <input_file_ref idref="fl-f2"/>
      </object_component>
      <object_component id="oc-7b">
         <name>.text</name>
         <load_address>0x6112</load_address>
         <run_address>0x6112</run_address>
         <size>0x2</size>
         <input_file_ref idref="fl-d8"/>
      </object_component>
      <object_component id="oc-17d">
         <name>.text:GrContextInit</name>
         <load_address>0x6114</load_address>
         <run_address>0x6114</run_address>
         <size>0x64</size>
         <input_file_ref idref="fl-f6"/>
      </object_component>
      <object_component id="oc-3c9">
         <name>.text:Kentec320x240x16_SSD2119PixelDraw</name>
         <load_address>0x6178</load_address>
         <run_address>0x6178</run_address>
         <size>0x64</size>
         <input_file_ref idref="fl-2"/>
      </object_component>
      <object_component id="oc-1f0">
         <name>.text:WidgetMessageQueueProcess</name>
         <load_address>0x61dc</load_address>
         <run_address>0x61dc</run_address>
         <size>0x64</size>
         <input_file_ref idref="fl-f0"/>
      </object_component>
      <object_component id="oc-20c">
         <name>.text:float_to_int_and_fract</name>
         <load_address>0x6240</load_address>
         <run_address>0x6240</run_address>
         <size>0x64</size>
         <input_file_ref idref="fl-3"/>
      </object_component>
      <object_component id="oc-619">
         <name>.text:GrContextClipRegionSet</name>
         <load_address>0x62a4</load_address>
         <run_address>0x62a4</run_address>
         <size>0x62</size>
         <input_file_ref idref="fl-f6"/>
      </object_component>
      <object_component id="oc-ee">
         <name>.text</name>
         <load_address>0x6306</load_address>
         <run_address>0x6306</run_address>
         <size>0x2</size>
         <input_file_ref idref="fl-e1"/>
      </object_component>
      <object_component id="oc-1f6">
         <name>.text:IntDisable</name>
         <load_address>0x6308</load_address>
         <run_address>0x6308</run_address>
         <size>0x60</size>
         <input_file_ref idref="fl-e8"/>
      </object_component>
      <object_component id="oc-1ea">
         <name>.text:IntEnable</name>
         <load_address>0x6368</load_address>
         <run_address>0x6368</run_address>
         <size>0x60</size>
         <input_file_ref idref="fl-e8"/>
      </object_component>
      <object_component id="oc-4d9">
         <name>.text:FontWideGlyphDataGet</name>
         <load_address>0x63c8</load_address>
         <run_address>0x63c8</run_address>
         <size>0x5c</size>
         <input_file_ref idref="fl-f1"/>
      </object_component>
      <object_component id="oc-52e">
         <name>.text:UARTwrite</name>
         <load_address>0x6424</load_address>
         <run_address>0x6424</run_address>
         <size>0x5c</size>
         <input_file_ref idref="fl-9"/>
      </object_component>
      <object_component id="oc-555">
         <name>.text:ustrncpy</name>
         <load_address>0x6480</load_address>
         <run_address>0x6480</run_address>
         <size>0x58</size>
         <input_file_ref idref="fl-7"/>
      </object_component>
      <object_component id="oc-3a2">
         <name>.text:WidgetMessageSendPreOrder</name>
         <load_address>0x64d8</load_address>
         <run_address>0x64d8</run_address>
         <size>0x56</size>
         <input_file_ref idref="fl-f0"/>
      </object_component>
      <object_component id="oc-24">
         <name>.text</name>
         <load_address>0x6530</load_address>
         <run_address>0x6530</run_address>
         <size>0x54</size>
         <input_file_ref idref="fl-c6"/>
      </object_component>
      <object_component id="oc-93">
         <name>.text</name>
         <load_address>0x6584</load_address>
         <run_address>0x6584</run_address>
         <size>0x54</size>
         <input_file_ref idref="fl-cc"/>
      </object_component>
      <object_component id="oc-585">
         <name>.text:WidgetRemove</name>
         <load_address>0x65d8</load_address>
         <run_address>0x65d8</run_address>
         <size>0x4c</size>
         <input_file_ref idref="fl-f0"/>
      </object_component>
      <object_component id="oc-e8">
         <name>.text</name>
         <load_address>0x6624</load_address>
         <run_address>0x6624</run_address>
         <size>0x4c</size>
         <input_file_ref idref="fl-df"/>
      </object_component>
      <object_component id="oc-2e3">
         <name>.text:UpdateContextCharMapping</name>
         <load_address>0x6670</load_address>
         <run_address>0x6670</run_address>
         <size>0x4a</size>
         <input_file_ref idref="fl-f1"/>
      </object_component>
      <object_component id="oc-383">
         <name>.text:GPIOPinConfigure</name>
         <load_address>0x66bc</load_address>
         <run_address>0x66bc</run_address>
         <size>0x48</size>
         <input_file_ref idref="fl-e9"/>
      </object_component>
      <object_component id="oc-1fc">
         <name>.text</name>
         <load_address>0x6704</load_address>
         <run_address>0x6704</run_address>
         <size>0x48</size>
         <input_file_ref idref="fl-d1"/>
      </object_component>
      <object_component id="oc-2d6">
         <name>.text:GrLineDrawH</name>
         <load_address>0x674c</load_address>
         <run_address>0x674c</run_address>
         <size>0x46</size>
         <input_file_ref idref="fl-f4"/>
      </object_component>
      <object_component id="oc-2dc">
         <name>.text:GrLineDrawV</name>
         <load_address>0x6792</load_address>
         <run_address>0x6792</run_address>
         <size>0x46</size>
         <input_file_ref idref="fl-f4"/>
      </object_component>
      <object_component id="oc-38f">
         <name>.text:SSIConfigSetExpClk</name>
         <load_address>0x67d8</load_address>
         <run_address>0x67d8</run_address>
         <size>0x42</size>
         <input_file_ref idref="fl-e6"/>
      </object_component>
      <object_component id="oc-43">
         <name>.text:SysTickIntHandler</name>
         <load_address>0x681c</load_address>
         <run_address>0x681c</run_address>
         <size>0x40</size>
         <input_file_ref idref="fl-3"/>
      </object_component>
      <object_component id="oc-534">
         <name>.text</name>
         <load_address>0x685c</load_address>
         <run_address>0x685c</run_address>
         <size>0x40</size>
         <input_file_ref idref="fl-db"/>
      </object_component>
      <object_component id="oc-4df">
         <name>.text:FontGlyphDataGet</name>
         <load_address>0x689c</load_address>
         <run_address>0x689c</run_address>
         <size>0x3a</size>
         <input_file_ref idref="fl-f1"/>
      </object_component>
      <object_component id="oc-23c">
         <name>.text</name>
         <load_address>0x68d6</load_address>
         <run_address>0x68d6</run_address>
         <size>0x38</size>
         <input_file_ref idref="fl-d3"/>
      </object_component>
      <object_component id="oc-64a">
         <name>.text:GrClipCodeGet</name>
         <load_address>0x690e</load_address>
         <run_address>0x690e</run_address>
         <size>0x36</size>
         <input_file_ref idref="fl-f4"/>
      </object_component>
      <object_component id="oc-269">
         <name>.text:GrStringDrawRight</name>
         <load_address>0x6944</load_address>
         <run_address>0x6944</run_address>
         <size>0x36</size>
         <input_file_ref idref="fl-3"/>
      </object_component>
      <object_component id="oc-1a7">
         <name>.text:SysCtlPeripheralEnable</name>
         <load_address>0x697c</load_address>
         <run_address>0x697c</run_address>
         <size>0x34</size>
         <input_file_ref idref="fl-e5"/>
      </object_component>
      <object_component id="oc-212">
         <name>.text:usprintf</name>
         <load_address>0x69b0</load_address>
         <run_address>0x69b0</run_address>
         <size>0x32</size>
         <input_file_ref idref="fl-7"/>
      </object_component>
      <object_component id="oc-156">
         <name>.text</name>
         <load_address>0x69e2</load_address>
         <run_address>0x69e2</run_address>
         <size>0x2e</size>
         <input_file_ref idref="fl-d5"/>
      </object_component>
      <object_component id="oc-310">
         <name>.text:ADCSequenceConfigure</name>
         <load_address>0x6a10</load_address>
         <run_address>0x6a10</run_address>
         <size>0x2c</size>
         <input_file_ref idref="fl-ec"/>
      </object_component>
      <object_component id="oc-4fc">
         <name>.text:GPIODirModeSet</name>
         <load_address>0x6a3c</load_address>
         <run_address>0x6a3c</run_address>
         <size>0x2a</size>
         <input_file_ref idref="fl-e9"/>
      </object_component>
      <object_component id="oc-19b">
         <name>.text:GrFontBaselineGet</name>
         <load_address>0x6a66</load_address>
         <run_address>0x6a66</run_address>
         <size>0x2a</size>
         <input_file_ref idref="fl-f1"/>
      </object_component>
      <object_component id="oc-631">
         <name>.text:GrFontHeightGet</name>
         <load_address>0x6a90</load_address>
         <run_address>0x6a90</run_address>
         <size>0x2a</size>
         <input_file_ref idref="fl-f1"/>
      </object_component>
      <object_component id="oc-2eb">
         <name>.text:GrStringNextCharGet</name>
         <load_address>0x6aba</load_address>
         <run_address>0x6aba</run_address>
         <size>0x2a</size>
         <input_file_ref idref="fl-f1"/>
      </object_component>
      <object_component id="oc-54b">
         <name>.text:WidgetIsInTree</name>
         <load_address>0x6ae4</load_address>
         <run_address>0x6ae4</run_address>
         <size>0x2a</size>
         <input_file_ref idref="fl-f0"/>
      </object_component>
      <object_component id="oc-3e7">
         <name>.text:Kentec320x240x16_SSD2119ColorTranslate</name>
         <load_address>0x6b0e</load_address>
         <run_address>0x6b0e</run_address>
         <size>0x28</size>
         <input_file_ref idref="fl-2"/>
      </object_component>
      <object_component id="oc-334">
         <name>.text:TimerConfigure</name>
         <load_address>0x6b38</load_address>
         <run_address>0x6b38</run_address>
         <size>0x28</size>
         <input_file_ref idref="fl-e4"/>
      </object_component>
      <object_component id="oc-2f7">
         <name>.text:GrFontInfoGet</name>
         <load_address>0x6b60</load_address>
         <run_address>0x6b60</run_address>
         <size>0x26</size>
         <input_file_ref idref="fl-f1"/>
      </object_component>
      <object_component id="oc-1d8">
         <name>.text:UARTprintf</name>
         <load_address>0x6b86</load_address>
         <run_address>0x6b86</run_address>
         <size>0x24</size>
         <input_file_ref idref="fl-9"/>
      </object_component>
      <object_component id="oc-1c6">
         <name>.text:WidgetAdd</name>
         <load_address>0x6baa</load_address>
         <run_address>0x6baa</run_address>
         <size>0x24</size>
         <input_file_ref idref="fl-f0"/>
      </object_component>
      <object_component id="oc-2f1">
         <name>.text:GrFontGlyphDataGet</name>
         <load_address>0x6bce</load_address>
         <run_address>0x6bce</run_address>
         <size>0x22</size>
         <input_file_ref idref="fl-f1"/>
      </object_component>
      <object_component id="oc-409">
         <name>.text:RectangularButtonMsgProc</name>
         <load_address>0x6bf0</load_address>
         <run_address>0x6bf0</run_address>
         <size>0x22</size>
         <input_file_ref idref="fl-f3"/>
      </object_component>
      <object_component id="oc-4ca">
         <name>.text:GrFontCodepageGet</name>
         <load_address>0x6c12</load_address>
         <run_address>0x6c12</run_address>
         <size>0x1e</size>
         <input_file_ref idref="fl-f1"/>
      </object_component>
      <object_component id="oc-21f">
         <name>.text:WidgetPointerMessage</name>
         <load_address>0x6c30</load_address>
         <run_address>0x6c30</run_address>
         <size>0x1c</size>
         <input_file_ref idref="fl-f0"/>
      </object_component>
      <object_component id="oc-346">
         <name>.text:TimerControlTrigger</name>
         <load_address>0x6c4c</load_address>
         <run_address>0x6c4c</run_address>
         <size>0x18</size>
         <input_file_ref idref="fl-e4"/>
      </object_component>
      <object_component id="oc-8d">
         <name>.text</name>
         <load_address>0x6c64</load_address>
         <run_address>0x6c64</run_address>
         <size>0x18</size>
         <input_file_ref idref="fl-dd"/>
      </object_component>
      <object_component id="oc-41e">
         <name>.text:CanvasMsgProc</name>
         <load_address>0x6c7c</load_address>
         <run_address>0x6c7c</run_address>
         <size>0x14</size>
         <input_file_ref idref="fl-f9"/>
      </object_component>
      <object_component id="oc-1c0">
         <name>.text:TouchScreenCallbackSet</name>
         <load_address>0x6c90</load_address>
         <run_address>0x6c90</run_address>
         <size>0x14</size>
         <input_file_ref idref="fl-6"/>
      </object_component>
      <object_component id="oc-359">
         <name>.text:WidgetMutexGet</name>
         <load_address>0x6ca4</load_address>
         <run_address>0x6ca4</run_address>
         <size>0x14</size>
         <input_file_ref idref="fl-f0"/>
      </object_component>
      <object_component id="oc-291">
         <name>.text</name>
         <load_address>0x6cb8</load_address>
         <run_address>0x6cb8</run_address>
         <size>0x14</size>
         <input_file_ref idref="fl-dc"/>
      </object_component>
      <object_component id="oc-30a">
         <name>.text:ADCHardwareOversampleConfigure</name>
         <load_address>0x6ccc</load_address>
         <run_address>0x6ccc</run_address>
         <size>0x12</size>
         <input_file_ref idref="fl-ec"/>
      </object_component>
      <object_component id="oc-328">
         <name>.text:GPIOPinTypeGPIOOutput</name>
         <load_address>0x6cde</load_address>
         <run_address>0x6cde</run_address>
         <size>0x12</size>
         <input_file_ref idref="fl-e9"/>
      </object_component>
      <object_component id="oc-389">
         <name>.text:GPIOPinTypeSSI</name>
         <load_address>0x6cf0</load_address>
         <run_address>0x6cf0</run_address>
         <size>0x12</size>
         <input_file_ref idref="fl-e9"/>
      </object_component>
      <object_component id="oc-1a1">
         <name>.text:GrStringDraw</name>
         <load_address>0x6d02</load_address>
         <run_address>0x6d02</run_address>
         <size>0x12</size>
         <input_file_ref idref="fl-f1"/>
      </object_component>
      <object_component id="oc-340">
         <name>.text:TimerLoadSet</name>
         <load_address>0x6d14</load_address>
         <run_address>0x6d14</run_address>
         <size>0x12</size>
         <input_file_ref idref="fl-e4"/>
      </object_component>
      <object_component id="oc-322">
         <name>.text:ADCIntEnable</name>
         <load_address>0x6d26</load_address>
         <run_address>0x6d26</run_address>
         <size>0x10</size>
         <input_file_ref idref="fl-ec"/>
      </object_component>
      <object_component id="oc-165">
         <name>.text:FPUEnable</name>
         <load_address>0x6d38</load_address>
         <run_address>0x6d38</run_address>
         <size>0x10</size>
         <input_file_ref idref="fl-ea"/>
      </object_component>
      <object_component id="oc-16b">
         <name>.text:FPULazyStackingEnable</name>
         <load_address>0x6d48</load_address>
         <run_address>0x6d48</run_address>
         <size>0x10</size>
         <input_file_ref idref="fl-ea"/>
      </object_component>
      <object_component id="oc-171">
         <name>.text:MPUEnable</name>
         <load_address>0x6d58</load_address>
         <run_address>0x6d58</run_address>
         <size>0x10</size>
         <input_file_ref idref="fl-e7"/>
      </object_component>
      <object_component id="oc-1b4">
         <name>.text:uDMAEnable</name>
         <load_address>0x6d68</load_address>
         <run_address>0x6d68</run_address>
         <size>0x10</size>
         <input_file_ref idref="fl-e2"/>
      </object_component>
      <object_component id="oc-31c">
         <name>.text:ADCSequenceEnable</name>
         <load_address>0x6d78</load_address>
         <run_address>0x6d78</run_address>
         <size>0xe</size>
         <input_file_ref idref="fl-ec"/>
      </object_component>
      <object_component id="oc-61f">
         <name>.text:GrImageDraw</name>
         <load_address>0x6d86</load_address>
         <run_address>0x6d86</run_address>
         <size>0xe</size>
         <input_file_ref idref="fl-f5"/>
      </object_component>
      <object_component id="oc-34c">
         <name>.text:TimerEnable</name>
         <load_address>0x6d94</load_address>
         <run_address>0x6d94</run_address>
         <size>0xe</size>
         <input_file_ref idref="fl-e4"/>
      </object_component>
      <object_component id="oc-18">
         <name>.text:decompress:none</name>
         <load_address>0x6da2</load_address>
         <run_address>0x6da2</run_address>
         <size>0xe</size>
         <input_file_ref idref="fl-c8"/>
      </object_component>
      <object_component id="oc-be">
         <name>.text:SSIDataGet</name>
         <load_address>0x6db0</load_address>
         <run_address>0x6db0</run_address>
         <size>0xc</size>
         <input_file_ref idref="fl-e6"/>
      </object_component>
      <object_component id="oc-1e">
         <name>.text:decompress:ZI</name>
         <load_address>0x6dbc</load_address>
         <run_address>0x6dbc</run_address>
         <size>0xc</size>
         <input_file_ref idref="fl-c9"/>
      </object_component>
      <object_component id="oc-1ae">
         <name>.text:uDMAControlBaseSet</name>
         <load_address>0x6dc8</load_address>
         <run_address>0x6dc8</run_address>
         <size>0xc</size>
         <input_file_ref idref="fl-e2"/>
      </object_component>
      <object_component id="oc-3ed">
         <name>.text:Kentec320x240x16_SSD2119Flush</name>
         <load_address>0x6dd4</load_address>
         <run_address>0x6dd4</run_address>
         <size>0xa</size>
         <input_file_ref idref="fl-2"/>
      </object_component>
      <object_component id="oc-395">
         <name>.text:SSIEnable</name>
         <load_address>0x6dde</load_address>
         <run_address>0x6dde</run_address>
         <size>0xa</size>
         <input_file_ref idref="fl-e6"/>
      </object_component>
      <object_component id="oc-b8">
         <name>.text:SSIIntStatus</name>
         <load_address>0x6de8</load_address>
         <run_address>0x6de8</run_address>
         <size>0xa</size>
         <input_file_ref idref="fl-e6"/>
      </object_component>
      <object_component id="oc-4b9">
         <name>.text:GrMapISO8859_1_Unicode</name>
         <load_address>0x6df2</load_address>
         <run_address>0x6df2</run_address>
         <size>0x8</size>
         <input_file_ref idref="fl-f8"/>
      </object_component>
      <object_component id="oc-1e4">
         <name>.text:SSIIntEnable</name>
         <load_address>0x6dfa</load_address>
         <run_address>0x6dfa</run_address>
         <size>0x8</size>
         <input_file_ref idref="fl-e6"/>
      </object_component>
      <object_component id="oc-32e">
         <name>.text:GPIOPinWrite</name>
         <load_address>0x6e02</load_address>
         <run_address>0x6e02</run_address>
         <size>0x6</size>
         <input_file_ref idref="fl-e9"/>
      </object_component>
      <object_component id="oc-18f">
         <name>.text:GrContextFontSet</name>
         <load_address>0x6e08</load_address>
         <run_address>0x6e08</run_address>
         <size>0x6</size>
         <input_file_ref idref="fl-f1"/>
      </object_component>
      <object_component id="oc-2b">
         <name>.text:ResetISR</name>
         <load_address>0x6e0e</load_address>
         <run_address>0x6e0e</run_address>
         <size>0x6</size>
         <input_file_ref idref="fl-5"/>
      </object_component>
      <object_component id="oc-1ad">
         <name>.text:SysCtlDelay</name>
         <load_address>0x6e14</load_address>
         <run_address>0x6e14</run_address>
         <size>0x6</size>
         <input_file_ref idref="fl-e5"/>
      </object_component>
      <object_component id="oc-369">
         <name>.text:UARTClockSourceSet</name>
         <load_address>0x6e1a</load_address>
         <run_address>0x6e1a</run_address>
         <size>0x6</size>
         <input_file_ref idref="fl-e3"/>
      </object_component>
      <object_component id="oc-35a">
         <name>.text:WidgetMutexPut</name>
         <load_address>0x6e20</load_address>
         <run_address>0x6e20</run_address>
         <size>0x6</size>
         <input_file_ref idref="fl-f0"/>
      </object_component>
      <object_component id="oc-c4">
         <name>.text:SSIIntClear</name>
         <load_address>0x6e26</load_address>
         <run_address>0x6e26</run_address>
         <size>0x4</size>
         <input_file_ref idref="fl-e6"/>
      </object_component>
      <object_component id="oc-3fc">
         <name>.text:WidgetDefaultMsgProc</name>
         <load_address>0x6e2a</load_address>
         <run_address>0x6e2a</run_address>
         <size>0x4</size>
         <input_file_ref idref="fl-f0"/>
      </object_component>
      <object_component id="oc-81">
         <name>.text</name>
         <load_address>0x6e2e</load_address>
         <run_address>0x6e2e</run_address>
         <size>0x4</size>
         <input_file_ref idref="fl-d9"/>
      </object_component>
      <object_component id="oc-3f5">
         <name>.const:.string:g_pui8Cm20Data</name>
         <load_address>0x6e34</load_address>
         <run_address>0x6e34</run_address>
         <size>0x95e</size>
         <input_file_ref idref="fl-ed"/>
      </object_component>
      <object_component id="oc-5d0">
         <name>.const:.string:g_pui8Cm14Data</name>
         <load_address>0x7794</load_address>
         <run_address>0x7794</run_address>
         <size>0x65a</size>
         <input_file_ref idref="fl-ee"/>
      </object_component>
      <object_component id="oc-5e3">
         <name>.const:.string:g_pui8Cm12Data</name>
         <load_address>0x7df0</load_address>
         <run_address>0x7df0</run_address>
         <size>0x55f</size>
         <input_file_ref idref="fl-ef"/>
      </object_component>
      <object_component id="oc-410">
         <name>.const:.string:g_pucBlue50x50</name>
         <load_address>0x834f</load_address>
         <run_address>0x834f</run_address>
         <size>0x210</size>
         <input_file_ref idref="fl-4"/>
      </object_component>
      <object_component id="oc-413">
         <name>.const:.string:g_pucBlue50x50Press</name>
         <load_address>0x855f</load_address>
         <run_address>0x855f</run_address>
         <size>0x20e</size>
         <input_file_ref idref="fl-4"/>
      </object_component>
      <object_component id="oc-40f">
         <name>.const:.string</name>
         <load_address>0x8770</load_address>
         <run_address>0x8770</run_address>
         <size>0xfa</size>
         <input_file_ref idref="fl-3"/>
      </object_component>
      <object_component id="oc-487">
         <name>.const:g_sFontCm12</name>
         <load_address>0x886c</load_address>
         <run_address>0x886c</run_address>
         <size>0xc8</size>
         <input_file_ref idref="fl-ef"/>
      </object_component>
      <object_component id="oc-45d">
         <name>.const:g_sFontCm14</name>
         <load_address>0x8934</load_address>
         <run_address>0x8934</run_address>
         <size>0xc8</size>
         <input_file_ref idref="fl-ee"/>
      </object_component>
      <object_component id="oc-21b">
         <name>.const:g_sFontCm20</name>
         <load_address>0x89fc</load_address>
         <run_address>0x89fc</run_address>
         <size>0xc8</size>
         <input_file_ref idref="fl-ed"/>
      </object_component>
      <object_component id="oc-53f">
         <name>.const:g_pui32GPIOBaseAddrs</name>
         <load_address>0x8ac4</load_address>
         <run_address>0x8ac4</run_address>
         <size>0x78</size>
         <input_file_ref idref="fl-e9"/>
      </object_component>
      <object_component id="oc-39d">
         <name>.const</name>
         <load_address>0x8b3c</load_address>
         <run_address>0x8b3c</run_address>
         <size>0x70</size>
         <input_file_ref idref="fl-e8"/>
      </object_component>
      <object_component id="oc-507">
         <name>.const:g_pui32Xtals</name>
         <load_address>0x8bac</load_address>
         <run_address>0x8bac</run_address>
         <size>0x6c</size>
         <input_file_ref idref="fl-e5"/>
      </object_component>
      <object_component id="oc-352">
         <name>.const:g_lTouchParameters</name>
         <load_address>0x8c18</load_address>
         <run_address>0x8c18</run_address>
         <size>0x38</size>
         <input_file_ref idref="fl-6"/>
      </object_component>
      <object_component id="oc-218">
         <name>.const:g_sKentec320x240x16_SSD2119</name>
         <load_address>0x8c50</load_address>
         <run_address>0x8c50</run_address>
         <size>0x28</size>
         <input_file_ref idref="fl-2"/>
      </object_component>
      <object_component id="oc-60f">
         <name>.const:.string</name>
         <load_address>0x8c78</load_address>
         <run_address>0x8c78</run_address>
         <size>0x12</size>
         <input_file_ref idref="fl-9"/>
      </object_component>
      <object_component id="oc-616">
         <name>.const:.string</name>
         <load_address>0x8c8c</load_address>
         <run_address>0x8c8c</run_address>
         <size>0x12</size>
         <input_file_ref idref="fl-7"/>
      </object_component>
      <object_component id="oc-2c7">
         <name>.const</name>
         <load_address>0x8ca0</load_address>
         <run_address>0x8ca0</run_address>
         <size>0x10</size>
         <input_file_ref idref="fl-f6"/>
      </object_component>
      <object_component id="oc-52a">
         <name>.const:g_ui32UARTBase</name>
         <load_address>0x8cb0</load_address>
         <run_address>0x8cb0</run_address>
         <size>0xc</size>
         <input_file_ref idref="fl-9"/>
      </object_component>
      <object_component id="oc-521">
         <name>.const:g_ui32UARTPeriph</name>
         <load_address>0x8cbc</load_address>
         <run_address>0x8cbc</run_address>
         <size>0xc</size>
         <input_file_ref idref="fl-9"/>
      </object_component>
      <object_component id="oc-539">
         <name>.const</name>
         <load_address>0x8cc8</load_address>
         <run_address>0x8cc8</run_address>
         <size>0x4</size>
         <input_file_ref idref="fl-9"/>
      </object_component>
      <object_component id="oc-55b">
         <name>.const</name>
         <load_address>0x8ccc</load_address>
         <run_address>0x8ccc</run_address>
         <size>0x4</size>
         <input_file_ref idref="fl-7"/>
      </object_component>
      <object_component id="oc-693">
         <name>.cinit..data.load</name>
         <load_address>0x8cd0</load_address>
         <run_address>0x8cd0</run_address>
         <size>0x20c</size>
      </object_component>
      <object_component id="oc-691">
         <name>__TI_handler_table</name>
         <load_address>0x8edc</load_address>
         <run_address>0x8edc</run_address>
         <size>0xc</size>
      </object_component>
      <object_component id="oc-694">
         <name>.cinit..bss.load</name>
         <load_address>0x8ee8</load_address>
         <run_address>0x8ee8</run_address>
         <size>0x8</size>
      </object_component>
      <object_component id="oc-692">
         <name>__TI_cinit_table</name>
         <load_address>0x8ef0</load_address>
         <run_address>0x8ef0</run_address>
         <size>0x10</size>
      </object_component>
      <object_component id="oc-2bd">
         <name>.data</name>
         <load_address>0x20000ed0</load_address>
         <run_address>0x20000ed0</run_address>
         <size>0x8</size>
         <input_file_ref idref="fl-2"/>
      </object_component>
      <object_component id="oc-a1">
         <name>.data</name>
         <load_address>0x20000c60</load_address>
         <run_address>0x20000c60</run_address>
         <size>0x48</size>
         <input_file_ref idref="fl-3"/>
      </object_component>
      <object_component id="oc-278">
         <name>.data:iAGC_Curve</name>
         <load_address>0x20000500</load_address>
         <run_address>0x20000500</run_address>
         <size>0x140</size>
         <input_file_ref idref="fl-3"/>
      </object_component>
      <object_component id="oc-27b">
         <name>.data:iLock_Curve</name>
         <load_address>0x20000a00</load_address>
         <run_address>0x20000a00</run_address>
         <size>0x140</size>
         <input_file_ref idref="fl-3"/>
      </object_component>
      <object_component id="oc-27e">
         <name>.data:iHold_Curve</name>
         <load_address>0x200008c0</load_address>
         <run_address>0x200008c0</run_address>
         <size>0x140</size>
         <input_file_ref idref="fl-3"/>
      </object_component>
      <object_component id="oc-284">
         <name>.data:iCRC_Curve</name>
         <load_address>0x20000640</load_address>
         <run_address>0x20000640</run_address>
         <size>0x140</size>
         <input_file_ref idref="fl-3"/>
      </object_component>
      <object_component id="oc-281">
         <name>.data:iFrame_Curve</name>
         <load_address>0x20000780</load_address>
         <run_address>0x20000780</run_address>
         <size>0x140</size>
         <input_file_ref idref="fl-3"/>
      </object_component>
      <object_component id="oc-265">
         <name>.data:g_psPushButtons2</name>
         <load_address>0x20000280</load_address>
         <run_address>0x20000280</run_address>
         <size>0x280</size>
         <input_file_ref idref="fl-3"/>
      </object_component>
      <object_component id="oc-42e">
         <name>.data:g_psButtonCanvas</name>
         <load_address>0x20000b40</load_address>
         <run_address>0x20000b40</run_address>
         <size>0x80</size>
         <input_file_ref idref="fl-3"/>
      </object_component>
      <object_component id="oc-431">
         <name>.data:g_sLED_Display</name>
         <load_address>0x20000ca8</load_address>
         <run_address>0x20000ca8</run_address>
         <size>0x40</size>
         <input_file_ref idref="fl-3"/>
      </object_component>
      <object_component id="oc-434">
         <name>.data:g_sStatusData</name>
         <load_address>0x20000de8</load_address>
         <run_address>0x20000de8</run_address>
         <size>0x40</size>
         <input_file_ref idref="fl-3"/>
      </object_component>
      <object_component id="oc-437">
         <name>.data:g_sRxStatus</name>
         <load_address>0x20000d68</load_address>
         <run_address>0x20000d68</run_address>
         <size>0x40</size>
         <input_file_ref idref="fl-3"/>
      </object_component>
      <object_component id="oc-43a">
         <name>.data:g_sPLLStatus</name>
         <load_address>0x20000ce8</load_address>
         <run_address>0x20000ce8</run_address>
         <size>0x40</size>
         <input_file_ref idref="fl-3"/>
      </object_component>
      <object_component id="oc-43d">
         <name>.data:g_sSYNCStatus</name>
         <load_address>0x20000da8</load_address>
         <run_address>0x20000da8</run_address>
         <size>0x40</size>
         <input_file_ref idref="fl-3"/>
      </object_component>
      <object_component id="oc-440">
         <name>.data:g_sRXMSGStatus</name>
         <load_address>0x20000d28</load_address>
         <run_address>0x20000d28</run_address>
         <size>0x40</size>
         <input_file_ref idref="fl-3"/>
      </object_component>
      <object_component id="oc-232">
         <name>.data:g_psPanels</name>
         <load_address>0x20000000</load_address>
         <run_address>0x20000000</run_address>
         <size>0x280</size>
         <input_file_ref idref="fl-3"/>
      </object_component>
      <object_component id="oc-235">
         <name>.data:g_pcPanelNames</name>
         <load_address>0x20000e98</load_address>
         <run_address>0x20000e98</run_address>
         <size>0x24</size>
         <input_file_ref idref="fl-3"/>
      </object_component>
      <object_component id="oc-228">
         <name>.data:g_sPrevious</name>
         <load_address>0x20000c10</load_address>
         <run_address>0x20000c10</run_address>
         <size>0x50</size>
         <input_file_ref idref="fl-3"/>
      </object_component>
      <object_component id="oc-22b">
         <name>.data:g_sTitle</name>
         <load_address>0x20000e28</load_address>
         <run_address>0x20000e28</run_address>
         <size>0x40</size>
         <input_file_ref idref="fl-3"/>
      </object_component>
      <object_component id="oc-22e">
         <name>.data:g_sNext</name>
         <load_address>0x20000bc0</load_address>
         <run_address>0x20000bc0</run_address>
         <size>0x50</size>
         <input_file_ref idref="fl-3"/>
      </object_component>
      <object_component id="oc-111">
         <name>.data</name>
         <load_address>0x20000ee8</load_address>
         <run_address>0x20000ee8</run_address>
         <size>0x4</size>
         <input_file_ref idref="fl-6"/>
      </object_component>
      <object_component id="oc-524">
         <name>.data</name>
         <load_address>0x20000ed8</load_address>
         <run_address>0x20000ed8</run_address>
         <size>0x5</size>
         <input_file_ref idref="fl-9"/>
      </object_component>
      <object_component id="oc-3b7">
         <name>.data</name>
         <load_address>0x20000ee0</load_address>
         <run_address>0x20000ee0</run_address>
         <size>0x4</size>
         <input_file_ref idref="fl-cb"/>
      </object_component>
      <object_component id="oc-fe">
         <name>.data:$O1$$</name>
         <load_address>0x20000ebc</load_address>
         <run_address>0x20000ebc</run_address>
         <size>0xc</size>
         <input_file_ref idref="fl-cc"/>
      </object_component>
      <object_component id="oc-99">
         <name>.data</name>
         <load_address>0x20000ee4</load_address>
         <run_address>0x20000ee4</run_address>
         <size>0x4</size>
         <input_file_ref idref="fl-da"/>
      </object_component>
      <object_component id="oc-101">
         <name>.data:$O1$$</name>
         <load_address>0x20000ec8</load_address>
         <run_address>0x20000ec8</run_address>
         <size>0x8</size>
         <input_file_ref idref="fl-dc"/>
      </object_component>
      <object_component id="oc-225">
         <name>.data</name>
         <load_address>0x20000e68</load_address>
         <run_address>0x20000e68</run_address>
         <size>0x2d</size>
         <input_file_ref idref="fl-f0"/>
      </object_component>
      <object_component id="oc-239">
         <name>.bss:val_AGC_Str</name>
         <uninitialized>true</uninitialized>
         <run_address>0x2000179c</run_address>
         <size>0x14</size>
         <input_file_ref idref="fl-3"/>
      </object_component>
      <object_component id="oc-241">
         <name>.bss:val_Lock_Str</name>
         <uninitialized>true</uninitialized>
         <run_address>0x20001814</run_address>
         <size>0x14</size>
         <input_file_ref idref="fl-3"/>
      </object_component>
      <object_component id="oc-244">
         <name>.bss:val_HOLD_Str</name>
         <uninitialized>true</uninitialized>
         <run_address>0x20001800</run_address>
         <size>0x14</size>
         <input_file_ref idref="fl-3"/>
      </object_component>
      <object_component id="oc-248">
         <name>.bss:val_EVM_Str</name>
         <uninitialized>true</uninitialized>
         <run_address>0x200017d8</run_address>
         <size>0x14</size>
         <input_file_ref idref="fl-3"/>
      </object_component>
      <object_component id="oc-250">
         <name>.bss:val_Frame_Str</name>
         <uninitialized>true</uninitialized>
         <run_address>0x200017ec</run_address>
         <size>0x14</size>
         <input_file_ref idref="fl-3"/>
      </object_component>
      <object_component id="oc-253">
         <name>.bss:val_CRC_Str</name>
         <uninitialized>true</uninitialized>
         <run_address>0x200017c4</run_address>
         <size>0x14</size>
         <input_file_ref idref="fl-3"/>
      </object_component>
      <object_component id="oc-256">
         <name>.bss:val_BER_Str</name>
         <uninitialized>true</uninitialized>
         <run_address>0x200017b0</run_address>
         <size>0x14</size>
         <input_file_ref idref="fl-3"/>
      </object_component>
      <object_component id="oc-259">
         <name>.bss:val8_string</name>
         <uninitialized>true</uninitialized>
         <run_address>0x20001774</run_address>
         <size>0x14</size>
         <input_file_ref idref="fl-3"/>
      </object_component>
      <object_component id="oc-262">
         <name>.bss:val9_string</name>
         <uninitialized>true</uninitialized>
         <run_address>0x20001788</run_address>
         <size>0x14</size>
         <input_file_ref idref="fl-3"/>
      </object_component>
      <object_component id="oc-275">
         <name>.bss:val10_string</name>
         <uninitialized>true</uninitialized>
         <run_address>0x20001760</run_address>
         <size>0x14</size>
         <input_file_ref idref="fl-3"/>
      </object_component>
      <object_component id="oc-b0">
         <name>.bss</name>
         <uninitialized>true</uninitialized>
         <run_address>0x20001844</run_address>
         <size>0x8</size>
         <input_file_ref idref="fl-6"/>
      </object_component>
      <object_component id="oc-114">
         <name>.bss:g_psSamples</name>
         <uninitialized>true</uninitialized>
         <run_address>0x20001828</run_address>
         <size>0x10</size>
         <input_file_ref idref="fl-6"/>
      </object_component>
      <object_component id="oc-360">
         <name>.bss:g_psMQ</name>
         <uninitialized>true</uninitialized>
         <run_address>0x20001600</run_address>
         <size>0x140</size>
         <input_file_ref idref="fl-f0"/>
      </object_component>
      <object_component id="oc-669">
         <name>.bss</name>
         <uninitialized>true</uninitialized>
         <run_address>0x20001740</run_address>
         <size>0x20</size>
         <input_file_ref idref="fl-f5"/>
      </object_component>
      <object_component id="oc-2ca">
         <name>.bss</name>
         <uninitialized>true</uninitialized>
         <run_address>0x2000184c</run_address>
         <size>0x4</size>
         <input_file_ref idref="fl-f6"/>
      </object_component>
      <object_component id="oc-247">
         <name>.common:my_noise</name>
         <uninitialized>true</uninitialized>
         <run_address>0x20001864</run_address>
         <size>0x4</size>
      </object_component>
      <object_component id="oc-ca">
         <name>.common:g_ulDataRx2</name>
         <uninitialized>true</uninitialized>
         <run_address>0x20001400</run_address>
         <size>0x200</size>
      </object_component>
      <object_component id="oc-21e">
         <name>.common:sDMAControlTable</name>
         <uninitialized>true</uninitialized>
         <run_address>0x20001000</run_address>
         <size>0x400</size>
      </object_component>
      <object_component id="oc-238">
         <name>.common:g_pui32Colors</name>
         <uninitialized>true</uninitialized>
         <run_address>0x20001838</run_address>
         <size>0xc</size>
      </object_component>
      <object_component id="oc-268">
         <name>.common:g_ulButtonState</name>
         <uninitialized>true</uninitialized>
         <run_address>0x20001854</run_address>
         <size>0x4</size>
      </object_component>
      <object_component id="oc-5da">
         <name>.common:g_ulButtonState2</name>
         <uninitialized>true</uninitialized>
         <run_address>0x20001858</run_address>
         <size>0x4</size>
      </object_component>
      <object_component id="oc-231">
         <name>.common:g_ulPanel</name>
         <uninitialized>true</uninitialized>
         <run_address>0x2000185c</run_address>
         <size>0x4</size>
      </object_component>
      <object_component id="oc-58b">
         <name>.common:g_ulPreviousPanel</name>
         <uninitialized>true</uninitialized>
         <run_address>0x20001860</run_address>
         <size>0x4</size>
      </object_component>
      <object_component id="oc-110">
         <name>.common:g_plParmSet</name>
         <uninitialized>true</uninitialized>
         <run_address>0x20001850</run_address>
         <size>0x4</size>
      </object_component>
      <object_component id="oc-b3">
         <name>.common:g_sTouchX</name>
         <uninitialized>true</uninitialized>
         <run_address>0x20001868</run_address>
         <size>0x2</size>
      </object_component>
      <object_component id="oc-b6">
         <name>.common:g_sTouchY</name>
         <uninitialized>true</uninitialized>
         <run_address>0x2000186a</run_address>
         <size>0x2</size>
      </object_component>
      <object_component id="oc-2a">
         <name>.stack</name>
         <uninitialized>true</uninitialized>
         <run_address>0x2000186c</run_address>
         <size>0x0</size>
         <input_file_ref idref="fl-c6"/>
      </object_component>
      <object_component id="oc-695">
         <name>.stack</name>
         <uninitialized>true</uninitialized>
         <run_address>0x2000186c</run_address>
         <size>0x0</size>
      </object_component>
      <object_component id="oc-2a1">
         <name>.debug_info</name>
         <load_address>0x0</load_address>
         <run_address>0x0</run_address>
         <size>0x3a4</size>
         <input_file_ref idref="fl-2"/>
      </object_component>
      <object_component id="oc-2be">
         <name>.debug_info</name>
         <load_address>0x3a4</load_address>
         <run_address>0x3a4</run_address>
         <size>0x10d</size>
         <input_file_ref idref="fl-2"/>
      </object_component>
      <object_component id="oc-219">
         <name>.debug_info</name>
         <load_address>0x4b1</load_address>
         <run_address>0x4b1</run_address>
         <size>0x107</size>
         <input_file_ref idref="fl-2"/>
      </object_component>
      <object_component id="oc-4a0">
         <name>.debug_info</name>
         <load_address>0x5b8</load_address>
         <run_address>0x5b8</run_address>
         <size>0x173</size>
         <input_file_ref idref="fl-2"/>
      </object_component>
      <object_component id="oc-4a6">
         <name>.debug_info</name>
         <load_address>0x72b</load_address>
         <run_address>0x72b</run_address>
         <size>0x179</size>
         <input_file_ref idref="fl-2"/>
      </object_component>
      <object_component id="oc-2b8">
         <name>.debug_info</name>
         <load_address>0x8a4</load_address>
         <run_address>0x8a4</run_address>
         <size>0x2cb</size>
         <input_file_ref idref="fl-2"/>
      </object_component>
      <object_component id="oc-178">
         <name>.debug_info</name>
         <load_address>0xb6f</load_address>
         <run_address>0xb6f</run_address>
         <size>0x376</size>
         <input_file_ref idref="fl-2"/>
      </object_component>
      <object_component id="oc-3ca">
         <name>.debug_info</name>
         <load_address>0xee5</load_address>
         <run_address>0xee5</run_address>
         <size>0x246</size>
         <input_file_ref idref="fl-2"/>
      </object_component>
      <object_component id="oc-3d0">
         <name>.debug_info</name>
         <load_address>0x112b</load_address>
         <run_address>0x112b</run_address>
         <size>0x308</size>
         <input_file_ref idref="fl-2"/>
      </object_component>
      <object_component id="oc-3d6">
         <name>.debug_info</name>
         <load_address>0x1433</load_address>
         <run_address>0x1433</run_address>
         <size>0x260</size>
         <input_file_ref idref="fl-2"/>
      </object_component>
      <object_component id="oc-3dc">
         <name>.debug_info</name>
         <load_address>0x1693</load_address>
         <run_address>0x1693</run_address>
         <size>0x260</size>
         <input_file_ref idref="fl-2"/>
      </object_component>
      <object_component id="oc-3e2">
         <name>.debug_info</name>
         <load_address>0x18f3</load_address>
         <run_address>0x18f3</run_address>
         <size>0x2ad</size>
         <input_file_ref idref="fl-2"/>
      </object_component>
      <object_component id="oc-3e8">
         <name>.debug_info</name>
         <load_address>0x1ba0</load_address>
         <run_address>0x1ba0</run_address>
         <size>0x1f4</size>
         <input_file_ref idref="fl-2"/>
      </object_component>
      <object_component id="oc-3ee">
         <name>.debug_info</name>
         <load_address>0x1d94</load_address>
         <run_address>0x1d94</run_address>
         <size>0x1af</size>
         <input_file_ref idref="fl-2"/>
      </object_component>
      <object_component id="oc-11c">
         <name>.debug_info</name>
         <load_address>0x1f43</load_address>
         <run_address>0x1f43</run_address>
         <size>0x6bd</size>
         <input_file_ref idref="fl-2"/>
      </object_component>
      <object_component id="oc-10b">
         <name>.debug_info</name>
         <load_address>0x2600</load_address>
         <run_address>0x2600</run_address>
         <size>0x8b</size>
         <input_file_ref idref="fl-2"/>
      </object_component>
      <object_component id="oc-4ad">
         <name>.debug_info</name>
         <load_address>0x268b</load_address>
         <run_address>0x268b</run_address>
         <size>0x39</size>
         <input_file_ref idref="fl-2"/>
      </object_component>
      <object_component id="oc-a5">
         <name>.debug_info</name>
         <load_address>0x26c4</load_address>
         <run_address>0x26c4</run_address>
         <size>0x18b</size>
         <input_file_ref idref="fl-2"/>
      </object_component>
      <object_component id="oc-cb">
         <name>.debug_info</name>
         <load_address>0x284f</load_address>
         <run_address>0x284f</run_address>
         <size>0x1065</size>
         <input_file_ref idref="fl-3"/>
      </object_component>
      <object_component id="oc-a2">
         <name>.debug_info</name>
         <load_address>0x38b4</load_address>
         <run_address>0x38b4</run_address>
         <size>0x2fe</size>
         <input_file_ref idref="fl-3"/>
      </object_component>
      <object_component id="oc-279">
         <name>.debug_info</name>
         <load_address>0x3bb2</load_address>
         <run_address>0x3bb2</run_address>
         <size>0xd8</size>
         <input_file_ref idref="fl-3"/>
      </object_component>
      <object_component id="oc-27c">
         <name>.debug_info</name>
         <load_address>0x3c8a</load_address>
         <run_address>0x3c8a</run_address>
         <size>0xda</size>
         <input_file_ref idref="fl-3"/>
      </object_component>
      <object_component id="oc-27f">
         <name>.debug_info</name>
         <load_address>0x3d64</load_address>
         <run_address>0x3d64</run_address>
         <size>0xda</size>
         <input_file_ref idref="fl-3"/>
      </object_component>
      <object_component id="oc-285">
         <name>.debug_info</name>
         <load_address>0x3e3e</load_address>
         <run_address>0x3e3e</run_address>
         <size>0xd8</size>
         <input_file_ref idref="fl-3"/>
      </object_component>
      <object_component id="oc-282">
         <name>.debug_info</name>
         <load_address>0x3f16</load_address>
         <run_address>0x3f16</run_address>
         <size>0xdc</size>
         <input_file_ref idref="fl-3"/>
      </object_component>
      <object_component id="oc-23a">
         <name>.debug_info</name>
         <load_address>0x3ff2</load_address>
         <run_address>0x3ff2</run_address>
         <size>0xd9</size>
         <input_file_ref idref="fl-3"/>
      </object_component>
      <object_component id="oc-242">
         <name>.debug_info</name>
[...]
      </symbol>
      <symbol id="sm-629">
         <name>UARTStdioConfig</name>
         <value>0x5da5</value>
         <object_component_ref idref="oc-36f"/>
      </symbol>
      <symbol id="sm-62a">
         <name>UARTwrite</name>
         <value>0x6425</value>
         <object_component_ref idref="oc-52e"/>
      </symbol>
      <symbol id="sm-62b">
         <name>UARTprintf</name>
         <value>0x6b87</value>
         <object_component_ref idref="oc-1d8"/>
      </symbol>
      <symbol id="sm-62c">
         <name>UARTvprintf</name>
         <value>0x2585</value>
         <object_component_ref idref="oc-376"/>
      </symbol>
      <symbol id="sm-63d">
         <name>_c_int00</name>
         <value>0x6531</value>
         <object_component_ref idref="oc-24"/>
      </symbol>
      <symbol id="sm-63e">
         <name>__stack</name>
         <value>0x2000186c</value>
         <object_component_ref idref="oc-2a"/>
      </symbol>
      <symbol id="sm-65c">
         <name>__TI_decompress_lzss</name>
         <value>0x6045</value>
         <object_component_ref idref="oc-12"/>
      </symbol>
      <symbol id="sm-673">
         <name>__TI_decompress_none</name>
         <value>0x6da3</value>
         <object_component_ref idref="oc-18"/>
      </symbol>
      <symbol id="sm-68a">
         <name>__TI_zero_init</name>
         <value>0x6dbd</value>
         <object_component_ref idref="oc-1e"/>
      </symbol>
      <symbol id="sm-6b8">
         <name>log10</name>
         <value>0x2891</value>
         <object_component_ref idref="oc-206"/>
      </symbol>
      <symbol id="sm-6b9">
         <name>log10l</name>
         <value>0x2891</value>
         <object_component_ref idref="oc-206"/>
      </symbol>
      <symbol id="sm-6c1">
         <name>errno</name>
         <value>0x20000ee0</value>
         <object_component_ref idref="oc-3b7"/>
      </symbol>
      <symbol id="sm-6e2">
         <name>C$$EXIT</name>
         <value>0x6585</value>
         <object_component_ref idref="oc-93"/>
      </symbol>
      <symbol id="sm-6e3">
         <name>abort</name>
         <value>0x6589</value>
         <object_component_ref idref="oc-93"/>
      </symbol>
      <symbol id="sm-6e4">
         <name>exit</name>
         <value>0x6591</value>
         <object_component_ref idref="oc-93"/>
      </symbol>
      <symbol id="sm-6e5">
         <name>__TI_dtors_ptr</name>
         <value>0x20000ec0</value>
         <object_component_ref idref="oc-fe"/>
      </symbol>
      <symbol id="sm-6e6">
         <name>__TI_cleanup_ptr</name>
         <value>0x20000ebc</value>
         <object_component_ref idref="oc-fe"/>
      </symbol>
      <symbol id="sm-6e7">
         <name>__TI_enable_exit_profile_output</name>
         <value>0x20000ec4</value>
         <object_component_ref idref="oc-fe"/>
      </symbol>
      <symbol id="sm-6fe">
         <name>__aeabi_dsub</name>
         <value>0x39e1</value>
         <object_component_ref idref="oc-201"/>
      </symbol>
      <symbol id="sm-6ff">
         <name>__aeabi_dadd</name>
         <value>0x39eb</value>
         <object_component_ref idref="oc-201"/>
      </symbol>
      <symbol id="sm-711">
         <name>__aeabi_cdrcmple</name>
         <value>0x5ac7</value>
         <object_component_ref idref="oc-24b"/>
      </symbol>
      <symbol id="sm-725">
         <name>__aeabi_ddiv</name>
         <value>0x466d</value>
         <object_component_ref idref="oc-15b"/>
      </symbol>
      <symbol id="sm-730">
         <name>__aeabi_dmul</name>
         <value>0x4e0d</value>
         <object_component_ref idref="oc-3b2"/>
      </symbol>
      <symbol id="sm-73a">
         <name>__aeabi_d2iz</name>
         <value>0x6705</value>
         <object_component_ref idref="oc-1fc"/>
      </symbol>
      <symbol id="sm-746">
         <name>__aeabi_d2f</name>
         <value>0x5f6d</value>
         <object_component_ref idref="oc-160"/>
      </symbol>
      <symbol id="sm-751">
         <name>__aeabi_f2d</name>
         <value>0x68d7</value>
         <object_component_ref idref="oc-23c"/>
      </symbol>
      <symbol id="sm-75c">
         <name>__aeabi_i2d</name>
         <value>0x69e3</value>
         <object_component_ref idref="oc-156"/>
      </symbol>
      <symbol id="sm-777">
         <name>memcpy</name>
         <value>0x56d5</value>
         <object_component_ref idref="oc-63"/>
      </symbol>
      <symbol id="sm-778">
         <name>__aeabi_memcpy</name>
         <value>0x56d5</value>
         <object_component_ref idref="oc-63"/>
      </symbol>
      <symbol id="sm-779">
         <name>__aeabi_memcpy8</name>
         <value>0x56d5</value>
         <object_component_ref idref="oc-63"/>
      </symbol>
      <symbol id="sm-77a">
         <name>__aeabi_memcpy4</name>
         <value>0x56d5</value>
         <object_component_ref idref="oc-63"/>
      </symbol>
      <symbol id="sm-789">
         <name>__aeabi_memset</name>
         <value>0x5bcb</value>
         <object_component_ref idref="oc-6f"/>
      </symbol>
      <symbol id="sm-78a">
         <name>memset</name>
         <value>0x5bd1</value>
         <object_component_ref idref="oc-6f"/>
      </symbol>
      <symbol id="sm-78b">
         <name>__aeabi_memset8</name>
         <value>0x5bcb</value>
         <object_component_ref idref="oc-6f"/>
      </symbol>
      <symbol id="sm-78c">
         <name>__aeabi_memset4</name>
         <value>0x5bcb</value>
         <object_component_ref idref="oc-6f"/>
      </symbol>
      <symbol id="sm-78d">
         <name>__aeabi_memclr8</name>
         <value>0x5bc9</value>
         <object_component_ref idref="oc-6f"/>
      </symbol>
      <symbol id="sm-78e">
         <name>__aeabi_memclr4</name>
         <value>0x5bc9</value>
         <object_component_ref idref="oc-6f"/>
      </symbol>
      <symbol id="sm-78f">
         <name>__aeabi_memclr</name>
         <value>0x5bc9</value>
         <object_component_ref idref="oc-6f"/>
      </symbol>
      <symbol id="sm-799">
         <name>__mpu_init</name>
         <value>0x6113</value>
         <object_component_ref idref="oc-7b"/>
      </symbol>
      <symbol id="sm-7a3">
         <name>_system_pre_init</name>
         <value>0x6e2f</value>
         <object_component_ref idref="oc-81"/>
      </symbol>
      <symbol id="sm-7ab">
         <name>main_func_sp</name>
         <value>0x20000ee4</value>
         <object_component_ref idref="oc-99"/>
      </symbol>
      <symbol id="sm-7ba">
         <name>__aeabi_uidivmod</name>
         <value>0x685d</value>
         <object_component_ref idref="oc-534"/>
      </symbol>
      <symbol id="sm-7bb">
         <name>__aeabi_uidiv</name>
         <value>0x685d</value>
         <object_component_ref idref="oc-534"/>
      </symbol>
      <symbol id="sm-7d4">
         <name>_nop</name>
         <value>0x6cc7</value>
         <object_component_ref idref="oc-291"/>
      </symbol>
      <symbol id="sm-7d5">
         <name>_lock</name>
         <value>0x20000ec8</value>
         <object_component_ref idref="oc-101"/>
      </symbol>
      <symbol id="sm-7d6">
         <name>_unlock</name>
         <value>0x20000ecc</value>
         <object_component_ref idref="oc-101"/>
      </symbol>
      <symbol id="sm-7d7">
         <name>_register_lock</name>
         <value>0x6cbf</value>
         <object_component_ref idref="oc-291"/>
      </symbol>
      <symbol id="sm-7d8">
         <name>_register_unlock</name>
         <value>0x6cb9</value>
         <object_component_ref idref="oc-291"/>
      </symbol>
      <symbol id="sm-7ec">
         <name>_args_main</name>
         <value>0x6c65</value>
         <object_component_ref idref="oc-8d"/>
      </symbol>
      <symbol id="sm-816">
         <name>__TI_auto_init</name>
         <value>0x5efd</value>
         <object_component_ref idref="oc-87"/>
      </symbol>
      <symbol id="sm-830">
         <name>copy_in</name>
         <value>0x6625</value>
         <object_component_ref idref="oc-e8"/>
      </symbol>
      <symbol id="sm-83a">
         <name>__aeabi_idiv0</name>
         <value>0x5c43</value>
         <object_component_ref idref="oc-608"/>
      </symbol>
      <symbol id="sm-844">
         <name>_system_post_cinit</name>
         <value>0x6307</value>
         <object_component_ref idref="oc-ee"/>
      </symbol>
      <symbol id="sm-86c">
         <name>uDMAEnable</name>
         <value>0x6d69</value>
         <object_component_ref idref="oc-1b4"/>
      </symbol>
      <symbol id="sm-86d">
         <name>uDMAControlBaseSet</name>
         <value>0x6dc9</value>
         <object_component_ref idref="oc-1ae"/>
      </symbol>
      <symbol id="sm-87a">
         <name>UARTClockSourceSet</name>
         <value>0x6e1b</value>
         <object_component_ref idref="oc-369"/>
      </symbol>
      <symbol id="sm-8a1">
         <name>TimerLoadSet</name>
         <value>0x6d15</value>
         <object_component_ref idref="oc-340"/>
      </symbol>
      <symbol id="sm-8a2">
         <name>TimerEnable</name>
         <value>0x6d95</value>
         <object_component_ref idref="oc-34c"/>
      </symbol>
      <symbol id="sm-8a3">
         <name>TimerControlTrigger</name>
         <value>0x6c4d</value>
         <object_component_ref idref="oc-346"/>
      </symbol>
      <symbol id="sm-8a4">
         <name>TimerConfigure</name>
         <value>0x6b39</value>
         <object_component_ref idref="oc-334"/>
      </symbol>
      <symbol id="sm-8d1">
         <name>SysCtlDelay</name>
         <value>0x6e15</value>
         <object_component_ref idref="oc-1ad"/>
      </symbol>
      <symbol id="sm-8d2">
         <name>SysCtlPeripheralEnable</name>
         <value>0x697d</value>
         <object_component_ref idref="oc-1a7"/>
      </symbol>
      <symbol id="sm-8d3">
         <name>SysCtlClockGet</name>
         <value>0x541d</value>
         <object_component_ref idref="oc-33a"/>
      </symbol>
      <symbol id="sm-90f">
         <name>SSIDataGet</name>
         <value>0x6db1</value>
         <object_component_ref idref="oc-be"/>
      </symbol>
      <symbol id="sm-910">
         <name>SSIIntClear</name>
         <value>0x6e27</value>
         <object_component_ref idref="oc-c4"/>
      </symbol>
      <symbol id="sm-911">
         <name>SSIIntStatus</name>
         <value>0x6de9</value>
         <object_component_ref idref="oc-b8"/>
      </symbol>
      <symbol id="sm-912">
         <name>SSIConfigSetExpClk</name>
         <value>0x67d9</value>
         <object_component_ref idref="oc-38f"/>
      </symbol>
      <symbol id="sm-913">
         <name>SSIIntEnable</name>
         <value>0x6dfb</value>
         <object_component_ref idref="oc-1e4"/>
      </symbol>
      <symbol id="sm-914">
         <name>SSIEnable</name>
         <value>0x6ddf</value>
         <object_component_ref idref="oc-395"/>
      </symbol>
      <symbol id="sm-923">
         <name>MPUEnable</name>
         <value>0x6d59</value>
         <object_component_ref idref="oc-171"/>
      </symbol>
      <symbol id="sm-95b">
         <name>IntEnable</name>
         <value>0x6369</value>
         <object_component_ref idref="oc-1ea"/>
      </symbol>
      <symbol id="sm-95c">
         <name>IntDisable</name>
         <value>0x6309</value>
         <object_component_ref idref="oc-1f6"/>
      </symbol>
      <symbol id="sm-99c">
         <name>GPIOPinConfigure</name>
         <value>0x66bd</value>
         <object_component_ref idref="oc-383"/>
      </symbol>
      <symbol id="sm-99d">
         <name>GPIOPinTypeGPIOOutput</name>
         <value>0x6cdf</value>
         <object_component_ref idref="oc-328"/>
      </symbol>
      <symbol id="sm-99e">
         <name>GPIODirModeSet</name>
         <value>0x6a3d</value>
         <object_component_ref idref="oc-4fc"/>
      </symbol>
      <symbol id="sm-99f">
         <name>GPIOPinWrite</name>
         <value>0x6e03</value>
         <object_component_ref idref="oc-32e"/>
      </symbol>
      <symbol id="sm-9a0">
         <name>GPIOPadConfigSet</name>
         <value>0x5363</value>
         <object_component_ref idref="oc-4f6"/>
      </symbol>
      <symbol id="sm-9a1">
         <name>GPIOPinTypeSSI</name>
         <value>0x6cf1</value>
         <object_component_ref idref="oc-389"/>
      </symbol>
      <symbol id="sm-9b7">
         <name>FPULazyStackingEnable</name>
         <value>0x6d49</value>
         <object_component_ref idref="oc-16b"/>
      </symbol>
      <symbol id="sm-9b8">
         <name>FPUEnable</name>
         <value>0x6d39</value>
         <object_component_ref idref="oc-165"/>
      </symbol>
      <symbol id="sm-9ee">
         <name>ADCSequenceEnable</name>
         <value>0x6d79</value>
         <object_component_ref idref="oc-31c"/>
      </symbol>
      <symbol id="sm-9ef">
         <name>ADCSequenceConfigure</name>
         <value>0x6a11</value>
         <object_component_ref idref="oc-310"/>
      </symbol>
      <symbol id="sm-9f0">
         <name>ADCIntEnable</name>
         <value>0x6d27</value>
         <object_component_ref idref="oc-322"/>
      </symbol>
      <symbol id="sm-9f1">
         <name>ADCSequenceStepConfigure</name>
         <value>0x5e8d</value>
         <object_component_ref idref="oc-316"/>
      </symbol>
      <symbol id="sm-9f2">
         <name>ADCHardwareOversampleConfigure</name>
         <value>0x6ccd</value>
         <object_component_ref idref="oc-30a"/>
      </symbol>
      <symbol id="sm-a13">
         <name>g_sFontCm20</name>
         <value>0x89fc</value>
         <object_component_ref idref="oc-21b"/>
      </symbol>
      <symbol id="sm-a25">
         <name>g_sFontCm14</name>
         <value>0x8934</value>
         <object_component_ref idref="oc-45d"/>
      </symbol>
      <symbol id="sm-a37">
         <name>g_sFontCm12</name>
         <value>0x886c</value>
         <object_component_ref idref="oc-487"/>
      </symbol>
      <symbol id="sm-b29">
         <name>g_sRoot</name>
         <value>0x20000e68</value>
         <object_component_ref idref="oc-225"/>
      </symbol>
      <symbol id="sm-b2a">
         <name>WidgetMessageQueueAdd</name>
         <value>0x5001</value>
         <object_component_ref idref="oc-1cc"/>
      </symbol>
      <symbol id="sm-b2b">
         <name>WidgetMessageSendPostOrder</name>
         <value>0x54d1</value>
         <object_component_ref idref="oc-3a8"/>
      </symbol>
      <symbol id="sm-b2c">
         <name>WidgetAdd</name>
         <value>0x6bab</value>
         <object_component_ref idref="oc-1c6"/>
      </symbol>
      <symbol id="sm-b2d">
         <name>WidgetRemove</name>
         <value>0x65d9</value>
         <object_component_ref idref="oc-585"/>
      </symbol>
      <symbol id="sm-b2e">
         <name>WidgetDefaultMsgProc</name>
         <value>0x6e2b</value>
         <object_component_ref idref="oc-3fc"/>
      </symbol>
      <symbol id="sm-b2f">
         <name>WidgetMutexPut</name>
         <value>0x6e21</value>
         <object_component_ref idref="oc-35a"/>
      </symbol>
      <symbol id="sm-b30">
         <name>WidgetMessageQueueProcess</name>
         <value>0x61dd</value>
         <object_component_ref idref="oc-1f0"/>
      </symbol>
      <symbol id="sm-b31">
         <name>WidgetMutexGet</name>
         <value>0x6ca5</value>
         <object_component_ref idref="oc-359"/>
      </symbol>
      <symbol id="sm-b32">
         <name>WidgetPointerMessage</name>
         <value>0x6c31</value>
         <object_component_ref idref="oc-21f"/>
      </symbol>
      <symbol id="sm-b33">
         <name>WidgetMessageSendPreOrder</name>
         <value>0x64d9</value>
         <object_component_ref idref="oc-3a2"/>
      </symbol>
      <symbol id="sm-c66">
         <name>GrFontInfoGet</name>
         <value>0x6b61</value>
         <object_component_ref idref="oc-2f7"/>
      </symbol>
      <symbol id="sm-c67">
         <name>GrDefaultStringRenderer</name>
         <value>0x51dd</value>
         <object_component_ref idref="oc-2c1"/>
      </symbol>
      <symbol id="sm-c68">
         <name>GrFontGlyphRender</name>
         <value>0x3137</value>
         <object_component_ref idref="oc-4b2"/>
      </symbol>
      <symbol id="sm-c69">
         <name>GrFontHeightGet</name>
         <value>0x6a91</value>
         <object_component_ref idref="oc-631"/>
      </symbol>
      <symbol id="sm-c6a">
         <name>GrContextFontSet</name>
         <value>0x6e09</value>
         <object_component_ref idref="oc-18f"/>
      </symbol>
      <symbol id="sm-c6b">
         <name>GrFontGlyphDataGet</name>
         <value>0x6bcf</value>
         <object_component_ref idref="oc-2f1"/>
      </symbol>
      <symbol id="sm-c6c">
         <name>GrStringDraw</name>
         <value>0x6d03</value>
         <object_component_ref idref="oc-1a1"/>
      </symbol>
      <symbol id="sm-c6d">
         <name>GrFontCodepageGet</name>
         <value>0x6c13</value>
         <object_component_ref idref="oc-4ca"/>
      </symbol>
      <symbol id="sm-c6e">
         <name>GrStringNextCharGet</name>
         <value>0x6abb</value>
         <object_component_ref idref="oc-2eb"/>
      </symbol>
      <symbol id="sm-c6f">
         <name>GrStringWidthGet</name>
         <value>0x5fdb</value>
         <object_component_ref idref="oc-195"/>
      </symbol>
      <symbol id="sm-c70">
         <name>GrFontBaselineGet</name>
         <value>0x6a67</value>
         <object_component_ref idref="oc-19b"/>
      </symbol>
      <symbol id="sm-c8c">
         <name>GrRectFill</name>
         <value>0x5a41</value>
         <object_component_ref idref="oc-183"/>
      </symbol>
      <symbol id="sm-c8d">
         <name>GrRectDraw</name>
         <value>0x60ad</value>
         <object_component_ref idref="oc-189"/>
      </symbol>
      <symbol id="sm-cc5">
         <name>RectangularButtonMsgProc</name>
         <value>0x6bf1</value>
         <object_component_ref idref="oc-409"/>
      </symbol>
      <symbol id="sm-d28">
         <name>GrLineDrawH</name>
         <value>0x674d</value>
         <object_component_ref idref="oc-2d6"/>
      </symbol>
      <symbol id="sm-d29">
         <name>GrLineDrawV</name>
         <value>0x6793</value>
         <object_component_ref idref="oc-2dc"/>
      </symbol>
      <symbol id="sm-d2a">
         <name>GrLineDraw</name>
         <value>0x4d0d</value>
         <object_component_ref idref="oc-481"/>
      </symbol>
      <symbol id="sm-e11">
         <name>GrImageDraw</name>
         <value>0x6d87</value>
         <object_component_ref idref="oc-61f"/>
      </symbol>
      <symbol id="sm-e40">
         <name>GrContextInit</name>
         <value>0x6115</value>
         <object_component_ref idref="oc-17d"/>
      </symbol>
      <symbol id="sm-e41">
         <name>GrContextClipRegionSet</name>
         <value>0x62a5</value>
         <object_component_ref idref="oc-619"/>
      </symbol>
      <symbol id="sm-e42">
         <name>g_psDefaultCodePointMapTable</name>
         <value>0x8ca0</value>
         <object_component_ref idref="oc-2c7"/>
      </symbol>
      <symbol id="sm-e85">
         <name>GrCircleFill</name>
         <value>0x42a5</value>
         <object_component_ref idref="oc-25c"/>
      </symbol>
      <symbol id="sm-e92">
         <name>GrMapISO8859_1_Unicode</name>
         <value>0x6df3</value>
         <object_component_ref idref="oc-4b9"/>
      </symbol>
      <symbol id="sm-eb8">
         <name>CanvasMsgProc</name>
         <value>0x6c7d</value>
         <object_component_ref idref="oc-41e"/>
      </symbol>
      <symbol id="sm-eb9">
         <name>__TI_static_base__</name>
         <value>0x0</value>
      </symbol>
      <symbol id="sm-ebc">
         <name>SHT$$INIT_ARRAY$$Limit</name>
         <value>0x0</value>
      </symbol>
      <symbol id="sm-ebd">
         <name>SHT$$INIT_ARRAY$$Base</name>
         <value>0x0</value>
      </symbol>
   </symbol_table>
   <title>Link successful</title>
</link_info>
